core_cm7.h:2229:22:SCB_EnableICache	4	static,ignoring_inline_asm
core_cm7.h:2281:22:SCB_EnableDCache	24	static,ignoring_inline_asm
main.c:163:5:main	48	static
main.c:272:6:SystemClock_Config	232	static
main.c:334:13:MX_DMA2D_Init	8	static
main.c:373:13:MX_DSIHOST_DSI_Init	176	static
main.c:482:13:MX_LTDC_Init	112	static
main.c:564:13:MX_SPI2_Init	8	static
main.c:604:13:MX_USART6_UART_Init	8	static
main.c:639:13:MX_DMA_Init	16	static
main.c:654:13:MX_FMC_Init	40	static
main.c:705:13:MX_GPIO_Init	72	static
main.c:734:13:LCD_Config	16	static
main.c:753:6:get_joystick_master_SPI_sdr	64	static
main.c:784:6:cannon_master_rcv	48	static
main.c:870:6:cannon_slave_rcv	56	static
main.c:954:6:invaders_sdr	88	static
main.c:1100:6:send_slave_UART	32	static
main.c:1135:6:receive_slave_joystick_UART	48	static
main.c:1206:6:DMA1_Stream6_IRQHandler	8	static
main.c:1211:6:HAL_UART_TxCpltCallback	16	static
main.c:1218:6:HAL_UART_TxHalfCpltCallback	16	static
main.c:1225:6:HAL_UART_RxCpltCallback	16	static
main.c:1232:6:HAL_UART_RxHalfCpltCallback	16	static
main.c:1248:6:StartIdleTask	16	static
main.c:1268:6:HAL_TIM_PeriodElapsedCallback	16	static
main.c:1285:6:Error_Handler	8	static
