stm32f7xx_hal_msp.c:67:6:HAL_MspInit	16	static
stm32f7xx_hal_msp.c:91:6:HAL_DMA2D_MspInit	24	static
stm32f7xx_hal_msp.c:113:6:HAL_DMA2D_MspDeInit	16	static
stm32f7xx_hal_msp.c:135:6:HAL_DSI_MspInit	48	static
stm32f7xx_hal_msp.c:170:6:HAL_DSI_MspDeInit	16	static
stm32f7xx_hal_msp.c:198:6:HAL_LTDC_MspInit	24	static
stm32f7xx_hal_msp.c:220:6:HAL_LTDC_MspDeInit	16	static
stm32f7xx_hal_msp.c:242:6:HAL_SPI_MspInit	48	static
stm32f7xx_hal_msp.c:287:6:HAL_SPI_MspDeInit	16	static
stm32f7xx_hal_msp.c:319:6:HAL_UART_MspInit	48	static
stm32f7xx_hal_msp.c:395:6:HAL_UART_MspDeInit	16	static
stm32f7xx_hal_msp.c:426:13:HAL_FMC_MspInit	32	static
stm32f7xx_hal_msp.c:561:6:HAL_SDRAM_MspInit	16	static
stm32f7xx_hal_msp.c:573:13:HAL_FMC_MspDeInit	8	static
stm32f7xx_hal_msp.c:672:6:HAL_SDRAM_MspDeInit	16	static
