Archive member included to satisfy reference by file (symbol)

c:/st/stm32cubeide_1.0.0/stm32cubeide/plugins/com.st.stm32cube.ide.mcu.externaltools.gnu-tools-for-stm32.7-2018-q2-update.win32_1.0.0.201904181610/tools/bin/../lib/gcc/arm-none-eabi/7.3.1/../../../../arm-none-eabi/lib/thumb/v7e-m/fpv5/hard\libc_nano.a(lib_a-errno.o)
                              Src/syscalls.o (__errno)
c:/st/stm32cubeide_1.0.0/stm32cubeide/plugins/com.st.stm32cube.ide.mcu.externaltools.gnu-tools-for-stm32.7-2018-q2-update.win32_1.0.0.201904181610/tools/bin/../lib/gcc/arm-none-eabi/7.3.1/../../../../arm-none-eabi/lib/thumb/v7e-m/fpv5/hard\libc_nano.a(lib_a-exit.o)
                              c:/st/stm32cubeide_1.0.0/stm32cubeide/plugins/com.st.stm32cube.ide.mcu.externaltools.gnu-tools-for-stm32.7-2018-q2-update.win32_1.0.0.201904181610/tools/bin/../lib/gcc/arm-none-eabi/7.3.1/../../../../arm-none-eabi/lib/thumb/v7e-m/fpv5/hard/crt0.o (exit)
c:/st/stm32cubeide_1.0.0/stm32cubeide/plugins/com.st.stm32cube.ide.mcu.externaltools.gnu-tools-for-stm32.7-2018-q2-update.win32_1.0.0.201904181610/tools/bin/../lib/gcc/arm-none-eabi/7.3.1/../../../../arm-none-eabi/lib/thumb/v7e-m/fpv5/hard\libc_nano.a(lib_a-impure.o)
                              c:/st/stm32cubeide_1.0.0/stm32cubeide/plugins/com.st.stm32cube.ide.mcu.externaltools.gnu-tools-for-stm32.7-2018-q2-update.win32_1.0.0.201904181610/tools/bin/../lib/gcc/arm-none-eabi/7.3.1/../../../../arm-none-eabi/lib/thumb/v7e-m/fpv5/hard\libc_nano.a(lib_a-exit.o) (_global_impure_ptr)
c:/st/stm32cubeide_1.0.0/stm32cubeide/plugins/com.st.stm32cube.ide.mcu.externaltools.gnu-tools-for-stm32.7-2018-q2-update.win32_1.0.0.201904181610/tools/bin/../lib/gcc/arm-none-eabi/7.3.1/../../../../arm-none-eabi/lib/thumb/v7e-m/fpv5/hard\libc_nano.a(lib_a-init.o)
                              c:/st/stm32cubeide_1.0.0/stm32cubeide/plugins/com.st.stm32cube.ide.mcu.externaltools.gnu-tools-for-stm32.7-2018-q2-update.win32_1.0.0.201904181610/tools/bin/../lib/gcc/arm-none-eabi/7.3.1/../../../../arm-none-eabi/lib/thumb/v7e-m/fpv5/hard/crt0.o (__libc_init_array)
c:/st/stm32cubeide_1.0.0/stm32cubeide/plugins/com.st.stm32cube.ide.mcu.externaltools.gnu-tools-for-stm32.7-2018-q2-update.win32_1.0.0.201904181610/tools/bin/../lib/gcc/arm-none-eabi/7.3.1/../../../../arm-none-eabi/lib/thumb/v7e-m/fpv5/hard\libc_nano.a(lib_a-memcpy-stub.o)
                              Middlewares/Third_Party/FreeRTOS/Source/queue.o (memcpy)
c:/st/stm32cubeide_1.0.0/stm32cubeide/plugins/com.st.stm32cube.ide.mcu.externaltools.gnu-tools-for-stm32.7-2018-q2-update.win32_1.0.0.201904181610/tools/bin/../lib/gcc/arm-none-eabi/7.3.1/../../../../arm-none-eabi/lib/thumb/v7e-m/fpv5/hard\libc_nano.a(lib_a-memset.o)
                              c:/st/stm32cubeide_1.0.0/stm32cubeide/plugins/com.st.stm32cube.ide.mcu.externaltools.gnu-tools-for-stm32.7-2018-q2-update.win32_1.0.0.201904181610/tools/bin/../lib/gcc/arm-none-eabi/7.3.1/../../../../arm-none-eabi/lib/thumb/v7e-m/fpv5/hard/crt0.o (memset)
c:/st/stm32cubeide_1.0.0/stm32cubeide/plugins/com.st.stm32cube.ide.mcu.externaltools.gnu-tools-for-stm32.7-2018-q2-update.win32_1.0.0.201904181610/tools/bin/../lib/gcc/arm-none-eabi/7.3.1/thumb/v7e-m/fpv5/hard\libgcc.a(_aeabi_uldivmod.o)
                              Drivers/STM32F7xx_HAL_Driver/Src/stm32f7xx_hal_rcc.o (__aeabi_uldivmod)
c:/st/stm32cubeide_1.0.0/stm32cubeide/plugins/com.st.stm32cube.ide.mcu.externaltools.gnu-tools-for-stm32.7-2018-q2-update.win32_1.0.0.201904181610/tools/bin/../lib/gcc/arm-none-eabi/7.3.1/thumb/v7e-m/fpv5/hard\libgcc.a(_udivmoddi4.o)
                              c:/st/stm32cubeide_1.0.0/stm32cubeide/plugins/com.st.stm32cube.ide.mcu.externaltools.gnu-tools-for-stm32.7-2018-q2-update.win32_1.0.0.201904181610/tools/bin/../lib/gcc/arm-none-eabi/7.3.1/thumb/v7e-m/fpv5/hard\libgcc.a(_aeabi_uldivmod.o) (__udivmoddi4)
c:/st/stm32cubeide_1.0.0/stm32cubeide/plugins/com.st.stm32cube.ide.mcu.externaltools.gnu-tools-for-stm32.7-2018-q2-update.win32_1.0.0.201904181610/tools/bin/../lib/gcc/arm-none-eabi/7.3.1/thumb/v7e-m/fpv5/hard\libgcc.a(_dvmd_tls.o)
                              c:/st/stm32cubeide_1.0.0/stm32cubeide/plugins/com.st.stm32cube.ide.mcu.externaltools.gnu-tools-for-stm32.7-2018-q2-update.win32_1.0.0.201904181610/tools/bin/../lib/gcc/arm-none-eabi/7.3.1/thumb/v7e-m/fpv5/hard\libgcc.a(_aeabi_uldivmod.o) (__aeabi_ldiv0)

Allocating common symbols
Common symbol       size              file

sdramHandle         0x34              Drivers/BSP/STM32F769I-Discovery/stm32f769i_discovery_sdram.o
invader             0x14a             Src/main.o
hdma_usart6_rx      0x60              Src/main.o
x                   0x64              Src/main.o
xQueue_joy_slave_2  0x4               Src/main.o
data2send           0x4               Src/main.o
IdleTaskHandle      0x4               Src/main.o
data2receive        0xc8              Src/main.o
hdsi                0x1c              Src/main.o
[...]
Memory Configuration

Name             Origin             Length             Attributes
FLASH            0x0000000008000000 0x0000000000200000 xr
RAM              0x0000000020000000 0x0000000000080000 xrw
*default*        0x0000000000000000 0xffffffffffffffff

Linker script and memory map

LOAD c:/st/stm32cubeide_1.0.0/stm32cubeide/plugins/com.st.stm32cube.ide.mcu.externaltools.gnu-tools-for-stm32.7-2018-q2-update.win32_1.0.0.201904181610/tools/bin/../lib/gcc/arm-none-eabi/7.3.1/thumb/v7e-m/fpv5/hard/crti.o
LOAD c:/st/stm32cubeide_1.0.0/stm32cubeide/plugins/com.st.stm32cube.ide.mcu.externaltools.gnu-tools-for-stm32.7-2018-q2-update.win32_1.0.0.201904181610/tools/bin/../lib/gcc/arm-none-eabi/7.3.1/thumb/v7e-m/fpv5/hard/crtbegin.o
LOAD c:/st/stm32cubeide_1.0.0/stm32cubeide/plugins/com.st.stm32cube.ide.mcu.externaltools.gnu-tools-for-stm32.7-2018-q2-update.win32_1.0.0.201904181610/tools/bin/../lib/gcc/arm-none-eabi/7.3.1/../../../../arm-none-eabi/lib/thumb/v7e-m/fpv5/hard/crt0.o
LOAD Drivers/BSP/Components/adv7533/adv7533.o
LOAD Drivers/BSP/Components/exc7200/exc7200.o
LOAD Drivers/BSP/Components/ft5336/ft5336.o
LOAD Drivers/BSP/Components/ft6x06/ft6x06.o
LOAD Drivers/BSP/Components/mfxstm32l152/mfxstm32l152.o
LOAD Drivers/BSP/Components/otm8009a/otm8009a.o
LOAD Drivers/BSP/Components/ov9655/ov9655.o
LOAD Drivers/BSP/Components/s5k5cag/s5k5cag.o
LOAD Drivers/BSP/Components/st7735/st7735.o
LOAD Drivers/BSP/Components/st7789h2/st7789h2.o
LOAD Drivers/BSP/Components/stmpe811/stmpe811.o
LOAD Drivers/BSP/Components/ts3510/ts3510.o
LOAD Drivers/BSP/Components/wm8994/wm8994.o
LOAD Drivers/BSP/STM32F769I-Discovery/stm32f769i_discovery.o
LOAD Drivers/BSP/STM32F769I-Discovery/stm32f769i_discovery_eeprom.o
LOAD Drivers/BSP/STM32F769I-Discovery/stm32f769i_discovery_lcd.o
LOAD Drivers/BSP/STM32F769I-Discovery/stm32f769i_discovery_sdram.o
LOAD Drivers/BSP/STM32F769I-Discovery/stm32f769i_discovery_ts.o
LOAD Drivers/STM32F7xx_HAL_Driver/Src/stm32f7xx_hal.o
LOAD Drivers/STM32F7xx_HAL_Driver/Src/stm32f7xx_hal_adc.o
LOAD Drivers/STM32F7xx_HAL_Driver/Src/stm32f7xx_hal_adc_ex.o
LOAD Drivers/STM32F7xx_HAL_Driver/Src/stm32f7xx_hal_cortex.o
LOAD Drivers/STM32F7xx_HAL_Driver/Src/stm32f7xx_hal_dma.o
LOAD Drivers/STM32F7xx_HAL_Driver/Src/stm32f7xx_hal_dma2d.o
LOAD Drivers/STM32F7xx_HAL_Driver/Src/stm32f7xx_hal_dma_ex.o
LOAD Drivers/STM32F7xx_HAL_Driver/Src/stm32f7xx_hal_dsi.o
LOAD Drivers/STM32F7xx_HAL_Driver/Src/stm32f7xx_hal_exti.o
LOAD Drivers/STM32F7xx_HAL_Driver/Src/stm32f7xx_hal_flash.o
LOAD Drivers/STM32F7xx_HAL_Driver/Src/stm32f7xx_hal_flash_ex.o
LOAD Drivers/STM32F7xx_HAL_Driver/Src/stm32f7xx_hal_gpio.o
LOAD Drivers/STM32F7xx_HAL_Driver/Src/stm32f7xx_hal_i2c.o
LOAD Drivers/STM32F7xx_HAL_Driver/Src/stm32f7xx_hal_i2c_ex.o
LOAD Drivers/STM32F7xx_HAL_Driver/Src/stm32f7xx_hal_ltdc.o
LOAD Drivers/STM32F7xx_HAL_Driver/Src/stm32f7xx_hal_ltdc_ex.o
LOAD Drivers/STM32F7xx_HAL_Driver/Src/stm32f7xx_hal_pwr.o
LOAD Drivers/STM32F7xx_HAL_Driver/Src/stm32f7xx_hal_pwr_ex.o
LOAD Drivers/STM32F7xx_HAL_Driver/Src/stm32f7xx_hal_rcc.o
LOAD Drivers/STM32F7xx_HAL_Driver/Src/stm32f7xx_hal_rcc_ex.o
LOAD Drivers/STM32F7xx_HAL_Driver/Src/stm32f7xx_hal_sdram.o
LOAD Drivers/STM32F7xx_HAL_Driver/Src/stm32f7xx_hal_tim.o
LOAD Drivers/STM32F7xx_HAL_Driver/Src/stm32f7xx_hal_tim_ex.o
LOAD Drivers/STM32F7xx_HAL_Driver/Src/stm32f7xx_hal_uart.o
LOAD Drivers/STM32F7xx_HAL_Driver/Src/stm32f7xx_hal_uart_ex.o
LOAD Drivers/STM32F7xx_HAL_Driver/Src/stm32f7xx_ll_fmc.o
LOAD Middlewares/Third_Party/FreeRTOS/Source/CMSIS_RTOS/cmsis_os.o
LOAD Middlewares/Third_Party/FreeRTOS/Source/croutine.o
LOAD Middlewares/Third_Party/FreeRTOS/Source/event_groups.o
LOAD Middlewares/Third_Party/FreeRTOS/Source/list.o
LOAD Middlewares/Third_Party/FreeRTOS/Source/queue.o
LOAD Middlewares/Third_Party/FreeRTOS/Source/stream_buffer.o
LOAD Middlewares/Third_Party/FreeRTOS/Source/tasks.o
LOAD Middlewares/Third_Party/FreeRTOS/Source/timers.o
LOAD Middlewares/Third_Party/FreeRTOS/Source/portable/GCC/ARM_CM7/r0p1/port.o
LOAD Middlewares/Third_Party/FreeRTOS/Source/portable/MemMang/heap_4.o
LOAD Src/freertos.o
LOAD Src/main.o
LOAD Src/stm32f7xx_hal_msp.o
LOAD Src/stm32f7xx_hal_timebase_tim.o
LOAD Src/stm32f7xx_it.o
LOAD Src/syscalls.o
LOAD Src/sysmem.o
LOAD Src/system_stm32f7xx.o
LOAD Startup/startup_stm32f769nihx.o
START GROUP
LOAD c:/st/stm32cubeide_1.0.0/stm32cubeide/plugins/com.st.stm32cube.ide.mcu.externaltools.gnu-tools-for-stm32.7-2018-q2-update.win32_1.0.0.201904181610/tools/bin/../lib/gcc/arm-none-eabi/7.3.1/../../../../arm-none-eabi/lib/thumb/v7e-m/fpv5/hard\libc_nano.a
LOAD c:/st/stm32cubeide_1.0.0/stm32cubeide/plugins/com.st.stm32cube.ide.mcu.externaltools.gnu-tools-for-stm32.7-2018-q2-update.win32_1.0.0.201904181610/tools/bin/../lib/gcc/arm-none-eabi/7.3.1/../../../../arm-none-eabi/lib/thumb/v7e-m/fpv5/hard\libm.a
END GROUP
START GROUP
LOAD c:/st/stm32cubeide_1.0.0/stm32cubeide/plugins/com.st.stm32cube.ide.mcu.externaltools.gnu-tools-for-stm32.7-2018-q2-update.win32_1.0.0.201904181610/tools/bin/../lib/gcc/arm-none-eabi/7.3.1/thumb/v7e-m/fpv5/hard\libgcc.a
LOAD c:/st/stm32cubeide_1.0.0/stm32cubeide/plugins/com.st.stm32cube.ide.mcu.externaltools.gnu-tools-for-stm32.7-2018-q2-update.win32_1.0.0.201904181610/tools/bin/../lib/gcc/arm-none-eabi/7.3.1/../../../../arm-none-eabi/lib/thumb/v7e-m/fpv5/hard\libc_nano.a
END GROUP
START GROUP
LOAD c:/st/stm32cubeide_1.0.0/stm32cubeide/plugins/com.st.stm32cube.ide.mcu.externaltools.gnu-tools-for-stm32.7-2018-q2-update.win32_1.0.0.201904181610/tools/bin/../lib/gcc/arm-none-eabi/7.3.1/thumb/v7e-m/fpv5/hard\libgcc.a
LOAD c:/st/stm32cubeide_1.0.0/stm32cubeide/plugins/com.st.stm32cube.ide.mcu.externaltools.gnu-tools-for-stm32.7-2018-q2-update.win32_1.0.0.201904181610/tools/bin/../lib/gcc/arm-none-eabi/7.3.1/../../../../arm-none-eabi/lib/thumb/v7e-m/fpv5/hard\libc_nano.a
LOAD c:/st/stm32cubeide_1.0.0/stm32cubeide/plugins/com.st.stm32cube.ide.mcu.externaltools.gnu-tools-for-stm32.7-2018-q2-update.win32_1.0.0.201904181610/tools/bin/../lib/gcc/arm-none-eabi/7.3.1/../../../../arm-none-eabi/lib/thumb/v7e-m/fpv5/hard\libnosys.a
END GROUP
START GROUP
LOAD c:/st/stm32cubeide_1.0.0/stm32cubeide/plugins/com.st.stm32cube.ide.mcu.externaltools.gnu-tools-for-stm32.7-2018-q2-update.win32_1.0.0.201904181610/tools/bin/../lib/gcc/arm-none-eabi/7.3.1/thumb/v7e-m/fpv5/hard\libgcc.a
LOAD c:/st/stm32cubeide_1.0.0/stm32cubeide/plugins/com.st.stm32cube.ide.mcu.externaltools.gnu-tools-for-stm32.7-2018-q2-update.win32_1.0.0.201904181610/tools/bin/../lib/gcc/arm-none-eabi/7.3.1/../../../../arm-none-eabi/lib/thumb/v7e-m/fpv5/hard\libc_nano.a
LOAD c:/st/stm32cubeide_1.0.0/stm32cubeide/plugins/com.st.stm32cube.ide.mcu.externaltools.gnu-tools-for-stm32.7-2018-q2-update.win32_1.0.0.201904181610/tools/bin/../lib/gcc/arm-none-eabi/7.3.1/../../../../arm-none-eabi/lib/thumb/v7e-m/fpv5/hard\libnosys.a
END GROUP
LOAD c:/st/stm32cubeide_1.0.0/stm32cubeide/plugins/com.st.stm32cube.ide.mcu.externaltools.gnu-tools-for-stm32.7-2018-q2-update.win32_1.0.0.201904181610/tools/bin/../lib/gcc/arm-none-eabi/7.3.1/thumb/v7e-m/fpv5/hard/crtend.o
LOAD c:/st/stm32cubeide_1.0.0/stm32cubeide/plugins/com.st.stm32cube.ide.mcu.externaltools.gnu-tools-for-stm32.7-2018-q2-update.win32_1.0.0.201904181610/tools/bin/../lib/gcc/arm-none-eabi/7.3.1/thumb/v7e-m/fpv5/hard/crtn.o
                0x000000002007ffff                _estack = 0x2007ffff
                0x0000000000000200                _Min_Heap_Size = 0x200
                0x0000000000000400                _Min_Stack_Size = 0x400

.isr_vector     0x0000000008000000      0x1f8
                0x0000000008000000                . = ALIGN (0x4)
 *(.isr_vector)
 .isr_vector    0x0000000008000000      0x1f8 Startup/startup_stm32f769nihx.o
                0x0000000008000000                g_pfnVectors
                0x00000000080001f8                . = ALIGN (0x4)

.text           0x0000000008000200     0xa6d4
                0x0000000008000200                . = ALIGN (0x4)
 *(.text)
 .text          0x0000000008000200       0x40 c:/st/stm32cubeide_1.0.0/stm32cubeide/plugins/com.st.stm32cube.ide.mcu.externaltools.gnu-tools-for-stm32.7-2018-q2-update.win32_1.0.0.201904181610/tools/bin/../lib/gcc/arm-none-eabi/7.3.1/thumb/v7e-m/fpv5/hard/crtbegin.o
 .text          0x0000000008000240       0x30 c:/st/stm32cubeide_1.0.0/stm32cubeide/plugins/com.st.stm32cube.ide.mcu.externaltools.gnu-tools-for-stm32.7-2018-q2-update.win32_1.0.0.201904181610/tools/bin/../lib/gcc/arm-none-eabi/7.3.1/thumb/v7e-m/fpv5/hard\libgcc.a(_aeabi_uldivmod.o)
                0x0000000008000240                __aeabi_uldivmod
 .text          0x0000000008000270      0x2cc c:/st/stm32cubeide_1.0.0/stm32cubeide/plugins/com.st.stm32cube.ide.mcu.externaltools.gnu-tools-for-stm32.7-2018-q2-update.win32_1.0.0.201904181610/tools/bin/../lib/gcc/arm-none-eabi/7.3.1/thumb/v7e-m/fpv5/hard\libgcc.a(_udivmoddi4.o)
                0x0000000008000270                __udivmoddi4
 .text          0x000000000800053c        0x4 c:/st/stm32cubeide_1.0.0/stm32cubeide/plugins/com.st.stm32cube.ide.mcu.externaltools.gnu-tools-for-stm32.7-2018-q2-update.win32_1.0.0.201904181610/tools/bin/../lib/gcc/arm-none-eabi/7.3.1/thumb/v7e-m/fpv5/hard\libgcc.a(_dvmd_tls.o)
                0x000000000800053c                __aeabi_idiv0
                0x000000000800053c                __aeabi_ldiv0
 *(.text*)
 .text.OTM8009A_Init
                0x0000000008000540      0x4ac Drivers/BSP/Components/otm8009a/otm8009a.o
                0x0000000008000540                OTM8009A_Init
 .text.BSP_LED_Init
                0x00000000080009ec       0x60 Drivers/BSP/STM32F769I-Discovery/stm32f769i_discovery.o
                0x00000000080009ec                BSP_LED_Init
 .text.BSP_LED_On
                0x0000000008000a4c       0x34 Drivers/BSP/STM32F769I-Discovery/stm32f769i_discovery.o
                0x0000000008000a4c                BSP_LED_On
 .text.OTM8009A_IO_Delay
                0x0000000008000a80       0x16 Drivers/BSP/STM32F769I-Discovery/stm32f769i_discovery.o
                0x0000000008000a80                OTM8009A_IO_Delay
 .text.BSP_LCD_Init
                0x0000000008000a96       0x10 Drivers/BSP/STM32F769I-Discovery/stm32f769i_discovery_lcd.o
                0x0000000008000a96                BSP_LCD_Init
 *fill*         0x0000000008000aa6        0x2 
 .text.BSP_LCD_InitEx
                0x0000000008000aa8      0x288 Drivers/BSP/STM32F769I-Discovery/stm32f769i_discovery_lcd.o
                0x0000000008000aa8                BSP_LCD_InitEx
 .text.BSP_LCD_Reset
                0x0000000008000d30       0x70 Drivers/BSP/STM32F769I-Discovery/stm32f769i_discovery_lcd.o
                0x0000000008000d30                BSP_LCD_Reset
 .text.BSP_LCD_GetXSize
                0x0000000008000da0       0x18 Drivers/BSP/STM32F769I-Discovery/stm32f769i_discovery_lcd.o
                0x0000000008000da0                BSP_LCD_GetXSize
 .text.BSP_LCD_GetYSize
                0x0000000008000db8       0x18 Drivers/BSP/STM32F769I-Discovery/stm32f769i_discovery_lcd.o
                0x0000000008000db8                BSP_LCD_GetYSize
 .text.BSP_LCD_LayerDefaultInit
                0x0000000008000dd0       0xc0 Drivers/BSP/STM32F769I-Discovery/stm32f769i_discovery_lcd.o
                0x0000000008000dd0                BSP_LCD_LayerDefaultInit
 .text.BSP_LCD_SetTextColor
                0x0000000008000e90       0x30 Drivers/BSP/STM32F769I-Discovery/stm32f769i_discovery_lcd.o
                0x0000000008000e90                BSP_LCD_SetTextColor
 .text.BSP_LCD_SetFont
                0x0000000008000ec0       0x34 Drivers/BSP/STM32F769I-Discovery/stm32f769i_discovery_lcd.o
                0x0000000008000ec0                BSP_LCD_SetFont
 .text.BSP_LCD_Clear
                0x0000000008000ef4       0x50 Drivers/BSP/STM32F769I-Discovery/stm32f769i_discovery_lcd.o
                0x0000000008000ef4                BSP_LCD_Clear
 .text.DSI_IO_WriteCmd
                0x0000000008000f44       0x54 Drivers/BSP/STM32F769I-Discovery/stm32f769i_discovery_lcd.o
                0x0000000008000f44                DSI_IO_WriteCmd
 .text.LCD_IO_GetID
                0x0000000008000f98       0x10 Drivers/BSP/STM32F769I-Discovery/stm32f769i_discovery_lcd.o
 .text.BSP_LCD_MspInit
                0x0000000008000fa8       0xd4 Drivers/BSP/STM32F769I-Discovery/stm32f769i_discovery_lcd.o
                0x0000000008000fa8                BSP_LCD_MspInit
 .text.LL_FillBuffer
                0x000000000800107c       0x70 Drivers/BSP/STM32F769I-Discovery/stm32f769i_discovery_lcd.o
 .text.BSP_SDRAM_Init
                0x00000000080010ec       0xbc Drivers/BSP/STM32F769I-Discovery/stm32f769i_discovery_sdram.o
                0x00000000080010ec                BSP_SDRAM_Init
 .text.BSP_SDRAM_Initialization_sequence
                0x00000000080011a8       0xc0 Drivers/BSP/STM32F769I-Discovery/stm32f769i_discovery_sdram.o
                0x00000000080011a8                BSP_SDRAM_Initialization_sequence
 .text.BSP_SDRAM_MspInit
                0x0000000008001268      0x1f4 Drivers/BSP/STM32F769I-Discovery/stm32f769i_discovery_sdram.o
                0x0000000008001268                BSP_SDRAM_MspInit
 .text.HAL_Init
                0x000000000800145c       0x1a Drivers/STM32F7xx_HAL_Driver/Src/stm32f7xx_hal.o
                0x000000000800145c                HAL_Init
 *fill*         0x0000000008001476        0x2 
 .text.HAL_IncTick
                0x0000000008001478       0x28 Drivers/STM32F7xx_HAL_Driver/Src/stm32f7xx_hal.o
                0x0000000008001478                HAL_IncTick
 .text.HAL_GetTick
                0x00000000080014a0       0x18 Drivers/STM32F7xx_HAL_Driver/Src/stm32f7xx_hal.o
                0x00000000080014a0                HAL_GetTick
 .text.HAL_Delay
                0x00000000080014b8       0x44 Drivers/STM32F7xx_HAL_Driver/Src/stm32f7xx_hal.o
                0x00000000080014b8                HAL_Delay
 .text.HAL_ADC_Init
                0x00000000080014fc       0x88 Drivers/STM32F7xx_HAL_Driver/Src/stm32f7xx_hal_adc.o
                0x00000000080014fc                HAL_ADC_Init
 .text.HAL_ADC_Start_DMA
                0x0000000008001584      0x1dc Drivers/STM32F7xx_HAL_Driver/Src/stm32f7xx_hal_adc.o
                0x0000000008001584                HAL_ADC_Start_DMA
 .text.HAL_ADC_ConvCpltCallback
                0x0000000008001760       0x14 Drivers/STM32F7xx_HAL_Driver/Src/stm32f7xx_hal_adc.o
                0x0000000008001760                HAL_ADC_ConvCpltCallback
 .text.HAL_ADC_ConvHalfCpltCallback
                0x0000000008001774       0x14 Drivers/STM32F7xx_HAL_Driver/Src/stm32f7xx_hal_adc.o
                0x0000000008001774                HAL_ADC_ConvHalfCpltCallback
 .text.HAL_ADC_ErrorCallback
                0x0000000008001788       0x14 Drivers/STM32F7xx_HAL_Driver/Src/stm32f7xx_hal_adc.o
                0x0000000008001788                HAL_ADC_ErrorCallback
 .text.HAL_ADC_ConfigChannel
                0x000000000800179c      0x268 Drivers/STM32F7xx_HAL_Driver/Src/stm32f7xx_hal_adc.o
                0x000000000800179c                HAL_ADC_ConfigChannel
 .text.ADC_Init
                0x0000000008001a04      0x1f4 Drivers/STM32F7xx_HAL_Driver/Src/stm32f7xx_hal_adc.o
 .text.ADC_DMAConvCplt
                0x0000000008001bf8       0xba Drivers/STM32F7xx_HAL_Driver/Src/stm32f7xx_hal_adc.o
 .text.ADC_DMAHalfConvCplt
                0x0000000008001cb2       0x1c Drivers/STM32F7xx_HAL_Driver/Src/stm32f7xx_hal_adc.o
 .text.ADC_DMAError
                0x0000000008001cce       0x2e Drivers/STM32F7xx_HAL_Driver/Src/stm32f7xx_hal_adc.o
 .text.HAL_ADCEx_InjectedConfigChannel
                0x0000000008001cfc      0x31c Drivers/STM32F7xx_HAL_Driver/Src/stm32f7xx_hal_adc_ex.o
                0x0000000008001cfc                HAL_ADCEx_InjectedConfigChannel
 .text.__NVIC_SetPriorityGrouping
                0x0000000008002018       0x48 Drivers/STM32F7xx_HAL_Driver/Src/stm32f7xx_hal_cortex.o
 .text.__NVIC_GetPriorityGrouping
                0x0000000008002060       0x1c Drivers/STM32F7xx_HAL_Driver/Src/stm32f7xx_hal_cortex.o
 .text.__NVIC_EnableIRQ
                0x000000000800207c       0x3c Drivers/STM32F7xx_HAL_Driver/Src/stm32f7xx_hal_cortex.o
 .text.__NVIC_SetPriority
                0x00000000080020b8       0x54 Drivers/STM32F7xx_HAL_Driver/Src/stm32f7xx_hal_cortex.o
 .text.NVIC_EncodePriority
                0x000000000800210c       0x66 Drivers/STM32F7xx_HAL_Driver/Src/stm32f7xx_hal_cortex.o
 .text.HAL_NVIC_SetPriorityGrouping
                0x0000000008002172       0x16 Drivers/STM32F7xx_HAL_Driver/Src/stm32f7xx_hal_cortex.o
                0x0000000008002172                HAL_NVIC_SetPriorityGrouping
 .text.HAL_NVIC_SetPriority
                0x0000000008002188       0x38 Drivers/STM32F7xx_HAL_Driver/Src/stm32f7xx_hal_cortex.o
                0x0000000008002188                HAL_NVIC_SetPriority
 .text.HAL_NVIC_EnableIRQ
                0x00000000080021c0       0x1c Drivers/STM32F7xx_HAL_Driver/Src/stm32f7xx_hal_cortex.o
                0x00000000080021c0                HAL_NVIC_EnableIRQ
 .text.HAL_DMA_Init
                0x00000000080021dc      0x15c Drivers/STM32F7xx_HAL_Driver/Src/stm32f7xx_hal_dma.o
                0x00000000080021dc                HAL_DMA_Init
 .text.HAL_DMA_DeInit
                0x0000000008002338       0xbc Drivers/STM32F7xx_HAL_Driver/Src/stm32f7xx_hal_dma.o
                0x0000000008002338                HAL_DMA_DeInit
 .text.HAL_DMA_Start_IT
                0x00000000080023f4       0xc0 Drivers/STM32F7xx_HAL_Driver/Src/stm32f7xx_hal_dma.o
                0x00000000080023f4                HAL_DMA_Start_IT
 .text.HAL_DMA_Abort_IT
                0x00000000080024b4       0x44 Drivers/STM32F7xx_HAL_Driver/Src/stm32f7xx_hal_dma.o
                0x00000000080024b4                HAL_DMA_Abort_IT
 .text.HAL_DMA_IRQHandler
                0x00000000080024f8      0x314 Drivers/STM32F7xx_HAL_Driver/Src/stm32f7xx_hal_dma.o
                0x00000000080024f8                HAL_DMA_IRQHandler
 .text.DMA_SetConfig
                0x000000000800280c       0x5c Drivers/STM32F7xx_HAL_Driver/Src/stm32f7xx_hal_dma.o
 .text.DMA_CalcBaseAndBitshift
                0x0000000008002868       0x6c Drivers/STM32F7xx_HAL_Driver/Src/stm32f7xx_hal_dma.o
 .text.DMA_CheckFifoParam
                0x00000000080028d4       0xf4 Drivers/STM32F7xx_HAL_Driver/Src/stm32f7xx_hal_dma.o
 .text.HAL_DMA2D_Init
                0x00000000080029c8       0xb4 Drivers/STM32F7xx_HAL_Driver/Src/stm32f7xx_hal_dma2d.o
                0x00000000080029c8                HAL_DMA2D_Init
 .text.HAL_DMA2D_Start
                0x0000000008002a7c       0x56 Drivers/STM32F7xx_HAL_Driver/Src/stm32f7xx_hal_dma2d.o
                0x0000000008002a7c                HAL_DMA2D_Start
 .text.HAL_DMA2D_PollForTransfer
                0x0000000008002ad2      0x1d2 Drivers/STM32F7xx_HAL_Driver/Src/stm32f7xx_hal_dma2d.o
                0x0000000008002ad2                HAL_DMA2D_PollForTransfer
 .text.HAL_DMA2D_ConfigLayer
                0x0000000008002ca4      0x13c Drivers/STM32F7xx_HAL_Driver/Src/stm32f7xx_hal_dma2d.o
                0x0000000008002ca4                HAL_DMA2D_ConfigLayer
 .text.DMA2D_SetConfig
                0x0000000008002de0      0x138 Drivers/STM32F7xx_HAL_Driver/Src/stm32f7xx_hal_dma2d.o
 .text.DSI_ConfigPacketHeader
                0x0000000008002f18       0x32 Drivers/STM32F7xx_HAL_Driver/Src/stm32f7xx_hal_dsi.o
 .text.DSI_ShortWrite
                0x0000000008002f4a       0x5e Drivers/STM32F7xx_HAL_Driver/Src/stm32f7xx_hal_dsi.o
 .text.HAL_DSI_Init
                0x0000000008002fa8      0x234 Drivers/STM32F7xx_HAL_Driver/Src/stm32f7xx_hal_dsi.o
                0x0000000008002fa8                HAL_DSI_Init
 .text.HAL_DSI_DeInit
                0x00000000080031dc       0xe8 Drivers/STM32F7xx_HAL_Driver/Src/stm32f7xx_hal_dsi.o
                0x00000000080031dc                HAL_DSI_DeInit
 .text.HAL_DSI_ConfigErrorMonitor
                0x00000000080032c4      0x178 Drivers/STM32F7xx_HAL_Driver/Src/stm32f7xx_hal_dsi.o
                0x00000000080032c4                HAL_DSI_ConfigErrorMonitor
 .text.HAL_DSI_SetGenericVCID
                0x000000000800343c       0x50 Drivers/STM32F7xx_HAL_Driver/Src/stm32f7xx_hal_dsi.o
                0x000000000800343c                HAL_DSI_SetGenericVCID
 .text.HAL_DSI_ConfigVideoMode
                0x000000000800348c      0x400 Drivers/STM32F7xx_HAL_Driver/Src/stm32f7xx_hal_dsi.o
                0x000000000800348c                HAL_DSI_ConfigVideoMode
 .text.HAL_DSI_ConfigAdaptedCommandMode
                0x000000000800388c      0x1b4 Drivers/STM32F7xx_HAL_Driver/Src/stm32f7xx_hal_dsi.o
                0x000000000800388c                HAL_DSI_ConfigAdaptedCommandMode
 .text.HAL_DSI_ConfigCommand
                0x0000000008003a40       0xbc Drivers/STM32F7xx_HAL_Driver/Src/stm32f7xx_hal_dsi.o
                0x0000000008003a40                HAL_DSI_ConfigCommand
 .text.HAL_DSI_ConfigFlowControl
                0x0000000008003afc       0x50 Drivers/STM32F7xx_HAL_Driver/Src/stm32f7xx_hal_dsi.o
                0x0000000008003afc                HAL_DSI_ConfigFlowControl
 .text.HAL_DSI_ConfigPhyTimer
                0x0000000008003b4c       0xd4 Drivers/STM32F7xx_HAL_Driver/Src/stm32f7xx_hal_dsi.o
                0x0000000008003b4c                HAL_DSI_ConfigPhyTimer
 .text.HAL_DSI_ConfigHostTimeouts
                0x0000000008003c20      0x190 Drivers/STM32F7xx_HAL_Driver/Src/stm32f7xx_hal_dsi.o
                0x0000000008003c20                HAL_DSI_ConfigHostTimeouts
 .text.HAL_DSI_Start
                0x0000000008003db0       0x78 Drivers/STM32F7xx_HAL_Driver/Src/stm32f7xx_hal_dsi.o
                0x0000000008003db0                HAL_DSI_Start
 .text.HAL_DSI_ShortWrite
                0x0000000008003e28       0x44 Drivers/STM32F7xx_HAL_Driver/Src/stm32f7xx_hal_dsi.o
                0x0000000008003e28                HAL_DSI_ShortWrite
 .text.HAL_DSI_LongWrite
                0x0000000008003e6c      0x130 Drivers/STM32F7xx_HAL_Driver/Src/stm32f7xx_hal_dsi.o
                0x0000000008003e6c                HAL_DSI_LongWrite
 .text.HAL_DSI_SetLowPowerRXFilter
                0x0000000008003f9c       0x5a Drivers/STM32F7xx_HAL_Driver/Src/stm32f7xx_hal_dsi.o
                0x0000000008003f9c                HAL_DSI_SetLowPowerRXFilter
 *fill*         0x0000000008003ff6        0x2 
 .text.HAL_GPIO_Init
                0x0000000008003ff8      0x354 Drivers/STM32F7xx_HAL_Driver/Src/stm32f7xx_hal_gpio.o
                0x0000000008003ff8                HAL_GPIO_Init
 .text.HAL_GPIO_DeInit
                0x000000000800434c      0x214 Drivers/STM32F7xx_HAL_Driver/Src/stm32f7xx_hal_gpio.o
                0x000000000800434c                HAL_GPIO_DeInit
 .text.HAL_GPIO_ReadPin
                0x0000000008004560       0x30 Drivers/STM32F7xx_HAL_Driver/Src/stm32f7xx_hal_gpio.o
                0x0000000008004560                HAL_GPIO_ReadPin
 .text.HAL_GPIO_WritePin
                0x0000000008004590       0x32 Drivers/STM32F7xx_HAL_Driver/Src/stm32f7xx_hal_gpio.o
                0x0000000008004590                HAL_GPIO_WritePin
 *fill*         0x00000000080045c2        0x2 
 .text.HAL_LTDC_Init
                0x00000000080045c4      0x1a0 Drivers/STM32F7xx_HAL_Driver/Src/stm32f7xx_hal_ltdc.o
                0x00000000080045c4                HAL_LTDC_Init
 .text.HAL_LTDC_ConfigLayer
                0x0000000008004764       0x7c Drivers/STM32F7xx_HAL_Driver/Src/stm32f7xx_hal_ltdc.o
                0x0000000008004764                HAL_LTDC_ConfigLayer
 .text.LTDC_SetConfig
                0x00000000080047e0      0x334 Drivers/STM32F7xx_HAL_Driver/Src/stm32f7xx_hal_ltdc.o
 .text.HAL_LTDCEx_StructInitFromVideoConfig
                0x0000000008004b14       0xa0 Drivers/STM32F7xx_HAL_Driver/Src/stm32f7xx_hal_ltdc_ex.o
                0x0000000008004b14                HAL_LTDCEx_StructInitFromVideoConfig
 .text.HAL_PWREx_EnableOverDrive
                0x0000000008004bb4       0xa0 Drivers/STM32F7xx_HAL_Driver/Src/stm32f7xx_hal_pwr_ex.o
                0x0000000008004bb4                HAL_PWREx_EnableOverDrive
 .text.HAL_RCC_OscConfig
                0x0000000008004c54      0x4e4 Drivers/STM32F7xx_HAL_Driver/Src/stm32f7xx_hal_rcc.o
                0x0000000008004c54                HAL_RCC_OscConfig
 .text.HAL_RCC_ClockConfig
                0x0000000008005138      0x1d0 Drivers/STM32F7xx_HAL_Driver/Src/stm32f7xx_hal_rcc.o
                0x0000000008005138                HAL_RCC_ClockConfig
 .text.HAL_RCC_GetSysClockFreq
                0x0000000008005308      0x164 Drivers/STM32F7xx_HAL_Driver/Src/stm32f7xx_hal_rcc.o
                0x0000000008005308                HAL_RCC_GetSysClockFreq
 .text.HAL_RCC_GetHCLKFreq
                0x000000000800546c       0x18 Drivers/STM32F7xx_HAL_Driver/Src/stm32f7xx_hal_rcc.o
                0x000000000800546c                HAL_RCC_GetHCLKFreq
 .text.HAL_RCC_GetPCLK1Freq
                0x0000000008005484       0x28 Drivers/STM32F7xx_HAL_Driver/Src/stm32f7xx_hal_rcc.o
                0x0000000008005484                HAL_RCC_GetPCLK1Freq
 .text.HAL_RCC_GetPCLK2Freq
                0x00000000080054ac       0x28 Drivers/STM32F7xx_HAL_Driver/Src/stm32f7xx_hal_rcc.o
                0x00000000080054ac                HAL_RCC_GetPCLK2Freq
 .text.HAL_RCC_GetClockConfig
                0x00000000080054d4       0x64 Drivers/STM32F7xx_HAL_Driver/Src/stm32f7xx_hal_rcc.o
                0x00000000080054d4                HAL_RCC_GetClockConfig
 .text.HAL_RCCEx_PeriphCLKConfig
                0x0000000008005538      0x84c Drivers/STM32F7xx_HAL_Driver/Src/stm32f7xx_hal_rcc_ex.o
                0x0000000008005538                HAL_RCCEx_PeriphCLKConfig
 .text.HAL_SDRAM_Init
                0x0000000008005d84       0x68 Drivers/STM32F7xx_HAL_Driver/Src/stm32f7xx_hal_sdram.o
                0x0000000008005d84                HAL_SDRAM_Init
 .text.HAL_SDRAM_SendCommand
                0x0000000008005dec       0x56 Drivers/STM32F7xx_HAL_Driver/Src/stm32f7xx_hal_sdram.o
                0x0000000008005dec                HAL_SDRAM_SendCommand
 .text.HAL_SDRAM_ProgramRefreshRate
                0x0000000008005e42       0x40 Drivers/STM32F7xx_HAL_Driver/Src/stm32f7xx_hal_sdram.o
                0x0000000008005e42                HAL_SDRAM_ProgramRefreshRate
 .text.HAL_TIM_Base_Init
                0x0000000008005e82       0x56 Drivers/STM32F7xx_HAL_Driver/Src/stm32f7xx_hal_tim.o
                0x0000000008005e82                HAL_TIM_Base_Init
 .text.HAL_TIM_Base_MspInit
                0x0000000008005ed8       0x14 Drivers/STM32F7xx_HAL_Driver/Src/stm32f7xx_hal_tim.o
                0x0000000008005ed8                HAL_TIM_Base_MspInit
 .text.HAL_TIM_Base_Start_IT
                0x0000000008005eec       0x54 Drivers/STM32F7xx_HAL_Driver/Src/stm32f7xx_hal_tim.o
                0x0000000008005eec                HAL_TIM_Base_Start_IT
 .text.HAL_TIM_IRQHandler
                0x0000000008005f40      0x23e Drivers/STM32F7xx_HAL_Driver/Src/stm32f7xx_hal_tim.o
                0x0000000008005f40                HAL_TIM_IRQHandler
 .text.HAL_TIM_OC_DelayElapsedCallback
                0x000000000800617e       0x14 Drivers/STM32F7xx_HAL_Driver/Src/stm32f7xx_hal_tim.o
                0x000000000800617e                HAL_TIM_OC_DelayElapsedCallback
 .text.HAL_TIM_IC_CaptureCallback
                0x0000000008006192       0x14 Drivers/STM32F7xx_HAL_Driver/Src/stm32f7xx_hal_tim.o
                0x0000000008006192                HAL_TIM_IC_CaptureCallback
 .text.HAL_TIM_PWM_PulseFinishedCallback
                0x00000000080061a6       0x14 Drivers/STM32F7xx_HAL_Driver/Src/stm32f7xx_hal_tim.o
                0x00000000080061a6                HAL_TIM_PWM_PulseFinishedCallback
 .text.HAL_TIM_TriggerCallback
                0x00000000080061ba       0x14 Drivers/STM32F7xx_HAL_Driver/Src/stm32f7xx_hal_tim.o
                0x00000000080061ba                HAL_TIM_TriggerCallback
 *fill*         0x00000000080061ce        0x2 
 .text.TIM_Base_SetConfig
                0x00000000080061d0      0x140 Drivers/STM32F7xx_HAL_Driver/Src/stm32f7xx_hal_tim.o
                0x00000000080061d0                TIM_Base_SetConfig
 .text.HAL_TIMEx_CommutCallback
                0x0000000008006310       0x14 Drivers/STM32F7xx_HAL_Driver/Src/stm32f7xx_hal_tim_ex.o
                0x0000000008006310                HAL_TIMEx_CommutCallback
 .text.HAL_TIMEx_BreakCallback
                0x0000000008006324       0x14 Drivers/STM32F7xx_HAL_Driver/Src/stm32f7xx_hal_tim_ex.o
                0x0000000008006324                HAL_TIMEx_BreakCallback
 .text.HAL_TIMEx_Break2Callback
                0x0000000008006338       0x14 Drivers/STM32F7xx_HAL_Driver/Src/stm32f7xx_hal_tim_ex.o
                0x0000000008006338                HAL_TIMEx_Break2Callback
 .text.HAL_UART_Init
                0x000000000800634c       0x9c Drivers/STM32F7xx_HAL_Driver/Src/stm32f7xx_hal_uart.o
                0x000000000800634c                HAL_UART_Init
 .text.HAL_UART_Transmit_DMA
                0x00000000080063e8       0xf8 Drivers/STM32F7xx_HAL_Driver/Src/stm32f7xx_hal_uart.o
                0x00000000080063e8                HAL_UART_Transmit_DMA
 .text.HAL_UART_Receive_DMA
                0x00000000080064e0      0x108 Drivers/STM32F7xx_HAL_Driver/Src/stm32f7xx_hal_uart.o
                0x00000000080064e0                HAL_UART_Receive_DMA
 .text.HAL_UART_IRQHandler
                0x00000000080065e8      0x238 Drivers/STM32F7xx_HAL_Driver/Src/stm32f7xx_hal_uart.o
                0x00000000080065e8                HAL_UART_IRQHandler
 .text.HAL_UART_RxCpltCallback
                0x0000000008006820       0x14 Drivers/STM32F7xx_HAL_Driver/Src/stm32f7xx_hal_uart.o
                0x0000000008006820                HAL_UART_RxCpltCallback
 .text.HAL_UART_RxHalfCpltCallback
                0x0000000008006834       0x14 Drivers/STM32F7xx_HAL_Driver/Src/stm32f7xx_hal_uart.o
                0x0000000008006834                HAL_UART_RxHalfCpltCallback
 .text.HAL_UART_ErrorCallback
                0x0000000008006848       0x14 Drivers/STM32F7xx_HAL_Driver/Src/stm32f7xx_hal_uart.o
                0x0000000008006848                HAL_UART_ErrorCallback
 .text.UART_SetConfig
                0x000000000800685c      0x548 Drivers/STM32F7xx_HAL_Driver/Src/stm32f7xx_hal_uart.o
                0x000000000800685c                UART_SetConfig
 .text.UART_AdvFeatureConfig
                0x0000000008006da4      0x144 Drivers/STM32F7xx_HAL_Driver/Src/stm32f7xx_hal_uart.o
                0x0000000008006da4                UART_AdvFeatureConfig
 .text.UART_CheckIdleState
                0x0000000008006ee8       0x5e Drivers/STM32F7xx_HAL_Driver/Src/stm32f7xx_hal_uart.o
                0x0000000008006ee8                UART_CheckIdleState
 .text.UART_WaitOnFlagUntilTimeout
                0x0000000008006f46       0x90 Drivers/STM32F7xx_HAL_Driver/Src/stm32f7xx_hal_uart.o
                0x0000000008006f46                UART_WaitOnFlagUntilTimeout
 .text.UART_EndTxTransfer
                0x0000000008006fd6       0x2a Drivers/STM32F7xx_HAL_Driver/Src/stm32f7xx_hal_uart.o
 .text.UART_EndRxTransfer
                0x0000000008007000       0x40 Drivers/STM32F7xx_HAL_Driver/Src/stm32f7xx_hal_uart.o
 .text.UART_DMATransmitCplt
                0x0000000008007040       0x50 Drivers/STM32F7xx_HAL_Driver/Src/stm32f7xx_hal_uart.o
 .text.UART_DMATxHalfCplt
                0x0000000008007090       0x1c Drivers/STM32F7xx_HAL_Driver/Src/stm32f7xx_hal_uart.o
 .text.UART_DMAReceiveCplt
                0x00000000080070ac       0x64 Drivers/STM32F7xx_HAL_Driver/Src/stm32f7xx_hal_uart.o
 .text.UART_DMARxHalfCplt
                0x0000000008007110       0x1c Drivers/STM32F7xx_HAL_Driver/Src/stm32f7xx_hal_uart.o
 .text.UART_DMAError
                0x000000000800712c       0x78 Drivers/STM32F7xx_HAL_Driver/Src/stm32f7xx_hal_uart.o
 .text.UART_DMAAbortOnError
                0x00000000080071a4       0x2c Drivers/STM32F7xx_HAL_Driver/Src/stm32f7xx_hal_uart.o
 .text.UART_EndTransmit_IT
                0x00000000080071d0       0x32 Drivers/STM32F7xx_HAL_Driver/Src/stm32f7xx_hal_uart.o
 *fill*         0x0000000008007202        0x2 
 .text.FMC_SDRAM_Init
                0x0000000008007204       0xe4 Drivers/STM32F7xx_HAL_Driver/Src/stm32f7xx_ll_fmc.o
                0x0000000008007204                FMC_SDRAM_Init
 .text.FMC_SDRAM_Timing_Init
                0x00000000080072e8      0x100 Drivers/STM32F7xx_HAL_Driver/Src/stm32f7xx_ll_fmc.o
                0x00000000080072e8                FMC_SDRAM_Timing_Init
 .text.FMC_SDRAM_SendCommand
                0x00000000080073e8       0x42 Drivers/STM32F7xx_HAL_Driver/Src/stm32f7xx_ll_fmc.o
                0x00000000080073e8                FMC_SDRAM_SendCommand
 .text.FMC_SDRAM_ProgramRefreshRate
                0x000000000800742a       0x26 Drivers/STM32F7xx_HAL_Driver/Src/stm32f7xx_ll_fmc.o
                0x000000000800742a                FMC_SDRAM_ProgramRefreshRate
 .text.makeFreeRtosPriority
                0x0000000008007450       0x30 Middlewares/Third_Party/FreeRTOS/Source/CMSIS_RTOS/cmsis_os.o
 .text.osKernelStart
                0x0000000008007480        0xe Middlewares/Third_Party/FreeRTOS/Source/CMSIS_RTOS/cmsis_os.o
                0x0000000008007480                osKernelStart
 .text.osThreadCreate
                0x000000000800748e       0x4e Middlewares/Third_Party/FreeRTOS/Source/CMSIS_RTOS/cmsis_os.o
                0x000000000800748e                osThreadCreate
 .text.osDelay  0x00000000080074dc       0x28 Middlewares/Third_Party/FreeRTOS/Source/CMSIS_RTOS/cmsis_os.o
                0x00000000080074dc                osDelay
 .text.vListInitialise
                0x0000000008007504       0x40 Middlewares/Third_Party/FreeRTOS/Source/list.o
                0x0000000008007504                vListInitialise
 .text.vListInitialiseItem
                0x0000000008007544       0x1a Middlewares/Third_Party/FreeRTOS/Source/list.o
                0x0000000008007544                vListInitialiseItem
 .text.vListInsertEnd
                0x000000000800755e       0x48 Middlewares/Third_Party/FreeRTOS/Source/list.o
                0x000000000800755e                vListInsertEnd
 .text.vListInsert
                0x00000000080075a6       0x72 Middlewares/Third_Party/FreeRTOS/Source/list.o
                0x00000000080075a6                vListInsert
 .text.uxListRemove
                0x0000000008007618       0x54 Middlewares/Third_Party/FreeRTOS/Source/list.o
                0x0000000008007618                uxListRemove
 .text.xQueueGenericReset
                0x000000000800766c       0xd4 Middlewares/Third_Party/FreeRTOS/Source/queue.o
                0x000000000800766c                xQueueGenericReset
 .text.xQueueGenericCreate
                0x0000000008007740       0x76 Middlewares/Third_Party/FreeRTOS/Source/queue.o
                0x0000000008007740                xQueueGenericCreate
 .text.prvInitialiseNewQueue
                0x00000000080077b6       0x3e Middlewares/Third_Party/FreeRTOS/Source/queue.o
 .text.xQueueGenericSend
                0x00000000080077f4      0x204 Middlewares/Third_Party/FreeRTOS/Source/queue.o
                0x00000000080077f4                xQueueGenericSend
 .text.xQueueReceive
                0x00000000080079f8      0x1c4 Middlewares/Third_Party/FreeRTOS/Source/queue.o
                0x00000000080079f8                xQueueReceive
 .text.prvCopyDataToQueue
                0x0000000008007bbc       0xd4 Middlewares/Third_Party/FreeRTOS/Source/queue.o
 .text.prvCopyDataFromQueue
                0x0000000008007c90       0x4c Middlewares/Third_Party/FreeRTOS/Source/queue.o
 .text.prvUnlockQueue
                0x0000000008007cdc       0xa4 Middlewares/Third_Party/FreeRTOS/Source/queue.o
 .text.prvIsQueueEmpty
                0x0000000008007d80       0x2c Middlewares/Third_Party/FreeRTOS/Source/queue.o
 .text.prvIsQueueFull
                0x0000000008007dac       0x30 Middlewares/Third_Party/FreeRTOS/Source/queue.o
 .text.xTaskCreate
                0x0000000008007ddc       0x82 Middlewares/Third_Party/FreeRTOS/Source/tasks.o
                0x0000000008007ddc                xTaskCreate
 .text.prvInitialiseNewTask
                0x0000000008007e5e      0x100 Middlewares/Third_Party/FreeRTOS/Source/tasks.o
 *fill*         0x0000000008007f5e        0x2 
 .text.prvAddNewTaskToReadyList
                0x0000000008007f60       0xd4 Middlewares/Third_Party/FreeRTOS/Source/tasks.o
 .text.vTaskDelayUntil
                0x0000000008008034      0x100 Middlewares/Third_Party/FreeRTOS/Source/tasks.o
                0x0000000008008034                vTaskDelayUntil
 .text.vTaskDelay
                0x0000000008008134       0x6c Middlewares/Third_Party/FreeRTOS/Source/tasks.o
                0x0000000008008134                vTaskDelay
 .text.vTaskStartScheduler
                0x00000000080081a0       0x94 Middlewares/Third_Party/FreeRTOS/Source/tasks.o
                0x00000000080081a0                vTaskStartScheduler
 .text.vTaskSuspendAll
                0x0000000008008234       0x1c Middlewares/Third_Party/FreeRTOS/Source/tasks.o
                0x0000000008008234                vTaskSuspendAll
 .text.xTaskResumeAll
                0x0000000008008250      0x13c Middlewares/Third_Party/FreeRTOS/Source/tasks.o
                0x0000000008008250                xTaskResumeAll
 .text.xTaskGetTickCount
                0x000000000800838c       0x20 Middlewares/Third_Party/FreeRTOS/Source/tasks.o
                0x000000000800838c                xTaskGetTickCount
 .text.xTaskIncrementTick
                0x00000000080083ac      0x17c Middlewares/Third_Party/FreeRTOS/Source/tasks.o
                0x00000000080083ac                xTaskIncrementTick
 .text.vTaskSwitchContext
                0x0000000008008528       0xb8 Middlewares/Third_Party/FreeRTOS/Source/tasks.o
                0x0000000008008528                vTaskSwitchContext
 .text.vTaskPlaceOnEventList
                0x00000000080085e0       0x4c Middlewares/Third_Party/FreeRTOS/Source/tasks.o
                0x00000000080085e0                vTaskPlaceOnEventList
 .text.xTaskRemoveFromEventList
                0x000000000800862c       0xc8 Middlewares/Third_Party/FreeRTOS/Source/tasks.o
                0x000000000800862c                xTaskRemoveFromEventList
 .text.vTaskInternalSetTimeOutState
                0x00000000080086f4       0x2c Middlewares/Third_Party/FreeRTOS/Source/tasks.o
                0x00000000080086f4                vTaskInternalSetTimeOutState
 .text.xTaskCheckForTimeOut
                0x0000000008008720       0xc8 Middlewares/Third_Party/FreeRTOS/Source/tasks.o
                0x0000000008008720                xTaskCheckForTimeOut
 .text.vTaskMissedYield
                0x00000000080087e8       0x18 Middlewares/Third_Party/FreeRTOS/Source/tasks.o
                0x00000000080087e8                vTaskMissedYield
 .text.prvIdleTask
                0x0000000008008800       0x30 Middlewares/Third_Party/FreeRTOS/Source/tasks.o
 .text.prvInitialiseTaskLists
                0x0000000008008830       0x80 Middlewares/Third_Party/FreeRTOS/Source/tasks.o
 .text.prvCheckTasksWaitingTermination
                0x00000000080088b0       0x58 Middlewares/Third_Party/FreeRTOS/Source/tasks.o
 .text.prvDeleteTCB
                0x0000000008008908       0x20 Middlewares/Third_Party/FreeRTOS/Source/tasks.o
 .text.prvResetNextTaskUnblockTime
                0x0000000008008928       0x4c Middlewares/Third_Party/FreeRTOS/Source/tasks.o
 .text.xTaskGetSchedulerState
                0x0000000008008974       0x3c Middlewares/Third_Party/FreeRTOS/Source/tasks.o
                0x0000000008008974                xTaskGetSchedulerState
 .text.xTaskPriorityDisinherit
                0x00000000080089b0      0x110 Middlewares/Third_Party/FreeRTOS/Source/tasks.o
                0x00000000080089b0                xTaskPriorityDisinherit
 .text.prvAddCurrentTaskToDelayedList
                0x0000000008008ac0       0xcc Middlewares/Third_Party/FreeRTOS/Source/tasks.o
 .text.pxPortInitialiseStack
                0x0000000008008b8c       0x68 Middlewares/Third_Party/FreeRTOS/Source/portable/GCC/ARM_CM7/r0p1/port.o
                0x0000000008008b8c                pxPortInitialiseStack
 .text.prvTaskExitError
                0x0000000008008bf4       0x5c Middlewares/Third_Party/FreeRTOS/Source/portable/GCC/ARM_CM7/r0p1/port.o
 .text.SVC_Handler
                0x0000000008008c50       0x28 Middlewares/Third_Party/FreeRTOS/Source/portable/GCC/ARM_CM7/r0p1/port.o
                0x0000000008008c50                SVC_Handler
 .text.prvPortStartFirstTask
                0x0000000008008c78       0x28 Middlewares/Third_Party/FreeRTOS/Source/portable/GCC/ARM_CM7/r0p1/port.o
 .text.xPortStartScheduler
                0x0000000008008ca0       0xf8 Middlewares/Third_Party/FreeRTOS/Source/portable/GCC/ARM_CM7/r0p1/port.o
                0x0000000008008ca0                xPortStartScheduler
 .text.vPortEnterCritical
                0x0000000008008d98       0x64 Middlewares/Third_Party/FreeRTOS/Source/portable/GCC/ARM_CM7/r0p1/port.o
                0x0000000008008d98                vPortEnterCritical
 .text.vPortExitCritical
                0x0000000008008dfc       0x54 Middlewares/Third_Party/FreeRTOS/Source/portable/GCC/ARM_CM7/r0p1/port.o
                0x0000000008008dfc                vPortExitCritical
 .text.PendSV_Handler
                0x0000000008008e50       0x68 Middlewares/Third_Party/FreeRTOS/Source/portable/GCC/ARM_CM7/r0p1/port.o
                0x0000000008008e50                PendSV_Handler
 .text.SysTick_Handler
                0x0000000008008eb8       0x44 Middlewares/Third_Party/FreeRTOS/Source/portable/GCC/ARM_CM7/r0p1/port.o
                0x0000000008008eb8                SysTick_Handler
 .text.vPortSetupTimerInterrupt
                0x0000000008008efc       0x48 Middlewares/Third_Party/FreeRTOS/Source/portable/GCC/ARM_CM7/r0p1/port.o
                0x0000000008008efc                vPortSetupTimerInterrupt
 .text.vPortEnableVFP
                0x0000000008008f44       0x14 Middlewares/Third_Party/FreeRTOS/Source/portable/GCC/ARM_CM7/r0p1/port.o
 .text.pvPortMalloc
                0x0000000008008f58      0x190 Middlewares/Third_Party/FreeRTOS/Source/portable/MemMang/heap_4.o
                0x0000000008008f58                pvPortMalloc
 .text.vPortFree
                0x00000000080090e8       0xb8 Middlewares/Third_Party/FreeRTOS/Source/portable/MemMang/heap_4.o
                0x00000000080090e8                vPortFree
 .text.prvHeapInit
                0x00000000080091a0       0xc4 Middlewares/Third_Party/FreeRTOS/Source/portable/MemMang/heap_4.o
 .text.prvInsertBlockIntoFreeList
                0x0000000008009264       0xb4 Middlewares/Third_Party/FreeRTOS/Source/portable/MemMang/heap_4.o
 .text.SCB_EnableICache
                0x0000000008009318       0x40 Src/main.o
 .text.SCB_EnableDCache
                0x0000000008009358       0x80 Src/main.o
 .text.main     0x00000000080093d8      0x124 Src/main.o
                0x00000000080093d8                main
 .text.SystemClock_Config
                0x00000000080094fc      0x138 Src/main.o
                0x00000000080094fc                SystemClock_Config
 .text.MX_ADC1_Init
                0x0000000008009634       0xf0 Src/main.o
 .text.MX_DMA2D_Init
                0x0000000008009724       0x70 Src/main.o
 .text.MX_DSIHOST_DSI_Init
                0x0000000008009794      0x1e8 Src/main.o
 .text.MX_LTDC_Init
                0x000000000800997c      0x164 Src/main.o
 .text.MX_USART6_UART_Init
                0x0000000008009ae0       0x70 Src/main.o
 .text.MX_DMA_Init
                0x0000000008009b50       0x5c Src/main.o
 .text.MX_FMC_Init
                0x0000000008009bac       0x9c Src/main.o
 .text.MX_GPIO_Init
                0x0000000008009c48      0x13c Src/main.o
 .text.LCD_Config
                0x0000000008009d84       0x3a Src/main.o
 *fill*         0x0000000008009dbe        0x2 
 .text.get_x_joystick_ADC
                0x0000000008009dc0       0x58 Src/main.o
                0x0000000008009dc0                get_x_joystick_ADC
 .text.get_button_joystick_PIN
                0x0000000008009e18       0x78 Src/main.o
                0x0000000008009e18                get_button_joystick_PIN
 .text.send_master_UART
                0x0000000008009e90       0xac Src/main.o
                0x0000000008009e90                send_master_UART
 .text.receive_master_UART
                0x0000000008009f3c      0x11c Src/main.o
                0x0000000008009f3c                receive_master_UART
 .text.DMA1_Stream6_IRQHandler
                0x000000000800a058       0x14 Src/main.o
                0x000000000800a058                DMA1_Stream6_IRQHandler
 .text.HAL_UART_TxCpltCallback
                0x000000000800a06c       0x2c Src/main.o
                0x000000000800a06c                HAL_UART_TxCpltCallback
 .text.HAL_UART_TxHalfCpltCallback
                0x000000000800a098       0x2c Src/main.o
                0x000000000800a098                HAL_UART_TxHalfCpltCallback
 .text.StartIdleTask
                0x000000000800a0c4       0x10 Src/main.o
                0x000000000800a0c4                StartIdleTask
 .text.HAL_TIM_PeriodElapsedCallback
                0x000000000800a0d4       0x24 Src/main.o
                0x000000000800a0d4                HAL_TIM_PeriodElapsedCallback
 .text.Error_Handler
                0x000000000800a0f8        0xe Src/main.o
                0x000000000800a0f8                Error_Handler
 *fill*         0x000000000800a106        0x2 
 .text.HAL_MspInit
                0x000000000800a108       0x50 Src/stm32f7xx_hal_msp.o
                0x000000000800a108                HAL_MspInit
 .text.HAL_ADC_MspInit
                0x000000000800a158       0xe8 Src/stm32f7xx_hal_msp.o
                0x000000000800a158                HAL_ADC_MspInit
 .text.HAL_DMA2D_MspInit
                0x000000000800a240       0x40 Src/stm32f7xx_hal_msp.o
                0x000000000800a240                HAL_DMA2D_MspInit
 .text.HAL_DSI_MspInit
                0x000000000800a280       0x88 Src/stm32f7xx_hal_msp.o
                0x000000000800a280                HAL_DSI_MspInit
 .text.HAL_DSI_MspDeInit
                0x000000000800a308       0x3c Src/stm32f7xx_hal_msp.o
                0x000000000800a308                HAL_DSI_MspDeInit
 .text.HAL_LTDC_MspInit
                0x000000000800a344       0x40 Src/stm32f7xx_hal_msp.o
                0x000000000800a344                HAL_LTDC_MspInit
 .text.HAL_UART_MspInit
                0x000000000800a384      0x164 Src/stm32f7xx_hal_msp.o
                0x000000000800a384                HAL_UART_MspInit
 .text.HAL_FMC_MspInit
                0x000000000800a4e8      0x148 Src/stm32f7xx_hal_msp.o
 .text.HAL_SDRAM_MspInit
                0x000000000800a630       0x14 Src/stm32f7xx_hal_msp.o
                0x000000000800a630                HAL_SDRAM_MspInit
 .text.HAL_InitTick
                0x000000000800a644       0xb0 Src/stm32f7xx_hal_timebase_tim.o
                0x000000000800a644                HAL_InitTick
 .text.NMI_Handler
                0x000000000800a6f4        0xe Src/stm32f7xx_it.o
                0x000000000800a6f4                NMI_Handler
 .text.HardFault_Handler
                0x000000000800a702        0x6 Src/stm32f7xx_it.o
                0x000000000800a702                HardFault_Handler
 .text.MemManage_Handler
                0x000000000800a708        0x6 Src/stm32f7xx_it.o
                0x000000000800a708                MemManage_Handler
 .text.BusFault_Handler
                0x000000000800a70e        0x6 Src/stm32f7xx_it.o
                0x000000000800a70e                BusFault_Handler
 .text.UsageFault_Handler
                0x000000000800a714        0x6 Src/stm32f7xx_it.o
                0x000000000800a714                UsageFault_Handler
 .text.DebugMon_Handler
                0x000000000800a71a        0xe Src/stm32f7xx_it.o
                0x000000000800a71a                DebugMon_Handler
 .text.TIM7_IRQHandler
                0x000000000800a728       0x14 Src/stm32f7xx_it.o
                0x000000000800a728                TIM7_IRQHandler
 .text.DMA2_Stream1_IRQHandler
                0x000000000800a73c       0x14 Src/stm32f7xx_it.o
                0x000000000800a73c                DMA2_Stream1_IRQHandler
 .text.DMA2_Stream4_IRQHandler
                0x000000000800a750       0x14 Src/stm32f7xx_it.o
                0x000000000800a750                DMA2_Stream4_IRQHandler
 .text.DMA2_Stream6_IRQHandler
                0x000000000800a764       0x14 Src/stm32f7xx_it.o
                0x000000000800a764                DMA2_Stream6_IRQHandler
 .text.USART6_IRQHandler
                0x000000000800a778       0x14 Src/stm32f7xx_it.o
                0x000000000800a778                USART6_IRQHandler
 .text.SystemInit
                0x000000000800a78c       0x6c Src/system_stm32f7xx.o
                0x000000000800a78c                SystemInit
 .text.Reset_Handler
                0x000000000800a7f8       0x50 Startup/startup_stm32f769nihx.o
                0x000000000800a7f8                Reset_Handler
 .text.Default_Handler
                0x000000000800a848        0x2 Startup/startup_stm32f769nihx.o
                0x000000000800a848                RTC_Alarm_IRQHandler
                0x000000000800a848                EXTI2_IRQHandler
                0x000000000800a848                TIM8_CC_IRQHandler
                0x000000000800a848                UART8_IRQHandler
                0x000000000800a848                SPI4_IRQHandler
                0x000000000800a848                TIM1_CC_IRQHandler
                0x000000000800a848                DMA2_Stream5_IRQHandler
                0x000000000800a848                JPEG_IRQHandler
                0x000000000800a848                DMA1_Stream5_IRQHandler
                0x000000000800a848                CAN3_RX1_IRQHandler
                0x000000000800a848                PVD_IRQHandler
                0x000000000800a848                TAMP_STAMP_IRQHandler
                0x000000000800a848                CAN2_RX1_IRQHandler
                0x000000000800a848                EXTI3_IRQHandler
                0x000000000800a848                TIM8_TRG_COM_TIM14_IRQHandler
                0x000000000800a848                DFSDM1_FLT1_IRQHandler
                0x000000000800a848                TIM1_UP_TIM10_IRQHandler
                0x000000000800a848                TIM8_UP_TIM13_IRQHandler
                0x000000000800a848                I2C3_ER_IRQHandler
                0x000000000800a848                DFSDM1_FLT2_IRQHandler
                0x000000000800a848                EXTI0_IRQHandler
                0x000000000800a848                I2C2_EV_IRQHandler
                0x000000000800a848                DMA1_Stream2_IRQHandler
                0x000000000800a848                CAN1_RX0_IRQHandler
                0x000000000800a848                FPU_IRQHandler
                0x000000000800a848                OTG_HS_WKUP_IRQHandler
                0x000000000800a848                CAN3_SCE_IRQHandler
                0x000000000800a848                LTDC_ER_IRQHandler
                0x000000000800a848                CAN2_SCE_IRQHandler
                0x000000000800a848                DMA2_Stream2_IRQHandler
                0x000000000800a848                SPI1_IRQHandler
                0x000000000800a848                TIM6_DAC_IRQHandler
                0x000000000800a848                TIM1_BRK_TIM9_IRQHandler
                0x000000000800a848                DCMI_IRQHandler
                0x000000000800a848                CAN2_RX0_IRQHandler
                0x000000000800a848                DMA2_Stream3_IRQHandler
                0x000000000800a848                SAI2_IRQHandler
                0x000000000800a848                DFSDM1_FLT3_IRQHandler
                0x000000000800a848                CAN3_RX0_IRQHandler
                0x000000000800a848                USART3_IRQHandler
                0x000000000800a848                CAN1_RX1_IRQHandler
                0x000000000800a848                UART5_IRQHandler
                0x000000000800a848                DMA2_Stream0_IRQHandler
                0x000000000800a848                TIM4_IRQHandler
                0x000000000800a848                QUADSPI_IRQHandler
                0x000000000800a848                I2C1_EV_IRQHandler
                0x000000000800a848                DMA1_Stream1_IRQHandler
                0x000000000800a848                UART4_IRQHandler
                0x000000000800a848                TIM3_IRQHandler
                0x000000000800a848                RCC_IRQHandler
                0x000000000800a848                TIM8_BRK_TIM12_IRQHandler
                0x000000000800a848                Default_Handler
                0x000000000800a848                CEC_IRQHandler
                0x000000000800a848                EXTI15_10_IRQHandler
                0x000000000800a848                ADC_IRQHandler
                0x000000000800a848                DMA1_Stream7_IRQHandler
                0x000000000800a848                SPI5_IRQHandler
                0x000000000800a848                SDMMC1_IRQHandler
                0x000000000800a848                CAN2_TX_IRQHandler
                0x000000000800a848                TIM5_IRQHandler
                0x000000000800a848                DMA2_Stream7_IRQHandler
                0x000000000800a848                I2C3_EV_IRQHandler
                0x000000000800a848                EXTI9_5_IRQHandler
                0x000000000800a848                RTC_WKUP_IRQHandler
                0x000000000800a848                LTDC_IRQHandler
                0x000000000800a848                ETH_WKUP_IRQHandler
                0x000000000800a848                SPDIF_RX_IRQHandler
                0x000000000800a848                SPI2_IRQHandler
                0x000000000800a848                OTG_HS_EP1_IN_IRQHandler
                0x000000000800a848                DMA1_Stream0_IRQHandler
                0x000000000800a848                CAN1_TX_IRQHandler
                0x000000000800a848                EXTI4_IRQHandler
                0x000000000800a848                RNG_IRQHandler
                0x000000000800a848                DSI_IRQHandler
                0x000000000800a848                ETH_IRQHandler
                0x000000000800a848                OTG_HS_EP1_OUT_IRQHandler
                0x000000000800a848                WWDG_IRQHandler
                0x000000000800a848                SPI6_IRQHandler
                0x000000000800a848                MDIOS_IRQHandler
                0x000000000800a848                I2C4_EV_IRQHandler
                0x000000000800a848                CAN3_TX_IRQHandler
                0x000000000800a848                TIM2_IRQHandler
                0x000000000800a848                OTG_FS_WKUP_IRQHandler
                0x000000000800a848                TIM1_TRG_COM_TIM11_IRQHandler
                0x000000000800a848                OTG_HS_IRQHandler
                0x000000000800a848                DMA2D_IRQHandler
                0x000000000800a848                EXTI1_IRQHandler
                0x000000000800a848                SDMMC2_IRQHandler
                0x000000000800a848                UART7_IRQHandler
                0x000000000800a848                USART2_IRQHandler
                0x000000000800a848                DFSDM1_FLT0_IRQHandler
                0x000000000800a848                I2C2_ER_IRQHandler
                0x000000000800a848                CAN1_SCE_IRQHandler
                0x000000000800a848                FLASH_IRQHandler
                0x000000000800a848                USART1_IRQHandler
                0x000000000800a848                OTG_FS_IRQHandler
                0x000000000800a848                SPI3_IRQHandler
                0x000000000800a848                DMA1_Stream4_IRQHandler
                0x000000000800a848                I2C1_ER_IRQHandler
                0x000000000800a848                FMC_IRQHandler
                0x000000000800a848                LPTIM1_IRQHandler
                0x000000000800a848                I2C4_ER_IRQHandler
                0x000000000800a848                SAI1_IRQHandler
                0x000000000800a848                DMA1_Stream3_IRQHandler
 *fill*         0x000000000800a84a        0x2 
 .text.__libc_init_array
                0x000000000800a84c       0x48 c:/st/stm32cubeide_1.0.0/stm32cubeide/plugins/com.st.stm32cube.ide.mcu.externaltools.gnu-tools-for-stm32.7-2018-q2-update.win32_1.0.0.201904181610/tools/bin/../lib/gcc/arm-none-eabi/7.3.1/../../../../arm-none-eabi/lib/thumb/v7e-m/fpv5/hard\libc_nano.a(lib_a-init.o)
                0x000000000800a84c                __libc_init_array
 .text.memcpy   0x000000000800a894       0x16 c:/st/stm32cubeide_1.0.0/stm32cubeide/plugins/com.st.stm32cube.ide.mcu.externaltools.gnu-tools-for-stm32.7-2018-q2-update.win32_1.0.0.201904181610/tools/bin/../lib/gcc/arm-none-eabi/7.3.1/../../../../arm-none-eabi/lib/thumb/v7e-m/fpv5/hard\libc_nano.a(lib_a-memcpy-stub.o)
                0x000000000800a894                memcpy
 .text.memset   0x000000000800a8aa       0x10 c:/st/stm32cubeide_1.0.0/stm32cubeide/plugins/com.st.stm32cube.ide.mcu.externaltools.gnu-tools-for-stm32.7-2018-q2-update.win32_1.0.0.201904181610/tools/bin/../lib/gcc/arm-none-eabi/7.3.1/../../../../arm-none-eabi/lib/thumb/v7e-m/fpv5/hard\libc_nano.a(lib_a-memset.o)
                0x000000000800a8aa                memset
 *(.glue_7)
 .glue_7        0x000000000800a8ba        0x0 linker stubs
 *(.glue_7t)
 .glue_7t       0x000000000800a8ba        0x0 linker stubs
 *(.eh_frame)
 *fill*         0x000000000800a8ba        0x2 
 .eh_frame      0x000000000800a8bc        0x0 c:/st/stm32cubeide_1.0.0/stm32cubeide/plugins/com.st.stm32cube.ide.mcu.externaltools.gnu-tools-for-stm32.7-2018-q2-update.win32_1.0.0.201904181610/tools/bin/../lib/gcc/arm-none-eabi/7.3.1/thumb/v7e-m/fpv5/hard/crtbegin.o
 *(.init)
 .init          0x000000000800a8bc        0x4 c:/st/stm32cubeide_1.0.0/stm32cubeide/plugins/com.st.stm32cube.ide.mcu.externaltools.gnu-tools-for-stm32.7-2018-q2-update.win32_1.0.0.201904181610/tools/bin/../lib/gcc/arm-none-eabi/7.3.1/thumb/v7e-m/fpv5/hard/crti.o
                0x000000000800a8bc                _init
 .init          0x000000000800a8c0        0x8 c:/st/stm32cubeide_1.0.0/stm32cubeide/plugins/com.st.stm32cube.ide.mcu.externaltools.gnu-tools-for-stm32.7-2018-q2-update.win32_1.0.0.201904181610/tools/bin/../lib/gcc/arm-none-eabi/7.3.1/thumb/v7e-m/fpv5/hard/crtn.o
 *(.fini)
 .fini          0x000000000800a8c8        0x4 c:/st/stm32cubeide_1.0.0/stm32cubeide/plugins/com.st.stm32cube.ide.mcu.externaltools.gnu-tools-for-stm32.7-2018-q2-update.win32_1.0.0.201904181610/tools/bin/../lib/gcc/arm-none-eabi/7.3.1/thumb/v7e-m/fpv5/hard/crti.o
                0x000000000800a8c8                _fini
 .fini          0x000000000800a8cc        0x8 c:/st/stm32cubeide_1.0.0/stm32cubeide/plugins/com.st.stm32cube.ide.mcu.externaltools.gnu-tools-for-stm32.7-2018-q2-update.win32_1.0.0.201904181610/tools/bin/../lib/gcc/arm-none-eabi/7.3.1/thumb/v7e-m/fpv5/hard/crtn.o
                0x000000000800a8d4                . = ALIGN (0x4)
                0x000000000800a8d4                _etext = .

.vfp11_veneer   0x000000000800a8d4        0x0
 .vfp11_veneer  0x000000000800a8d4        0x0 linker stubs

.v4_bx          0x000000000800a8d4        0x0
 .v4_bx         0x000000000800a8d4        0x0 linker stubs

.iplt           0x000000000800a8d4        0x0
 .iplt          0x000000000800a8d4        0x0 c:/st/stm32cubeide_1.0.0/stm32cubeide/plugins/com.st.stm32cube.ide.mcu.externaltools.gnu-tools-for-stm32.7-2018-q2-update.win32_1.0.0.201904181610/tools/bin/../lib/gcc/arm-none-eabi/7.3.1/thumb/v7e-m/fpv5/hard/crtbegin.o

.rodata         0x000000000800a8d4     0x1d50
                0x000000000800a8d4                . = ALIGN (0x4)
 *(.rodata)
 .rodata        0x000000000800a8d4        0x5 Middlewares/Third_Party/FreeRTOS/Source/tasks.o
 *fill*         0x000000000800a8d9        0x3 
 .rodata        0x000000000800a8dc       0x5c Src/main.o
 *(.rodata*)
 .rodata.lcdRegData1
                0x000000000800a938        0x4 Drivers/BSP/Components/otm8009a/otm8009a.o
                0x000000000800a938                lcdRegData1
 .rodata.lcdRegData2
                0x000000000800a93c        0x3 Drivers/BSP/Components/otm8009a/otm8009a.o
                0x000000000800a93c                lcdRegData2
 *fill*         0x000000000800a93f        0x1 
 .rodata.lcdRegData3
                0x000000000800a940       0x11 Drivers/BSP/Components/otm8009a/otm8009a.o
                0x000000000800a940                lcdRegData3
 *fill*         0x000000000800a951        0x3 
 .rodata.lcdRegData4
                0x000000000800a954       0x11 Drivers/BSP/Components/otm8009a/otm8009a.o
                0x000000000800a954                lcdRegData4
 *fill*         0x000000000800a965        0x3 
 .rodata.lcdRegData5
                0x000000000800a968        0x3 Drivers/BSP/Components/otm8009a/otm8009a.o
                0x000000000800a968                lcdRegData5
 *fill*         0x000000000800a96b        0x1 
 .rodata.lcdRegData6
                0x000000000800a96c        0x3 Drivers/BSP/Components/otm8009a/otm8009a.o
                0x000000000800a96c                lcdRegData6
 *fill*         0x000000000800a96f        0x1 
 .rodata.lcdRegData7
                0x000000000800a970        0x7 Drivers/BSP/Components/otm8009a/otm8009a.o
                0x000000000800a970                lcdRegData7
 *fill*         0x000000000800a977        0x1 
 .rodata.lcdRegData8
                0x000000000800a978        0xf Drivers/BSP/Components/otm8009a/otm8009a.o
                0x000000000800a978                lcdRegData8
 *fill*         0x000000000800a987        0x1 
 .rodata.lcdRegData9
                0x000000000800a988        0xf Drivers/BSP/Components/otm8009a/otm8009a.o
                0x000000000800a988                lcdRegData9
 *fill*         0x000000000800a997        0x1 
 .rodata.lcdRegData10
                0x000000000800a998        0xb Drivers/BSP/Components/otm8009a/otm8009a.o
                0x000000000800a998                lcdRegData10
 *fill*         0x000000000800a9a3        0x1 
 .rodata.lcdRegData11
                0x000000000800a9a4        0xb Drivers/BSP/Components/otm8009a/otm8009a.o
                0x000000000800a9a4                lcdRegData11
 *fill*         0x000000000800a9af        0x1 
 .rodata.lcdRegData12
                0x000000000800a9b0       0x10 Drivers/BSP/Components/otm8009a/otm8009a.o
                0x000000000800a9b0                lcdRegData12
 .rodata.lcdRegData13
                0x000000000800a9c0       0x10 Drivers/BSP/Components/otm8009a/otm8009a.o
                0x000000000800a9c0                lcdRegData13
 .rodata.lcdRegData14
                0x000000000800a9d0        0xb Drivers/BSP/Components/otm8009a/otm8009a.o
                0x000000000800a9d0                lcdRegData14
 *fill*         0x000000000800a9db        0x1 
 .rodata.lcdRegData15
                0x000000000800a9dc       0x10 Drivers/BSP/Components/otm8009a/otm8009a.o
                0x000000000800a9dc                lcdRegData15
 .rodata.lcdRegData16
                0x000000000800a9ec       0x10 Drivers/BSP/Components/otm8009a/otm8009a.o
                0x000000000800a9ec                lcdRegData16
 .rodata.lcdRegData17
                0x000000000800a9fc        0xb Drivers/BSP/Components/otm8009a/otm8009a.o
                0x000000000800a9fc                lcdRegData17
 *fill*         0x000000000800aa07        0x1 
 .rodata.lcdRegData18
                0x000000000800aa08        0xb Drivers/BSP/Components/otm8009a/otm8009a.o
                0x000000000800aa08                lcdRegData18
 *fill*         0x000000000800aa13        0x1 
 .rodata.lcdRegData19
                0x000000000800aa14        0xb Drivers/BSP/Components/otm8009a/otm8009a.o
                0x000000000800aa14                lcdRegData19
 *fill*         0x000000000800aa1f        0x1 
 .rodata.lcdRegData20
                0x000000000800aa20       0x10 Drivers/BSP/Components/otm8009a/otm8009a.o
                0x000000000800aa20                lcdRegData20
 .rodata.lcdRegData21
                0x000000000800aa30       0x10 Drivers/BSP/Components/otm8009a/otm8009a.o
                0x000000000800aa30                lcdRegData21
 .rodata.lcdRegData22
                0x000000000800aa40        0xb Drivers/BSP/Components/otm8009a/otm8009a.o
                0x000000000800aa40                lcdRegData22
 *fill*         0x000000000800aa4b        0x1 
 .rodata.lcdRegData23
                0x000000000800aa4c       0x10 Drivers/BSP/Components/otm8009a/otm8009a.o
                0x000000000800aa4c                lcdRegData23
 .rodata.lcdRegData24
                0x000000000800aa5c       0x10 Drivers/BSP/Components/otm8009a/otm8009a.o
                0x000000000800aa5c                lcdRegData24
 .rodata.lcdRegData25
                0x000000000800aa6c        0x4 Drivers/BSP/Components/otm8009a/otm8009a.o
                0x000000000800aa6c                lcdRegData25
 .rodata.lcdRegData27
                0x000000000800aa70        0x5 Drivers/BSP/Components/otm8009a/otm8009a.o
                0x000000000800aa70                lcdRegData27
 *fill*         0x000000000800aa75        0x3 
 .rodata.lcdRegData28
                0x000000000800aa78        0x5 Drivers/BSP/Components/otm8009a/otm8009a.o
                0x000000000800aa78                lcdRegData28
 *fill*         0x000000000800aa7d        0x3 
 .rodata.ShortRegData1
                0x000000000800aa80        0x2 Drivers/BSP/Components/otm8009a/otm8009a.o
                0x000000000800aa80                ShortRegData1
 *fill*         0x000000000800aa82        0x2 
 .rodata.ShortRegData2
                0x000000000800aa84        0x2 Drivers/BSP/Components/otm8009a/otm8009a.o
                0x000000000800aa84                ShortRegData2
 *fill*         0x000000000800aa86        0x2 
 .rodata.ShortRegData3
                0x000000000800aa88        0x2 Drivers/BSP/Components/otm8009a/otm8009a.o
                0x000000000800aa88                ShortRegData3
 *fill*         0x000000000800aa8a        0x2 
 .rodata.ShortRegData4
                0x000000000800aa8c        0x2 Drivers/BSP/Components/otm8009a/otm8009a.o
                0x000000000800aa8c                ShortRegData4
 *fill*         0x000000000800aa8e        0x2 
 .rodata.ShortRegData5
                0x000000000800aa90        0x2 Drivers/BSP/Components/otm8009a/otm8009a.o
                0x000000000800aa90                ShortRegData5
 *fill*         0x000000000800aa92        0x2 
 .rodata.ShortRegData6
                0x000000000800aa94        0x2 Drivers/BSP/Components/otm8009a/otm8009a.o
                0x000000000800aa94                ShortRegData6
 *fill*         0x000000000800aa96        0x2 
 .rodata.ShortRegData7
                0x000000000800aa98        0x2 Drivers/BSP/Components/otm8009a/otm8009a.o
                0x000000000800aa98                ShortRegData7
 *fill*         0x000000000800aa9a        0x2 
 .rodata.ShortRegData8
                0x000000000800aa9c        0x2 Drivers/BSP/Components/otm8009a/otm8009a.o
                0x000000000800aa9c                ShortRegData8
 *fill*         0x000000000800aa9e        0x2 
 .rodata.ShortRegData9
                0x000000000800aaa0        0x2 Drivers/BSP/Components/otm8009a/otm8009a.o
                0x000000000800aaa0                ShortRegData9
 *fill*         0x000000000800aaa2        0x2 
 .rodata.ShortRegData10
                0x000000000800aaa4        0x2 Drivers/BSP/Components/otm8009a/otm8009a.o
                0x000000000800aaa4                ShortRegData10
 *fill*         0x000000000800aaa6        0x2 
 .rodata.ShortRegData11
                0x000000000800aaa8        0x2 Drivers/BSP/Components/otm8009a/otm8009a.o
                0x000000000800aaa8                ShortRegData11
 *fill*         0x000000000800aaaa        0x2 
 .rodata.ShortRegData12
                0x000000000800aaac        0x2 Drivers/BSP/Components/otm8009a/otm8009a.o
                0x000000000800aaac                ShortRegData12
 *fill*         0x000000000800aaae        0x2 
 .rodata.ShortRegData13
                0x000000000800aab0        0x2 Drivers/BSP/Components/otm8009a/otm8009a.o
                0x000000000800aab0                ShortRegData13
 *fill*         0x000000000800aab2        0x2 
 .rodata.ShortRegData14
                0x000000000800aab4        0x2 Drivers/BSP/Components/otm8009a/otm8009a.o
                0x000000000800aab4                ShortRegData14
 *fill*         0x000000000800aab6        0x2 
 .rodata.ShortRegData15
                0x000000000800aab8        0x2 Drivers/BSP/Components/otm8009a/otm8009a.o
                0x000000000800aab8                ShortRegData15
 *fill*         0x000000000800aaba        0x2 
 .rodata.ShortRegData16
                0x000000000800aabc        0x2 Drivers/BSP/Components/otm8009a/otm8009a.o
                0x000000000800aabc                ShortRegData16
 *fill*         0x000000000800aabe        0x2 
 .rodata.ShortRegData17
                0x000000000800aac0        0x2 Drivers/BSP/Components/otm8009a/otm8009a.o
                0x000000000800aac0                ShortRegData17
 *fill*         0x000000000800aac2        0x2 
 .rodata.ShortRegData18
                0x000000000800aac4        0x2 Drivers/BSP/Components/otm8009a/otm8009a.o
                0x000000000800aac4                ShortRegData18
 *fill*         0x000000000800aac6        0x2 
 .rodata.ShortRegData19
                0x000000000800aac8        0x2 Drivers/BSP/Components/otm8009a/otm8009a.o
                0x000000000800aac8                ShortRegData19
 *fill*         0x000000000800aaca        0x2 
 .rodata.ShortRegData20
                0x000000000800aacc        0x2 Drivers/BSP/Components/otm8009a/otm8009a.o
                0x000000000800aacc                ShortRegData20
 *fill*         0x000000000800aace        0x2 
 .rodata.ShortRegData21
                0x000000000800aad0        0x2 Drivers/BSP/Components/otm8009a/otm8009a.o
                0x000000000800aad0                ShortRegData21
 *fill*         0x000000000800aad2        0x2 
 .rodata.ShortRegData22
                0x000000000800aad4        0x2 Drivers/BSP/Components/otm8009a/otm8009a.o
                0x000000000800aad4                ShortRegData22
 *fill*         0x000000000800aad6        0x2 
 .rodata.ShortRegData23
                0x000000000800aad8        0x2 Drivers/BSP/Components/otm8009a/otm8009a.o
                0x000000000800aad8                ShortRegData23
 *fill*         0x000000000800aada        0x2 
 .rodata.ShortRegData24
                0x000000000800aadc        0x2 Drivers/BSP/Components/otm8009a/otm8009a.o
                0x000000000800aadc                ShortRegData24
 *fill*         0x000000000800aade        0x2 
 .rodata.ShortRegData25
                0x000000000800aae0        0x2 Drivers/BSP/Components/otm8009a/otm8009a.o
                0x000000000800aae0                ShortRegData25
 *fill*         0x000000000800aae2        0x2 
 .rodata.ShortRegData26
                0x000000000800aae4        0x2 Drivers/BSP/Components/otm8009a/otm8009a.o
                0x000000000800aae4                ShortRegData26
 *fill*         0x000000000800aae6        0x2 
 .rodata.ShortRegData27
                0x000000000800aae8        0x2 Drivers/BSP/Components/otm8009a/otm8009a.o
                0x000000000800aae8                ShortRegData27
 *fill*         0x000000000800aaea        0x2 
 .rodata.ShortRegData28
                0x000000000800aaec        0x2 Drivers/BSP/Components/otm8009a/otm8009a.o
                0x000000000800aaec                ShortRegData28
 *fill*         0x000000000800aaee        0x2 
 .rodata.ShortRegData29
                0x000000000800aaf0        0x2 Drivers/BSP/Components/otm8009a/otm8009a.o
                0x000000000800aaf0                ShortRegData29
 *fill*         0x000000000800aaf2        0x2 
 .rodata.ShortRegData30
                0x000000000800aaf4        0x2 Drivers/BSP/Components/otm8009a/otm8009a.o
                0x000000000800aaf4                ShortRegData30
 *fill*         0x000000000800aaf6        0x2 
 .rodata.ShortRegData31
                0x000000000800aaf8        0x2 Drivers/BSP/Components/otm8009a/otm8009a.o
                0x000000000800aaf8                ShortRegData31
 *fill*         0x000000000800aafa        0x2 
 .rodata.ShortRegData32
                0x000000000800aafc        0x2 Drivers/BSP/Components/otm8009a/otm8009a.o
                0x000000000800aafc                ShortRegData32
 *fill*         0x000000000800aafe        0x2 
 .rodata.ShortRegData33
                0x000000000800ab00        0x2 Drivers/BSP/Components/otm8009a/otm8009a.o
                0x000000000800ab00                ShortRegData33
 *fill*         0x000000000800ab02        0x2 
 .rodata.ShortRegData34
                0x000000000800ab04        0x2 Drivers/BSP/Components/otm8009a/otm8009a.o
                0x000000000800ab04                ShortRegData34
 *fill*         0x000000000800ab06        0x2 
 .rodata.ShortRegData35
                0x000000000800ab08        0x2 Drivers/BSP/Components/otm8009a/otm8009a.o
                0x000000000800ab08                ShortRegData35
 *fill*         0x000000000800ab0a        0x2 
 .rodata.ShortRegData36
                0x000000000800ab0c        0x2 Drivers/BSP/Components/otm8009a/otm8009a.o
                0x000000000800ab0c                ShortRegData36
 *fill*         0x000000000800ab0e        0x2 
 .rodata.ShortRegData37
                0x000000000800ab10        0x2 Drivers/BSP/Components/otm8009a/otm8009a.o
                0x000000000800ab10                ShortRegData37
 *fill*         0x000000000800ab12        0x2 
 .rodata.ShortRegData38
                0x000000000800ab14        0x2 Drivers/BSP/Components/otm8009a/otm8009a.o
                0x000000000800ab14                ShortRegData38
 *fill*         0x000000000800ab16        0x2 
 .rodata.ShortRegData39
                0x000000000800ab18        0x2 Drivers/BSP/Components/otm8009a/otm8009a.o
                0x000000000800ab18                ShortRegData39
 *fill*         0x000000000800ab1a        0x2 
 .rodata.ShortRegData40
                0x000000000800ab1c        0x2 Drivers/BSP/Components/otm8009a/otm8009a.o
                0x000000000800ab1c                ShortRegData40
 *fill*         0x000000000800ab1e        0x2 
 .rodata.ShortRegData41
                0x000000000800ab20        0x2 Drivers/BSP/Components/otm8009a/otm8009a.o
                0x000000000800ab20                ShortRegData41
 *fill*         0x000000000800ab22        0x2 
 .rodata.ShortRegData42
                0x000000000800ab24        0x2 Drivers/BSP/Components/otm8009a/otm8009a.o
                0x000000000800ab24                ShortRegData42
 *fill*         0x000000000800ab26        0x2 
 .rodata.ShortRegData43
                0x000000000800ab28        0x2 Drivers/BSP/Components/otm8009a/otm8009a.o
                0x000000000800ab28                ShortRegData43
 *fill*         0x000000000800ab2a        0x2 
 .rodata.ShortRegData44
                0x000000000800ab2c        0x2 Drivers/BSP/Components/otm8009a/otm8009a.o
                0x000000000800ab2c                ShortRegData44
 *fill*         0x000000000800ab2e        0x2 
 .rodata.ShortRegData45
                0x000000000800ab30        0x2 Drivers/BSP/Components/otm8009a/otm8009a.o
                0x000000000800ab30                ShortRegData45
 *fill*         0x000000000800ab32        0x2 
 .rodata.ShortRegData46
                0x000000000800ab34        0x2 Drivers/BSP/Components/otm8009a/otm8009a.o
                0x000000000800ab34                ShortRegData46
 *fill*         0x000000000800ab36        0x2 
 .rodata.ShortRegData47
                0x000000000800ab38        0x2 Drivers/BSP/Components/otm8009a/otm8009a.o
                0x000000000800ab38                ShortRegData47
 *fill*         0x000000000800ab3a        0x2 
 .rodata.ShortRegData48
                0x000000000800ab3c        0x2 Drivers/BSP/Components/otm8009a/otm8009a.o
                0x000000000800ab3c                ShortRegData48
 *fill*         0x000000000800ab3e        0x2 
 .rodata.ShortRegData49
                0x000000000800ab40        0x2 Drivers/BSP/Components/otm8009a/otm8009a.o
                0x000000000800ab40                ShortRegData49
 *fill*         0x000000000800ab42        0x2 
 .rodata.ShortRegData50
                0x000000000800ab44        0x2 Drivers/BSP/Components/otm8009a/otm8009a.o
                0x000000000800ab44                ShortRegData50
 *fill*         0x000000000800ab46        0x2 
 .rodata.ShortRegData51
                0x000000000800ab48        0x2 Drivers/BSP/Components/otm8009a/otm8009a.o
                0x000000000800ab48                ShortRegData51
 *fill*         0x000000000800ab4a        0x2 
 .rodata.Font24_Table
                0x000000000800ab4c     0x1ab8 Drivers/BSP/STM32F769I-Discovery/stm32f769i_discovery_lcd.o
                0x000000000800ab4c                Font24_Table
 .rodata.flagBitshiftOffset.9908
                0x000000000800c604        0x8 Drivers/STM32F7xx_HAL_Driver/Src/stm32f7xx_hal_dma.o
 .rodata.AHBPrescTable
                0x000000000800c60c       0x10 Src/system_stm32f7xx.o
                0x000000000800c60c                AHBPrescTable
 .rodata.APBPrescTable
                0x000000000800c61c        0x8 Src/system_stm32f7xx.o
                0x000000000800c61c                APBPrescTable
                0x000000000800c624                . = ALIGN (0x4)

.ARM.extab      0x000000000800c624        0x0
                0x000000000800c624                . = ALIGN (0x4)
 *(.ARM.extab* .gnu.linkonce.armextab.*)
                0x000000000800c624                . = ALIGN (0x4)

.ARM            0x000000000800c624        0x8
                0x000000000800c624                . = ALIGN (0x4)
                0x000000000800c624                __exidx_start = .
 *(.ARM.exidx*)
 .ARM.exidx     0x000000000800c624        0x8 c:/st/stm32cubeide_1.0.0/stm32cubeide/plugins/com.st.stm32cube.ide.mcu.externaltools.gnu-tools-for-stm32.7-2018-q2-update.win32_1.0.0.201904181610/tools/bin/../lib/gcc/arm-none-eabi/7.3.1/thumb/v7e-m/fpv5/hard\libgcc.a(_udivmoddi4.o)
                0x000000000800c62c                __exidx_end = .
                0x000000000800c62c                . = ALIGN (0x4)

.rel.dyn        0x000000000800c62c        0x0
 .rel.iplt      0x000000000800c62c        0x0 c:/st/stm32cubeide_1.0.0/stm32cubeide/plugins/com.st.stm32cube.ide.mcu.externaltools.gnu-tools-for-stm32.7-2018-q2-update.win32_1.0.0.201904181610/tools/bin/../lib/gcc/arm-none-eabi/7.3.1/thumb/v7e-m/fpv5/hard/crtbegin.o

.preinit_array  0x000000000800c62c        0x0
                0x000000000800c62c                . = ALIGN (0x4)
                0x000000000800c62c                PROVIDE (__preinit_array_start = .)
 *(.preinit_array*)
                0x000000000800c62c                PROVIDE (__preinit_array_end = .)
                0x000000000800c62c                . = ALIGN (0x4)

.init_array     0x000000000800c62c        0x4
                0x000000000800c62c                . = ALIGN (0x4)
                0x000000000800c62c                PROVIDE (__init_array_start = .)
 *(SORT_BY_NAME(.init_array.*))
 *(.init_array*)
 .init_array    0x000000000800c62c        0x4 c:/st/stm32cubeide_1.0.0/stm32cubeide/plugins/com.st.stm32cube.ide.mcu.externaltools.gnu-tools-for-stm32.7-2018-q2-update.win32_1.0.0.201904181610/tools/bin/../lib/gcc/arm-none-eabi/7.3.1/thumb/v7e-m/fpv5/hard/crtbegin.o
                0x000000000800c630                PROVIDE (__init_array_end = .)
                0x000000000800c630                . = ALIGN (0x4)

.fini_array     0x000000000800c630        0x4
                0x000000000800c630                . = ALIGN (0x4)
                [!provide]                        PROVIDE (__fini_array_start = .)
 *(SORT_BY_NAME(.fini_array.*))
 *(.fini_array*)
 .fini_array    0x000000000800c630        0x4 c:/st/stm32cubeide_1.0.0/stm32cubeide/plugins/com.st.stm32cube.ide.mcu.externaltools.gnu-tools-for-stm32.7-2018-q2-update.win32_1.0.0.201904181610/tools/bin/../lib/gcc/arm-none-eabi/7.3.1/thumb/v7e-m/fpv5/hard/crtbegin.o
                [!provide]                        PROVIDE (__fini_array_end = .)
                0x000000000800c634                . = ALIGN (0x4)
                0x000000000800c634                _sidata = LOADADDR (.data)

.data           0x0000000020000000       0x30 load address 0x000000000800c634
                0x0000000020000000                . = ALIGN (0x4)
                0x0000000020000000                _sdata = .
 *(.data)
 *(.data*)
 .data.GPIO_PIN
                0x0000000020000000        0x8 Drivers/BSP/STM32F769I-Discovery/stm32f769i_discovery.o
                0x0000000020000000                GPIO_PIN
 .data.GPIO_PORT
                0x0000000020000008        0x8 Drivers/BSP/STM32F769I-Discovery/stm32f769i_discovery.o
                0x0000000020000008                GPIO_PORT
 .data.Font24   0x0000000020000010        0x8 Drivers/BSP/STM32F769I-Discovery/stm32f769i_discovery_lcd.o
                0x0000000020000010                Font24
 .data.lcd_x_size
                0x0000000020000018        0x4 Drivers/BSP/STM32F769I-Discovery/stm32f769i_discovery_lcd.o
                0x0000000020000018                lcd_x_size
 .data.lcd_y_size
                0x000000002000001c        0x4 Drivers/BSP/STM32F769I-Discovery/stm32f769i_discovery_lcd.o
                0x000000002000001c                lcd_y_size
 .data.sdramstatus.9824
                0x0000000020000020        0x1 Drivers/BSP/STM32F769I-Discovery/stm32f769i_discovery_sdram.o
 .data.uwTickFreq
                0x0000000020000021        0x1 Drivers/STM32F7xx_HAL_Driver/Src/stm32f7xx_hal.o
                0x0000000020000021                uwTickFreq
 *fill*         0x0000000020000022        0x2 
 .data.uxCriticalNesting
                0x0000000020000024        0x4 Middlewares/Third_Party/FreeRTOS/Source/portable/GCC/ARM_CM7/r0p1/port.o
 .data.x_master
                0x0000000020000028        0x2 Src/main.o
                0x0000000020000028                x_master
 .data.y_master
                0x000000002000002a        0x2 Src/main.o
                0x000000002000002a                y_master
 .data.SystemCoreClock
                0x000000002000002c        0x4 Src/system_stm32f7xx.o
                0x000000002000002c                SystemCoreClock
                0x0000000020000030                . = ALIGN (0x4)
                0x0000000020000030                _edata = .

.igot.plt       0x0000000020000030        0x0 load address 0x000000000800c664
 .igot.plt      0x0000000020000030        0x0 c:/st/stm32cubeide_1.0.0/stm32cubeide/plugins/com.st.stm32cube.ide.mcu.externaltools.gnu-tools-for-stm32.7-2018-q2-update.win32_1.0.0.201904181610/tools/bin/../lib/gcc/arm-none-eabi/7.3.1/thumb/v7e-m/fpv5/hard/crtbegin.o
                0x0000000020000030                . = ALIGN (0x4)

.bss            0x0000000020000030     0x4740 load address 0x000000000800c664
                0x0000000020000030                _sbss = .
                0x0000000020000030                __bss_start__ = _sbss
 *(.bss)
 .bss           0x0000000020000030       0x1c c:/st/stm32cubeide_1.0.0/stm32cubeide/plugins/com.st.stm32cube.ide.mcu.externaltools.gnu-tools-for-stm32.7-2018-q2-update.win32_1.0.0.201904181610/tools/bin/../lib/gcc/arm-none-eabi/7.3.1/thumb/v7e-m/fpv5/hard/crtbegin.o
 *(.bss*)
 .bss.hdsivideo_handle
                0x000000002000004c       0x6c Drivers/BSP/STM32F769I-Discovery/stm32f769i_discovery_lcd.o
 .bss.ActiveLayer
                0x00000000200000b8        0x4 Drivers/BSP/STM32F769I-Discovery/stm32f769i_discovery_lcd.o
 .bss.DrawProp  0x00000000200000bc       0x18 Drivers/BSP/STM32F769I-Discovery/stm32f769i_discovery_lcd.o
 .bss.PeriphClkInitStruct.10580
                0x00000000200000d4       0x90 Drivers/BSP/STM32F769I-Discovery/stm32f769i_discovery_lcd.o
 .bss.Timing    0x0000000020000164       0x1c Drivers/BSP/STM32F769I-Discovery/stm32f769i_discovery_sdram.o
 .bss.Command   0x0000000020000180       0x10 Drivers/BSP/STM32F769I-Discovery/stm32f769i_discovery_sdram.o
 .bss.dma_handle.9860
                0x0000000020000190       0x60 Drivers/BSP/STM32F769I-Discovery/stm32f769i_discovery_sdram.o
 .bss.pxCurrentTCB
                0x00000000200001f0        0x4 Middlewares/Third_Party/FreeRTOS/Source/tasks.o
                0x00000000200001f0                pxCurrentTCB
 .bss.pxReadyTasksLists
                0x00000000200001f4       0x8c Middlewares/Third_Party/FreeRTOS/Source/tasks.o
 .bss.xDelayedTaskList1
                0x0000000020000280       0x14 Middlewares/Third_Party/FreeRTOS/Source/tasks.o
 .bss.xDelayedTaskList2
                0x0000000020000294       0x14 Middlewares/Third_Party/FreeRTOS/Source/tasks.o
 .bss.pxDelayedTaskList
                0x00000000200002a8        0x4 Middlewares/Third_Party/FreeRTOS/Source/tasks.o
 .bss.pxOverflowDelayedTaskList
                0x00000000200002ac        0x4 Middlewares/Third_Party/FreeRTOS/Source/tasks.o
 .bss.xPendingReadyList
                0x00000000200002b0       0x14 Middlewares/Third_Party/FreeRTOS/Source/tasks.o
 .bss.xTasksWaitingTermination
                0x00000000200002c4       0x14 Middlewares/Third_Party/FreeRTOS/Source/tasks.o
 .bss.uxDeletedTasksWaitingCleanUp
                0x00000000200002d8        0x4 Middlewares/Third_Party/FreeRTOS/Source/tasks.o
 .bss.xSuspendedTaskList
                0x00000000200002dc       0x14 Middlewares/Third_Party/FreeRTOS/Source/tasks.o
 .bss.uxCurrentNumberOfTasks
                0x00000000200002f0        0x4 Middlewares/Third_Party/FreeRTOS/Source/tasks.o
 .bss.xTickCount
                0x00000000200002f4        0x4 Middlewares/Third_Party/FreeRTOS/Source/tasks.o
 .bss.uxTopReadyPriority
                0x00000000200002f8        0x4 Middlewares/Third_Party/FreeRTOS/Source/tasks.o
 .bss.xSchedulerRunning
                0x00000000200002fc        0x4 Middlewares/Third_Party/FreeRTOS/Source/tasks.o
 .bss.uxPendedTicks
                0x0000000020000300        0x4 Middlewares/Third_Party/FreeRTOS/Source/tasks.o
 .bss.xYieldPending
                0x0000000020000304        0x4 Middlewares/Third_Party/FreeRTOS/Source/tasks.o
 .bss.xNumOfOverflows
                0x0000000020000308        0x4 Middlewares/Third_Party/FreeRTOS/Source/tasks.o
 .bss.uxTaskNumber
                0x000000002000030c        0x4 Middlewares/Third_Party/FreeRTOS/Source/tasks.o
 .bss.xNextTaskUnblockTime
                0x0000000020000310        0x4 Middlewares/Third_Party/FreeRTOS/Source/tasks.o
 .bss.xIdleTaskHandle
                0x0000000020000314        0x4 Middlewares/Third_Party/FreeRTOS/Source/tasks.o
 .bss.uxSchedulerSuspended
                0x0000000020000318        0x4 Middlewares/Third_Party/FreeRTOS/Source/tasks.o
 .bss.ucMaxSysCallPriority
                0x000000002000031c        0x1 Middlewares/Third_Party/FreeRTOS/Source/portable/GCC/ARM_CM7/r0p1/port.o
 *fill*         0x000000002000031d        0x3 
 .bss.ulMaxPRIGROUPValue
                0x0000000020000320        0x4 Middlewares/Third_Party/FreeRTOS/Source/portable/GCC/ARM_CM7/r0p1/port.o
 .bss.ucHeap    0x0000000020000324     0x3c00 Middlewares/Third_Party/FreeRTOS/Source/portable/MemMang/heap_4.o
 .bss.xStart    0x0000000020003f24        0x8 Middlewares/Third_Party/FreeRTOS/Source/portable/MemMang/heap_4.o
 .bss.pxEnd     0x0000000020003f2c        0x4 Middlewares/Third_Party/FreeRTOS/Source/portable/MemMang/heap_4.o
 .bss.xFreeBytesRemaining
                0x0000000020003f30        0x4 Middlewares/Third_Party/FreeRTOS/Source/portable/MemMang/heap_4.o
 .bss.xMinimumEverFreeBytesRemaining
                0x0000000020003f34        0x4 Middlewares/Third_Party/FreeRTOS/Source/portable/MemMang/heap_4.o
 .bss.xBlockAllocatedBit
                0x0000000020003f38        0x4 Middlewares/Third_Party/FreeRTOS/Source/portable/MemMang/heap_4.o
 .bss.flag_half_tx_DMA
                0x0000000020003f3c        0x1 Src/main.o
                0x0000000020003f3c                flag_half_tx_DMA
 .bss.flag_tx_DMA
                0x0000000020003f3d        0x1 Src/main.o
                0x0000000020003f3d                flag_tx_DMA
 .bss.flag_half_rx_DMA
                0x0000000020003f3e        0x1 Src/main.o
                0x0000000020003f3e                flag_half_rx_DMA
 .bss.flag_rx_DMA
                0x0000000020003f3f        0x1 Src/main.o
                0x0000000020003f3f                flag_rx_DMA
 .bss.FMC_Initialized
                0x0000000020003f40        0x4 Src/stm32f7xx_hal_msp.o
 *(COMMON)
 COMMON         0x0000000020003f44      0x11c Drivers/BSP/STM32F769I-Discovery/stm32f769i_discovery_lcd.o
                0x0000000020003f44                hdma2d_discovery
                0x0000000020003f9c                hltdc_discovery
                0x0000000020004044                hdsi_discovery
 COMMON         0x0000000020004060       0x34 Drivers/BSP/STM32F769I-Discovery/stm32f769i_discovery_sdram.o
                0x0000000020004060                sdramHandle
 COMMON         0x0000000020004094        0x4 Drivers/STM32F7xx_HAL_Driver/Src/stm32f7xx_hal.o
                0x0000000020004094                uwTick
 COMMON         0x0000000020004098      0x698 Src/main.o
                0x0000000020004098                invader
                0x00000000200041e4                hdma_usart6_rx
                0x0000000020004244                x
                0x00000000200042a8                xQueue_joy_slave_2
                0x00000000200042ac                data2send
                0x00000000200042b0                IdleTaskHandle
                0x00000000200042b4                data2receive
                0x000000002000437c                hdsi
                0x0000000020004398                xQueue_joy_slave_1
                0x000000002000439c                hltdc
                0x0000000020004444                xQueue_joy_slave
                0x0000000020004448                hdma_usart6_tx
                0x00000000200044a8                hadc1
                0x00000000200044f0                y_laser
                0x00000000200044f4                hdma_adc1
                0x0000000020004554                x_laser
                0x0000000020004558                xQueue_joy_master
                0x000000002000455c                y
                0x00000000200045c0                huart6
                0x0000000020004640                hdma2d
                0x0000000020004698                a
                0x00000000200046fc                hsdram1
 COMMON         0x0000000020004730       0x40 Src/stm32f7xx_hal_timebase_tim.o
                0x0000000020004730                htim7
                0x0000000020004770                . = ALIGN (0x4)
                0x0000000020004770                _ebss = .
                0x0000000020004770                __bss_end__ = _ebss

._user_heap_stack
                0x0000000020004770      0x600 load address 0x000000000800c664
                0x0000000020004770                . = ALIGN (0x8)
                0x0000000020004770                PROVIDE (end = .)
                [!provide]                        PROVIDE (_end = .)
                0x0000000020004970                . = (. + _Min_Heap_Size)
 *fill*         0x0000000020004770      0x200 
                0x0000000020004d70                . = (. + _Min_Stack_Size)
 *fill*         0x0000000020004970      0x400 
                0x0000000020004d70                . = ALIGN (0x8)

/DISCARD/
 libc.a(*)
 libm.a(*)
 libgcc.a(*)

.ARM.attributes
                0x0000000000000000       0x2e
 *(.ARM.attributes)
 .ARM.attributes
                0x0000000000000000       0x20 c:/st/stm32cubeide_1.0.0/stm32cubeide/plugins/com.st.stm32cube.ide.mcu.externaltools.gnu-tools-for-stm32.7-2018-q2-update.win32_1.0.0.201904181610/tools/bin/../lib/gcc/arm-none-eabi/7.3.1/thumb/v7e-m/fpv5/hard/crti.o
 .ARM.attributes
                0x0000000000000020       0x32 c:/st/stm32cubeide_1.0.0/stm32cubeide/plugins/com.st.stm32cube.ide.mcu.externaltools.gnu-tools-for-stm32.7-2018-q2-update.win32_1.0.0.201904181610/tools/bin/../lib/gcc/arm-none-eabi/7.3.1/thumb/v7e-m/fpv5/hard/crtbegin.o
 .ARM.attributes
                0x0000000000000052       0x37 Drivers/BSP/Components/otm8009a/otm8009a.o
 .ARM.attributes
                0x0000000000000089       0x37 Drivers/BSP/STM32F769I-Discovery/stm32f769i_discovery.o
 .ARM.attributes
                0x00000000000000c0       0x37 Drivers/BSP/STM32F769I-Discovery/stm32f769i_discovery_lcd.o
 .ARM.attributes
                0x00000000000000f7       0x37 Drivers/BSP/STM32F769I-Discovery/stm32f769i_discovery_sdram.o
 .ARM.attributes