Archive member included to satisfy reference by file (symbol)

c:/st/stm32cubeide_1.0.0/stm32cubeide/plugins/com.st.stm32cube.ide.mcu.externaltools.gnu-tools-for-stm32.7-2018-q2-update.win32_1.0.0.201904181610/tools/bin/../lib/gcc/arm-none-eabi/7.3.1/../../../../arm-none-eabi/lib/thumb/v7e-m/fpv5/hard\libc_nano.a(lib_a-errno.o)
                              Src/syscalls.o (__errno)
c:/st/stm32cubeide_1.0.0/stm32cubeide/plugins/com.st.stm32cube.ide.mcu.externaltools.gnu-tools-for-stm32.7-2018-q2-update.win32_1.0.0.201904181610/tools/bin/../lib/gcc/arm-none-eabi/7.3.1/../../../../arm-none-eabi/lib/thumb/v7e-m/fpv5/hard\libc_nano.a(lib_a-exit.o)
                              c:/st/stm32cubeide_1.0.0/stm32cubeide/plugins/com.st.stm32cube.ide.mcu.externaltools.gnu-tools-for-stm32.7-2018-q2-update.win32_1.0.0.201904181610/tools/bin/../lib/gcc/arm-none-eabi/7.3.1/../../../../arm-none-eabi/lib/thumb/v7e-m/fpv5/hard/crt0.o (exit)
c:/st/stm32cubeide_1.0.0/stm32cubeide/plugins/com.st.stm32cube.ide.mcu.externaltools.gnu-tools-for-stm32.7-2018-q2-update.win32_1.0.0.201904181610/tools/bin/../lib/gcc/arm-none-eabi/7.3.1/../../../../arm-none-eabi/lib/thumb/v7e-m/fpv5/hard\libc_nano.a(lib_a-impure.o)
                              c:/st/stm32cubeide_1.0.0/stm32cubeide/plugins/com.st.stm32cube.ide.mcu.externaltools.gnu-tools-for-stm32.7-2018-q2-update.win32_1.0.0.201904181610/tools/bin/../lib/gcc/arm-none-eabi/7.3.1/../../../../arm-none-eabi/lib/thumb/v7e-m/fpv5/hard\libc_nano.a(lib_a-exit.o) (_global_impure_ptr)
c:/st/stm32cubeide_1.0.0/stm32cubeide/plugins/com.st.stm32cube.ide.mcu.externaltools.gnu-tools-for-stm32.7-2018-q2-update.win32_1.0.0.201904181610/tools/bin/../lib/gcc/arm-none-eabi/7.3.1/../../../../arm-none-eabi/lib/thumb/v7e-m/fpv5/hard\libc_nano.a(lib_a-init.o)
                              c:/st/stm32cubeide_1.0.0/stm32cubeide/plugins/com.st.stm32cube.ide.mcu.externaltools.gnu-tools-for-stm32.7-2018-q2-update.win32_1.0.0.201904181610/tools/bin/../lib/gcc/arm-none-eabi/7.3.1/../../../../arm-none-eabi/lib/thumb/v7e-m/fpv5/hard/crt0.o (__libc_init_array)
c:/st/stm32cubeide_1.0.0/stm32cubeide/plugins/com.st.stm32cube.ide.mcu.externaltools.gnu-tools-for-stm32.7-2018-q2-update.win32_1.0.0.201904181610/tools/bin/../lib/gcc/arm-none-eabi/7.3.1/../../../../arm-none-eabi/lib/thumb/v7e-m/fpv5/hard\libc_nano.a(lib_a-memcpy-stub.o)
                              Middlewares/Third_Party/FreeRTOS/Source/queue.o (memcpy)
c:/st/stm32cubeide_1.0.0/stm32cubeide/plugins/com.st.stm32cube.ide.mcu.externaltools.gnu-tools-for-stm32.7-2018-q2-update.win32_1.0.0.201904181610/tools/bin/../lib/gcc/arm-none-eabi/7.3.1/../../../../arm-none-eabi/lib/thumb/v7e-m/fpv5/hard\libc_nano.a(lib_a-memset.o)
                              c:/st/stm32cubeide_1.0.0/stm32cubeide/plugins/com.st.stm32cube.ide.mcu.externaltools.gnu-tools-for-stm32.7-2018-q2-update.win32_1.0.0.201904181610/tools/bin/../lib/gcc/arm-none-eabi/7.3.1/../../../../arm-none-eabi/lib/thumb/v7e-m/fpv5/hard/crt0.o (memset)
c:/st/stm32cubeide_1.0.0/stm32cubeide/plugins/com.st.stm32cube.ide.mcu.externaltools.gnu-tools-for-stm32.7-2018-q2-update.win32_1.0.0.201904181610/tools/bin/../lib/gcc/arm-none-eabi/7.3.1/thumb/v7e-m/fpv5/hard\libgcc.a(_aeabi_uldivmod.o)
                              Drivers/STM32F7xx_HAL_Driver/Src/stm32f7xx_hal_rcc.o (__aeabi_uldivmod)
c:/st/stm32cubeide_1.0.0/stm32cubeide/plugins/com.st.stm32cube.ide.mcu.externaltools.gnu-tools-for-stm32.7-2018-q2-update.win32_1.0.0.201904181610/tools/bin/../lib/gcc/arm-none-eabi/7.3.1/thumb/v7e-m/fpv5/hard\libgcc.a(_udivmoddi4.o)
                              c:/st/stm32cubeide_1.0.0/stm32cubeide/plugins/com.st.stm32cube.ide.mcu.externaltools.gnu-tools-for-stm32.7-2018-q2-update.win32_1.0.0.201904181610/tools/bin/../lib/gcc/arm-none-eabi/7.3.1/thumb/v7e-m/fpv5/hard\libgcc.a(_aeabi_uldivmod.o) (__udivmoddi4)
c:/st/stm32cubeide_1.0.0/stm32cubeide/plugins/com.st.stm32cube.ide.mcu.externaltools.gnu-tools-for-stm32.7-2018-q2-update.win32_1.0.0.201904181610/tools/bin/../lib/gcc/arm-none-eabi/7.3.1/thumb/v7e-m/fpv5/hard\libgcc.a(_dvmd_tls.o)
                              c:/st/stm32cubeide_1.0.0/stm32cubeide/plugins/com.st.stm32cube.ide.mcu.externaltools.gnu-tools-for-stm32.7-2018-q2-update.win32_1.0.0.201904181610/tools/bin/../lib/gcc/arm-none-eabi/7.3.1/thumb/v7e-m/fpv5/hard\libgcc.a(_aeabi_uldivmod.o) (__aeabi_ldiv0)

Allocating common symbols
Common symbol       size              file

sdramHandle         0x34              Drivers/BSP/STM32F769I-Discovery/stm32f769i_discovery_sdram.o
invader             0x14a             Src/main.o
hdma_usart6_rx      0x60              Src/main.o
x                   0x64              Src/main.o
hspi2               0x64              Src/main.o
data2send           0xc8              Src/main.o
IdleTaskHandle      0x4               Src/main.o
data2receive        0x4               Src/main.o
hdsi                0x1c              Src/main.o
[...]
Memory Configuration

Name             Origin             Length             Attributes
FLASH            0x0000000008000000 0x0000000000200000 xr
RAM              0x0000000020000000 0x0000000000080000 xrw
*default*        0x0000000000000000 0xffffffffffffffff

Linker script and memory map

LOAD c:/st/stm32cubeide_1.0.0/stm32cubeide/plugins/com.st.stm32cube.ide.mcu.externaltools.gnu-tools-for-stm32.7-2018-q2-update.win32_1.0.0.201904181610/tools/bin/../lib/gcc/arm-none-eabi/7.3.1/thumb/v7e-m/fpv5/hard/crti.o
LOAD c:/st/stm32cubeide_1.0.0/stm32cubeide/plugins/com.st.stm32cube.ide.mcu.externaltools.gnu-tools-for-stm32.7-2018-q2-update.win32_1.0.0.201904181610/tools/bin/../lib/gcc/arm-none-eabi/7.3.1/thumb/v7e-m/fpv5/hard/crtbegin.o
LOAD c:/st/stm32cubeide_1.0.0/stm32cubeide/plugins/com.st.stm32cube.ide.mcu.externaltools.gnu-tools-for-stm32.7-2018-q2-update.win32_1.0.0.201904181610/tools/bin/../lib/gcc/arm-none-eabi/7.3.1/../../../../arm-none-eabi/lib/thumb/v7e-m/fpv5/hard/crt0.o
LOAD Drivers/BSP/Components/adv7533/adv7533.o
LOAD Drivers/BSP/Components/exc7200/exc7200.o
LOAD Drivers/BSP/Components/ft5336/ft5336.o
LOAD Drivers/BSP/Components/ft6x06/ft6x06.o
LOAD Drivers/BSP/Components/mfxstm32l152/mfxstm32l152.o
LOAD Drivers/BSP/Components/otm8009a/otm8009a.o
LOAD Drivers/BSP/Components/ov9655/ov9655.o
LOAD Drivers/BSP/Components/s5k5cag/s5k5cag.o
LOAD Drivers/BSP/Components/st7735/st7735.o
LOAD Drivers/BSP/Components/st7789h2/st7789h2.o
LOAD Drivers/BSP/Components/stmpe811/stmpe811.o
LOAD Drivers/BSP/Components/ts3510/ts3510.o
LOAD Drivers/BSP/Components/wm8994/wm8994.o
LOAD Drivers/BSP/STM32F769I-Discovery/stm32f769i_discovery.o
LOAD Drivers/BSP/STM32F769I-Discovery/stm32f769i_discovery_eeprom.o
LOAD Drivers/BSP/STM32F769I-Discovery/stm32f769i_discovery_lcd.o
LOAD Drivers/BSP/STM32F769I-Discovery/stm32f769i_discovery_sdram.o
LOAD Drivers/BSP/STM32F769I-Discovery/stm32f769i_discovery_ts.o
LOAD Drivers/STM32F7xx_HAL_Driver/Src/stm32f7xx_hal.o
LOAD Drivers/STM32F7xx_HAL_Driver/Src/stm32f7xx_hal_cortex.o
LOAD Drivers/STM32F7xx_HAL_Driver/Src/stm32f7xx_hal_dma.o
LOAD Drivers/STM32F7xx_HAL_Driver/Src/stm32f7xx_hal_dma2d.o
LOAD Drivers/STM32F7xx_HAL_Driver/Src/stm32f7xx_hal_dma_ex.o
LOAD Drivers/STM32F7xx_HAL_Driver/Src/stm32f7xx_hal_dsi.o
LOAD Drivers/STM32F7xx_HAL_Driver/Src/stm32f7xx_hal_exti.o
LOAD Drivers/STM32F7xx_HAL_Driver/Src/stm32f7xx_hal_flash.o
LOAD Drivers/STM32F7xx_HAL_Driver/Src/stm32f7xx_hal_flash_ex.o
LOAD Drivers/STM32F7xx_HAL_Driver/Src/stm32f7xx_hal_gpio.o
LOAD Drivers/STM32F7xx_HAL_Driver/Src/stm32f7xx_hal_i2c.o
LOAD Drivers/STM32F7xx_HAL_Driver/Src/stm32f7xx_hal_i2c_ex.o
LOAD Drivers/STM32F7xx_HAL_Driver/Src/stm32f7xx_hal_ltdc.o
LOAD Drivers/STM32F7xx_HAL_Driver/Src/stm32f7xx_hal_ltdc_ex.o
LOAD Drivers/STM32F7xx_HAL_Driver/Src/stm32f7xx_hal_pwr.o
LOAD Drivers/STM32F7xx_HAL_Driver/Src/stm32f7xx_hal_pwr_ex.o
LOAD Drivers/STM32F7xx_HAL_Driver/Src/stm32f7xx_hal_rcc.o
LOAD Drivers/STM32F7xx_HAL_Driver/Src/stm32f7xx_hal_rcc_ex.o
LOAD Drivers/STM32F7xx_HAL_Driver/Src/stm32f7xx_hal_sdram.o
LOAD Drivers/STM32F7xx_HAL_Driver/Src/stm32f7xx_hal_spi.o
LOAD Drivers/STM32F7xx_HAL_Driver/Src/stm32f7xx_hal_spi_ex.o
LOAD Drivers/STM32F7xx_HAL_Driver/Src/stm32f7xx_hal_tim.o
LOAD Drivers/STM32F7xx_HAL_Driver/Src/stm32f7xx_hal_tim_ex.o
LOAD Drivers/STM32F7xx_HAL_Driver/Src/stm32f7xx_hal_uart.o
LOAD Drivers/STM32F7xx_HAL_Driver/Src/stm32f7xx_hal_uart_ex.o
LOAD Drivers/STM32F7xx_HAL_Driver/Src/stm32f7xx_ll_fmc.o
LOAD Middlewares/Third_Party/FreeRTOS/Source/CMSIS_RTOS/cmsis_os.o
LOAD Middlewares/Third_Party/FreeRTOS/Source/croutine.o
LOAD Middlewares/Third_Party/FreeRTOS/Source/event_groups.o
LOAD Middlewares/Third_Party/FreeRTOS/Source/list.o
LOAD Middlewares/Third_Party/FreeRTOS/Source/queue.o
LOAD Middlewares/Third_Party/FreeRTOS/Source/stream_buffer.o
LOAD Middlewares/Third_Party/FreeRTOS/Source/tasks.o
LOAD Middlewares/Third_Party/FreeRTOS/Source/timers.o
LOAD Middlewares/Third_Party/FreeRTOS/Source/portable/GCC/ARM_CM7/r0p1/port.o
LOAD Middlewares/Third_Party/FreeRTOS/Source/portable/MemMang/heap_4.o
LOAD Src/freertos.o
LOAD Src/main.o
LOAD Src/stm32f7xx_hal_msp.o
LOAD Src/stm32f7xx_hal_timebase_tim.o
LOAD Src/stm32f7xx_it.o
LOAD Src/syscalls.o
LOAD Src/sysmem.o
LOAD Src/system_stm32f7xx.o
LOAD Startup/startup_stm32f769nihx.o
START GROUP
LOAD c:/st/stm32cubeide_1.0.0/stm32cubeide/plugins/com.st.stm32cube.ide.mcu.externaltools.gnu-tools-for-stm32.7-2018-q2-update.win32_1.0.0.201904181610/tools/bin/../lib/gcc/arm-none-eabi/7.3.1/../../../../arm-none-eabi/lib/thumb/v7e-m/fpv5/hard\libc_nano.a
LOAD c:/st/stm32cubeide_1.0.0/stm32cubeide/plugins/com.st.stm32cube.ide.mcu.externaltools.gnu-tools-for-stm32.7-2018-q2-update.win32_1.0.0.201904181610/tools/bin/../lib/gcc/arm-none-eabi/7.3.1/../../../../arm-none-eabi/lib/thumb/v7e-m/fpv5/hard\libm.a
END GROUP
START GROUP
LOAD c:/st/stm32cubeide_1.0.0/stm32cubeide/plugins/com.st.stm32cube.ide.mcu.externaltools.gnu-tools-for-stm32.7-2018-q2-update.win32_1.0.0.201904181610/tools/bin/../lib/gcc/arm-none-eabi/7.3.1/thumb/v7e-m/fpv5/hard\libgcc.a
LOAD c:/st/stm32cubeide_1.0.0/stm32cubeide/plugins/com.st.stm32cube.ide.mcu.externaltools.gnu-tools-for-stm32.7-2018-q2-update.win32_1.0.0.201904181610/tools/bin/../lib/gcc/arm-none-eabi/7.3.1/../../../../arm-none-eabi/lib/thumb/v7e-m/fpv5/hard\libc_nano.a
END GROUP
START GROUP
LOAD c:/st/stm32cubeide_1.0.0/stm32cubeide/plugins/com.st.stm32cube.ide.mcu.externaltools.gnu-tools-for-stm32.7-2018-q2-update.win32_1.0.0.201904181610/tools/bin/../lib/gcc/arm-none-eabi/7.3.1/thumb/v7e-m/fpv5/hard\libgcc.a
LOAD c:/st/stm32cubeide_1.0.0/stm32cubeide/plugins/com.st.stm32cube.ide.mcu.externaltools.gnu-tools-for-stm32.7-2018-q2-update.win32_1.0.0.201904181610/tools/bin/../lib/gcc/arm-none-eabi/7.3.1/../../../../arm-none-eabi/lib/thumb/v7e-m/fpv5/hard\libc_nano.a
LOAD c:/st/stm32cubeide_1.0.0/stm32cubeide/plugins/com.st.stm32cube.ide.mcu.externaltools.gnu-tools-for-stm32.7-2018-q2-update.win32_1.0.0.201904181610/tools/bin/../lib/gcc/arm-none-eabi/7.3.1/../../../../arm-none-eabi/lib/thumb/v7e-m/fpv5/hard\libnosys.a
END GROUP
START GROUP
LOAD c:/st/stm32cubeide_1.0.0/stm32cubeide/plugins/com.st.stm32cube.ide.mcu.externaltools.gnu-tools-for-stm32.7-2018-q2-update.win32_1.0.0.201904181610/tools/bin/../lib/gcc/arm-none-eabi/7.3.1/thumb/v7e-m/fpv5/hard\libgcc.a
LOAD c:/st/stm32cubeide_1.0.0/stm32cubeide/plugins/com.st.stm32cube.ide.mcu.externaltools.gnu-tools-for-stm32.7-2018-q2-update.win32_1.0.0.201904181610/tools/bin/../lib/gcc/arm-none-eabi/7.3.1/../../../../arm-none-eabi/lib/thumb/v7e-m/fpv5/hard\libc_nano.a
LOAD c:/st/stm32cubeide_1.0.0/stm32cubeide/plugins/com.st.stm32cube.ide.mcu.externaltools.gnu-tools-for-stm32.7-2018-q2-update.win32_1.0.0.201904181610/tools/bin/../lib/gcc/arm-none-eabi/7.3.1/../../../../arm-none-eabi/lib/thumb/v7e-m/fpv5/hard\libnosys.a
END GROUP
LOAD c:/st/stm32cubeide_1.0.0/stm32cubeide/plugins/com.st.stm32cube.ide.mcu.externaltools.gnu-tools-for-stm32.7-2018-q2-update.win32_1.0.0.201904181610/tools/bin/../lib/gcc/arm-none-eabi/7.3.1/thumb/v7e-m/fpv5/hard/crtend.o
LOAD c:/st/stm32cubeide_1.0.0/stm32cubeide/plugins/com.st.stm32cube.ide.mcu.externaltools.gnu-tools-for-stm32.7-2018-q2-update.win32_1.0.0.201904181610/tools/bin/../lib/gcc/arm-none-eabi/7.3.1/thumb/v7e-m/fpv5/hard/crtn.o
                0x000000002007ffff                _estack = 0x2007ffff
                0x0000000000000200                _Min_Heap_Size = 0x200
                0x0000000000000400                _Min_Stack_Size = 0x400

.isr_vector     0x0000000008000000      0x1f8
                0x0000000008000000                . = ALIGN (0x4)
 *(.isr_vector)
 .isr_vector    0x0000000008000000      0x1f8 Startup/startup_stm32f769nihx.o
                0x0000000008000000                g_pfnVectors
                0x00000000080001f8                . = ALIGN (0x4)

.text           0x0000000008000200     0xb330
                0x0000000008000200                . = ALIGN (0x4)
 *(.text)
 .text          0x0000000008000200       0x40 c:/st/stm32cubeide_1.0.0/stm32cubeide/plugins/com.st.stm32cube.ide.mcu.externaltools.gnu-tools-for-stm32.7-2018-q2-update.win32_1.0.0.201904181610/tools/bin/../lib/gcc/arm-none-eabi/7.3.1/thumb/v7e-m/fpv5/hard/crtbegin.o
 .text          0x0000000008000240       0x30 c:/st/stm32cubeide_1.0.0/stm32cubeide/plugins/com.st.stm32cube.ide.mcu.externaltools.gnu-tools-for-stm32.7-2018-q2-update.win32_1.0.0.201904181610/tools/bin/../lib/gcc/arm-none-eabi/7.3.1/thumb/v7e-m/fpv5/hard\libgcc.a(_aeabi_uldivmod.o)
                0x0000000008000240                __aeabi_uldivmod
 .text          0x0000000008000270      0x2cc c:/st/stm32cubeide_1.0.0/stm32cubeide/plugins/com.st.stm32cube.ide.mcu.externaltools.gnu-tools-for-stm32.7-2018-q2-update.win32_1.0.0.201904181610/tools/bin/../lib/gcc/arm-none-eabi/7.3.1/thumb/v7e-m/fpv5/hard\libgcc.a(_udivmoddi4.o)
                0x0000000008000270                __udivmoddi4
 .text          0x000000000800053c        0x4 c:/st/stm32cubeide_1.0.0/stm32cubeide/plugins/com.st.stm32cube.ide.mcu.externaltools.gnu-tools-for-stm32.7-2018-q2-update.win32_1.0.0.201904181610/tools/bin/../lib/gcc/arm-none-eabi/7.3.1/thumb/v7e-m/fpv5/hard\libgcc.a(_dvmd_tls.o)
                0x000000000800053c                __aeabi_idiv0
                0x000000000800053c                __aeabi_ldiv0
 *(.text*)
 .text.OTM8009A_Init
                0x0000000008000540      0x4ac Drivers/BSP/Components/otm8009a/otm8009a.o
                0x0000000008000540                OTM8009A_Init
 .text.BSP_LED_Init
                0x00000000080009ec       0x60 Drivers/BSP/STM32F769I-Discovery/stm32f769i_discovery.o
                0x00000000080009ec                BSP_LED_Init
 .text.BSP_LED_On
                0x0000000008000a4c       0x34 Drivers/BSP/STM32F769I-Discovery/stm32f769i_discovery.o
                0x0000000008000a4c                BSP_LED_On
 .text.OTM8009A_IO_Delay
                0x0000000008000a80       0x16 Drivers/BSP/STM32F769I-Discovery/stm32f769i_discovery.o
                0x0000000008000a80                OTM8009A_IO_Delay
 .text.BSP_LCD_Init
                0x0000000008000a96       0x10 Drivers/BSP/STM32F769I-Discovery/stm32f769i_discovery_lcd.o
                0x0000000008000a96                BSP_LCD_Init
 *fill*         0x0000000008000aa6        0x2 
 .text.BSP_LCD_InitEx
                0x0000000008000aa8      0x288 Drivers/BSP/STM32F769I-Discovery/stm32f769i_discovery_lcd.o
                0x0000000008000aa8                BSP_LCD_InitEx
 .text.BSP_LCD_Reset
                0x0000000008000d30       0x70 Drivers/BSP/STM32F769I-Discovery/stm32f769i_discovery_lcd.o
                0x0000000008000d30                BSP_LCD_Reset
 .text.BSP_LCD_GetXSize
                0x0000000008000da0       0x18 Drivers/BSP/STM32F769I-Discovery/stm32f769i_discovery_lcd.o
                0x0000000008000da0                BSP_LCD_GetXSize
 .text.BSP_LCD_GetYSize
                0x0000000008000db8       0x18 Drivers/BSP/STM32F769I-Discovery/stm32f769i_discovery_lcd.o
                0x0000000008000db8                BSP_LCD_GetYSize
 .text.BSP_LCD_LayerDefaultInit
                0x0000000008000dd0       0xc0 Drivers/BSP/STM32F769I-Discovery/stm32f769i_discovery_lcd.o
                0x0000000008000dd0                BSP_LCD_LayerDefaultInit
 .text.BSP_LCD_SetTextColor
                0x0000000008000e90       0x30 Drivers/BSP/STM32F769I-Discovery/stm32f769i_discovery_lcd.o
                0x0000000008000e90                BSP_LCD_SetTextColor
 .text.BSP_LCD_SetBackColor
                0x0000000008000ec0       0x34 Drivers/BSP/STM32F769I-Discovery/stm32f769i_discovery_lcd.o
                0x0000000008000ec0                BSP_LCD_SetBackColor
 .text.BSP_LCD_SetFont
                0x0000000008000ef4       0x34 Drivers/BSP/STM32F769I-Discovery/stm32f769i_discovery_lcd.o
                0x0000000008000ef4                BSP_LCD_SetFont
 .text.BSP_LCD_Clear
                0x0000000008000f28       0x50 Drivers/BSP/STM32F769I-Discovery/stm32f769i_discovery_lcd.o
                0x0000000008000f28                BSP_LCD_Clear
 .text.BSP_LCD_DrawBitmap
                0x0000000008000f78      0x160 Drivers/BSP/STM32F769I-Discovery/stm32f769i_discovery_lcd.o
                0x0000000008000f78                BSP_LCD_DrawBitmap
 .text.BSP_LCD_FillRect
                0x00000000080010d8       0xb4 Drivers/BSP/STM32F769I-Discovery/stm32f769i_discovery_lcd.o
                0x00000000080010d8                BSP_LCD_FillRect
 .text.DSI_IO_WriteCmd
                0x000000000800118c       0x54 Drivers/BSP/STM32F769I-Discovery/stm32f769i_discovery_lcd.o
                0x000000000800118c                DSI_IO_WriteCmd
 .text.LCD_IO_GetID
                0x00000000080011e0       0x10 Drivers/BSP/STM32F769I-Discovery/stm32f769i_discovery_lcd.o
 .text.BSP_LCD_MspInit
                0x00000000080011f0       0xd4 Drivers/BSP/STM32F769I-Discovery/stm32f769i_discovery_lcd.o
                0x00000000080011f0                BSP_LCD_MspInit
 .text.LL_FillBuffer
                0x00000000080012c4       0x70 Drivers/BSP/STM32F769I-Discovery/stm32f769i_discovery_lcd.o
 .text.LL_ConvertLineToARGB8888
                0x0000000008001334       0x88 Drivers/BSP/STM32F769I-Discovery/stm32f769i_discovery_lcd.o
 .text.BSP_SDRAM_Init
                0x00000000080013bc       0xbc Drivers/BSP/STM32F769I-Discovery/stm32f769i_discovery_sdram.o
                0x00000000080013bc                BSP_SDRAM_Init
 .text.BSP_SDRAM_Initialization_sequence
                0x0000000008001478       0xc0 Drivers/BSP/STM32F769I-Discovery/stm32f769i_discovery_sdram.o
                0x0000000008001478                BSP_SDRAM_Initialization_sequence
 .text.BSP_SDRAM_MspInit
                0x0000000008001538      0x1f4 Drivers/BSP/STM32F769I-Discovery/stm32f769i_discovery_sdram.o
                0x0000000008001538                BSP_SDRAM_MspInit
 .text.HAL_Init
                0x000000000800172c       0x1a Drivers/STM32F7xx_HAL_Driver/Src/stm32f7xx_hal.o
                0x000000000800172c                HAL_Init
 *fill*         0x0000000008001746        0x2 
 .text.HAL_IncTick
                0x0000000008001748       0x28 Drivers/STM32F7xx_HAL_Driver/Src/stm32f7xx_hal.o
                0x0000000008001748                HAL_IncTick
 .text.HAL_GetTick
                0x0000000008001770       0x18 Drivers/STM32F7xx_HAL_Driver/Src/stm32f7xx_hal.o
                0x0000000008001770                HAL_GetTick
 .text.HAL_Delay
                0x0000000008001788       0x44 Drivers/STM32F7xx_HAL_Driver/Src/stm32f7xx_hal.o
                0x0000000008001788                HAL_Delay
 .text.__NVIC_SetPriorityGrouping
                0x00000000080017cc       0x48 Drivers/STM32F7xx_HAL_Driver/Src/stm32f7xx_hal_cortex.o
 .text.__NVIC_GetPriorityGrouping
                0x0000000008001814       0x1c Drivers/STM32F7xx_HAL_Driver/Src/stm32f7xx_hal_cortex.o
 .text.__NVIC_EnableIRQ
                0x0000000008001830       0x3c Drivers/STM32F7xx_HAL_Driver/Src/stm32f7xx_hal_cortex.o
 .text.__NVIC_SetPriority
                0x000000000800186c       0x54 Drivers/STM32F7xx_HAL_Driver/Src/stm32f7xx_hal_cortex.o
 .text.NVIC_EncodePriority
                0x00000000080018c0       0x66 Drivers/STM32F7xx_HAL_Driver/Src/stm32f7xx_hal_cortex.o
 .text.HAL_NVIC_SetPriorityGrouping
                0x0000000008001926       0x16 Drivers/STM32F7xx_HAL_Driver/Src/stm32f7xx_hal_cortex.o
                0x0000000008001926                HAL_NVIC_SetPriorityGrouping
 .text.HAL_NVIC_SetPriority
                0x000000000800193c       0x38 Drivers/STM32F7xx_HAL_Driver/Src/stm32f7xx_hal_cortex.o
                0x000000000800193c                HAL_NVIC_SetPriority
 .text.HAL_NVIC_EnableIRQ
                0x0000000008001974       0x1c Drivers/STM32F7xx_HAL_Driver/Src/stm32f7xx_hal_cortex.o
                0x0000000008001974                HAL_NVIC_EnableIRQ
 .text.HAL_DMA_Init
                0x0000000008001990      0x15c Drivers/STM32F7xx_HAL_Driver/Src/stm32f7xx_hal_dma.o
                0x0000000008001990                HAL_DMA_Init
 .text.HAL_DMA_DeInit
                0x0000000008001aec       0xbc Drivers/STM32F7xx_HAL_Driver/Src/stm32f7xx_hal_dma.o
                0x0000000008001aec                HAL_DMA_DeInit
 .text.HAL_DMA_Start_IT
                0x0000000008001ba8       0xc0 Drivers/STM32F7xx_HAL_Driver/Src/stm32f7xx_hal_dma.o
                0x0000000008001ba8                HAL_DMA_Start_IT
 .text.HAL_DMA_Abort_IT
                0x0000000008001c68       0x44 Drivers/STM32F7xx_HAL_Driver/Src/stm32f7xx_hal_dma.o
                0x0000000008001c68                HAL_DMA_Abort_IT
 .text.HAL_DMA_IRQHandler
                0x0000000008001cac      0x314 Drivers/STM32F7xx_HAL_Driver/Src/stm32f7xx_hal_dma.o
                0x0000000008001cac                HAL_DMA_IRQHandler
 .text.DMA_SetConfig
                0x0000000008001fc0       0x5c Drivers/STM32F7xx_HAL_Driver/Src/stm32f7xx_hal_dma.o
 .text.DMA_CalcBaseAndBitshift
                0x000000000800201c       0x6c Drivers/STM32F7xx_HAL_Driver/Src/stm32f7xx_hal_dma.o
 .text.DMA_CheckFifoParam
                0x0000000008002088       0xf4 Drivers/STM32F7xx_HAL_Driver/Src/stm32f7xx_hal_dma.o
 .text.HAL_DMA2D_Init
                0x000000000800217c       0xb4 Drivers/STM32F7xx_HAL_Driver/Src/stm32f7xx_hal_dma2d.o
                0x000000000800217c                HAL_DMA2D_Init
 .text.HAL_DMA2D_Start
                0x0000000008002230       0x56 Drivers/STM32F7xx_HAL_Driver/Src/stm32f7xx_hal_dma2d.o
                0x0000000008002230                HAL_DMA2D_Start
 .text.HAL_DMA2D_PollForTransfer
                0x0000000008002286      0x1d2 Drivers/STM32F7xx_HAL_Driver/Src/stm32f7xx_hal_dma2d.o
                0x0000000008002286                HAL_DMA2D_PollForTransfer
 .text.HAL_DMA2D_ConfigLayer
                0x0000000008002458      0x13c Drivers/STM32F7xx_HAL_Driver/Src/stm32f7xx_hal_dma2d.o
                0x0000000008002458                HAL_DMA2D_ConfigLayer
 .text.DMA2D_SetConfig
                0x0000000008002594      0x138 Drivers/STM32F7xx_HAL_Driver/Src/stm32f7xx_hal_dma2d.o
 .text.DSI_ConfigPacketHeader
                0x00000000080026cc       0x32 Drivers/STM32F7xx_HAL_Driver/Src/stm32f7xx_hal_dsi.o
 .text.DSI_ShortWrite
                0x00000000080026fe       0x5e Drivers/STM32F7xx_HAL_Driver/Src/stm32f7xx_hal_dsi.o
 .text.HAL_DSI_Init
                0x000000000800275c      0x234 Drivers/STM32F7xx_HAL_Driver/Src/stm32f7xx_hal_dsi.o
                0x000000000800275c                HAL_DSI_Init
 .text.HAL_DSI_DeInit
                0x0000000008002990       0xe8 Drivers/STM32F7xx_HAL_Driver/Src/stm32f7xx_hal_dsi.o
                0x0000000008002990                HAL_DSI_DeInit
 .text.HAL_DSI_ConfigErrorMonitor
                0x0000000008002a78      0x178 Drivers/STM32F7xx_HAL_Driver/Src/stm32f7xx_hal_dsi.o
                0x0000000008002a78                HAL_DSI_ConfigErrorMonitor
 .text.HAL_DSI_SetGenericVCID
                0x0000000008002bf0       0x50 Drivers/STM32F7xx_HAL_Driver/Src/stm32f7xx_hal_dsi.o
                0x0000000008002bf0                HAL_DSI_SetGenericVCID
 .text.HAL_DSI_ConfigVideoMode
                0x0000000008002c40      0x400 Drivers/STM32F7xx_HAL_Driver/Src/stm32f7xx_hal_dsi.o
                0x0000000008002c40                HAL_DSI_ConfigVideoMode
 .text.HAL_DSI_ConfigAdaptedCommandMode
                0x0000000008003040      0x1b4 Drivers/STM32F7xx_HAL_Driver/Src/stm32f7xx_hal_dsi.o
                0x0000000008003040                HAL_DSI_ConfigAdaptedCommandMode
 .text.HAL_DSI_ConfigCommand
                0x00000000080031f4       0xbc Drivers/STM32F7xx_HAL_Driver/Src/stm32f7xx_hal_dsi.o
                0x00000000080031f4                HAL_DSI_ConfigCommand
 .text.HAL_DSI_ConfigFlowControl
                0x00000000080032b0       0x50 Drivers/STM32F7xx_HAL_Driver/Src/stm32f7xx_hal_dsi.o
                0x00000000080032b0                HAL_DSI_ConfigFlowControl
 .text.HAL_DSI_ConfigPhyTimer
                0x0000000008003300       0xd4 Drivers/STM32F7xx_HAL_Driver/Src/stm32f7xx_hal_dsi.o
                0x0000000008003300                HAL_DSI_ConfigPhyTimer
 .text.HAL_DSI_ConfigHostTimeouts
                0x00000000080033d4      0x190 Drivers/STM32F7xx_HAL_Driver/Src/stm32f7xx_hal_dsi.o
                0x00000000080033d4                HAL_DSI_ConfigHostTimeouts
 .text.HAL_DSI_Start
                0x0000000008003564       0x78 Drivers/STM32F7xx_HAL_Driver/Src/stm32f7xx_hal_dsi.o
                0x0000000008003564                HAL_DSI_Start
 .text.HAL_DSI_ShortWrite
                0x00000000080035dc       0x44 Drivers/STM32F7xx_HAL_Driver/Src/stm32f7xx_hal_dsi.o
                0x00000000080035dc                HAL_DSI_ShortWrite
 .text.HAL_DSI_LongWrite
                0x0000000008003620      0x130 Drivers/STM32F7xx_HAL_Driver/Src/stm32f7xx_hal_dsi.o
                0x0000000008003620                HAL_DSI_LongWrite
 .text.HAL_DSI_SetLowPowerRXFilter
                0x0000000008003750       0x5a Drivers/STM32F7xx_HAL_Driver/Src/stm32f7xx_hal_dsi.o
                0x0000000008003750                HAL_DSI_SetLowPowerRXFilter
 *fill*         0x00000000080037aa        0x2 
 .text.HAL_GPIO_Init
                0x00000000080037ac      0x354 Drivers/STM32F7xx_HAL_Driver/Src/stm32f7xx_hal_gpio.o
                0x00000000080037ac                HAL_GPIO_Init
 .text.HAL_GPIO_DeInit
                0x0000000008003b00      0x214 Drivers/STM32F7xx_HAL_Driver/Src/stm32f7xx_hal_gpio.o
                0x0000000008003b00                HAL_GPIO_DeInit
 .text.HAL_GPIO_WritePin
                0x0000000008003d14       0x32 Drivers/STM32F7xx_HAL_Driver/Src/stm32f7xx_hal_gpio.o
                0x0000000008003d14                HAL_GPIO_WritePin
 *fill*         0x0000000008003d46        0x2 
 .text.HAL_LTDC_Init
                0x0000000008003d48      0x1a0 Drivers/STM32F7xx_HAL_Driver/Src/stm32f7xx_hal_ltdc.o
                0x0000000008003d48                HAL_LTDC_Init
 .text.HAL_LTDC_ConfigLayer
                0x0000000008003ee8       0x7c Drivers/STM32F7xx_HAL_Driver/Src/stm32f7xx_hal_ltdc.o
                0x0000000008003ee8                HAL_LTDC_ConfigLayer
 .text.LTDC_SetConfig
                0x0000000008003f64      0x334 Drivers/STM32F7xx_HAL_Driver/Src/stm32f7xx_hal_ltdc.o
 .text.HAL_LTDCEx_StructInitFromVideoConfig
                0x0000000008004298       0xa0 Drivers/STM32F7xx_HAL_Driver/Src/stm32f7xx_hal_ltdc_ex.o
                0x0000000008004298                HAL_LTDCEx_StructInitFromVideoConfig
 .text.HAL_PWREx_EnableOverDrive
                0x0000000008004338       0xa0 Drivers/STM32F7xx_HAL_Driver/Src/stm32f7xx_hal_pwr_ex.o
                0x0000000008004338                HAL_PWREx_EnableOverDrive
 .text.HAL_RCC_OscConfig
                0x00000000080043d8      0x4e4 Drivers/STM32F7xx_HAL_Driver/Src/stm32f7xx_hal_rcc.o
                0x00000000080043d8                HAL_RCC_OscConfig
 .text.HAL_RCC_ClockConfig
                0x00000000080048bc      0x1d0 Drivers/STM32F7xx_HAL_Driver/Src/stm32f7xx_hal_rcc.o
                0x00000000080048bc                HAL_RCC_ClockConfig
 .text.HAL_RCC_GetSysClockFreq
                0x0000000008004a8c      0x164 Drivers/STM32F7xx_HAL_Driver/Src/stm32f7xx_hal_rcc.o
                0x0000000008004a8c                HAL_RCC_GetSysClockFreq
 .text.HAL_RCC_GetHCLKFreq
                0x0000000008004bf0       0x18 Drivers/STM32F7xx_HAL_Driver/Src/stm32f7xx_hal_rcc.o
                0x0000000008004bf0                HAL_RCC_GetHCLKFreq
 .text.HAL_RCC_GetPCLK1Freq
                0x0000000008004c08       0x28 Drivers/STM32F7xx_HAL_Driver/Src/stm32f7xx_hal_rcc.o
                0x0000000008004c08                HAL_RCC_GetPCLK1Freq
 .text.HAL_RCC_GetPCLK2Freq
                0x0000000008004c30       0x28 Drivers/STM32F7xx_HAL_Driver/Src/stm32f7xx_hal_rcc.o
                0x0000000008004c30                HAL_RCC_GetPCLK2Freq
 .text.HAL_RCC_GetClockConfig
                0x0000000008004c58       0x64 Drivers/STM32F7xx_HAL_Driver/Src/stm32f7xx_hal_rcc.o
                0x0000000008004c58                HAL_RCC_GetClockConfig
 .text.HAL_RCCEx_PeriphCLKConfig
                0x0000000008004cbc      0x84c Drivers/STM32F7xx_HAL_Driver/Src/stm32f7xx_hal_rcc_ex.o
                0x0000000008004cbc                HAL_RCCEx_PeriphCLKConfig
 .text.HAL_SDRAM_Init
                0x0000000008005508       0x68 Drivers/STM32F7xx_HAL_Driver/Src/stm32f7xx_hal_sdram.o
                0x0000000008005508                HAL_SDRAM_Init
 .text.HAL_SDRAM_SendCommand
                0x0000000008005570       0x56 Drivers/STM32F7xx_HAL_Driver/Src/stm32f7xx_hal_sdram.o
                0x0000000008005570                HAL_SDRAM_SendCommand
 .text.HAL_SDRAM_ProgramRefreshRate
                0x00000000080055c6       0x40 Drivers/STM32F7xx_HAL_Driver/Src/stm32f7xx_hal_sdram.o
                0x00000000080055c6                HAL_SDRAM_ProgramRefreshRate
 .text.HAL_SPI_Init
                0x0000000008005606      0x124 Drivers/STM32F7xx_HAL_Driver/Src/stm32f7xx_hal_spi.o
                0x0000000008005606                HAL_SPI_Init
 .text.HAL_SPI_TransmitReceive
                0x000000000800572a      0x426 Drivers/STM32F7xx_HAL_Driver/Src/stm32f7xx_hal_spi.o
                0x000000000800572a                HAL_SPI_TransmitReceive
 .text.SPI_WaitFlagStateUntilTimeout
                0x0000000008005b50       0xd4 Drivers/STM32F7xx_HAL_Driver/Src/stm32f7xx_hal_spi.o
 .text.SPI_WaitFifoStateUntilTimeout
                0x0000000008005c24       0xda Drivers/STM32F7xx_HAL_Driver/Src/stm32f7xx_hal_spi.o
 .text.SPI_EndRxTxTransaction
                0x0000000008005cfe       0x8c Drivers/STM32F7xx_HAL_Driver/Src/stm32f7xx_hal_spi.o
 .text.HAL_TIM_Base_Init
                0x0000000008005d8a       0x56 Drivers/STM32F7xx_HAL_Driver/Src/stm32f7xx_hal_tim.o
                0x0000000008005d8a                HAL_TIM_Base_Init
 .text.HAL_TIM_Base_MspInit
                0x0000000008005de0       0x14 Drivers/STM32F7xx_HAL_Driver/Src/stm32f7xx_hal_tim.o
                0x0000000008005de0                HAL_TIM_Base_MspInit
 .text.HAL_TIM_Base_Start_IT
                0x0000000008005df4       0x54 Drivers/STM32F7xx_HAL_Driver/Src/stm32f7xx_hal_tim.o
                0x0000000008005df4                HAL_TIM_Base_Start_IT
 .text.HAL_TIM_IRQHandler
                0x0000000008005e48      0x23e Drivers/STM32F7xx_HAL_Driver/Src/stm32f7xx_hal_tim.o
                0x0000000008005e48                HAL_TIM_IRQHandler
 .text.HAL_TIM_OC_DelayElapsedCallback
                0x0000000008006086       0x14 Drivers/STM32F7xx_HAL_Driver/Src/stm32f7xx_hal_tim.o
                0x0000000008006086                HAL_TIM_OC_DelayElapsedCallback
 .text.HAL_TIM_IC_CaptureCallback
                0x000000000800609a       0x14 Drivers/STM32F7xx_HAL_Driver/Src/stm32f7xx_hal_tim.o
                0x000000000800609a                HAL_TIM_IC_CaptureCallback
 .text.HAL_TIM_PWM_PulseFinishedCallback
                0x00000000080060ae       0x14 Drivers/STM32F7xx_HAL_Driver/Src/stm32f7xx_hal_tim.o
                0x00000000080060ae                HAL_TIM_PWM_PulseFinishedCallback
 .text.HAL_TIM_TriggerCallback
                0x00000000080060c2       0x14 Drivers/STM32F7xx_HAL_Driver/Src/stm32f7xx_hal_tim.o
                0x00000000080060c2                HAL_TIM_TriggerCallback
 *fill*         0x00000000080060d6        0x2 
 .text.TIM_Base_SetConfig
                0x00000000080060d8      0x140 Drivers/STM32F7xx_HAL_Driver/Src/stm32f7xx_hal_tim.o
                0x00000000080060d8                TIM_Base_SetConfig
 .text.HAL_TIMEx_CommutCallback
                0x0000000008006218       0x14 Drivers/STM32F7xx_HAL_Driver/Src/stm32f7xx_hal_tim_ex.o
                0x0000000008006218                HAL_TIMEx_CommutCallback
 .text.HAL_TIMEx_BreakCallback
                0x000000000800622c       0x14 Drivers/STM32F7xx_HAL_Driver/Src/stm32f7xx_hal_tim_ex.o
                0x000000000800622c                HAL_TIMEx_BreakCallback
 .text.HAL_TIMEx_Break2Callback
                0x0000000008006240       0x14 Drivers/STM32F7xx_HAL_Driver/Src/stm32f7xx_hal_tim_ex.o
                0x0000000008006240                HAL_TIMEx_Break2Callback
 .text.HAL_UART_Init
                0x0000000008006254       0x9c Drivers/STM32F7xx_HAL_Driver/Src/stm32f7xx_hal_uart.o
                0x0000000008006254                HAL_UART_Init
 .text.HAL_UART_Transmit_DMA
                0x00000000080062f0       0xf8 Drivers/STM32F7xx_HAL_Driver/Src/stm32f7xx_hal_uart.o
                0x00000000080062f0                HAL_UART_Transmit_DMA
 .text.HAL_UART_Receive_DMA
                0x00000000080063e8      0x108 Drivers/STM32F7xx_HAL_Driver/Src/stm32f7xx_hal_uart.o
                0x00000000080063e8                HAL_UART_Receive_DMA
 .text.HAL_UART_IRQHandler
                0x00000000080064f0      0x238 Drivers/STM32F7xx_HAL_Driver/Src/stm32f7xx_hal_uart.o
                0x00000000080064f0                HAL_UART_IRQHandler
 .text.HAL_UART_ErrorCallback
                0x0000000008006728       0x14 Drivers/STM32F7xx_HAL_Driver/Src/stm32f7xx_hal_uart.o
                0x0000000008006728                HAL_UART_ErrorCallback
 .text.UART_SetConfig
                0x000000000800673c      0x548 Drivers/STM32F7xx_HAL_Driver/Src/stm32f7xx_hal_uart.o
                0x000000000800673c                UART_SetConfig
 .text.UART_AdvFeatureConfig
                0x0000000008006c84      0x144 Drivers/STM32F7xx_HAL_Driver/Src/stm32f7xx_hal_uart.o
                0x0000000008006c84                UART_AdvFeatureConfig
 .text.UART_CheckIdleState
                0x0000000008006dc8       0x5e Drivers/STM32F7xx_HAL_Driver/Src/stm32f7xx_hal_uart.o
                0x0000000008006dc8                UART_CheckIdleState
 .text.UART_WaitOnFlagUntilTimeout
                0x0000000008006e26       0x90 Drivers/STM32F7xx_HAL_Driver/Src/stm32f7xx_hal_uart.o
                0x0000000008006e26                UART_WaitOnFlagUntilTimeout
 .text.UART_EndTxTransfer
                0x0000000008006eb6       0x2a Drivers/STM32F7xx_HAL_Driver/Src/stm32f7xx_hal_uart.o
 .text.UART_EndRxTransfer
                0x0000000008006ee0       0x40 Drivers/STM32F7xx_HAL_Driver/Src/stm32f7xx_hal_uart.o
 .text.UART_DMATransmitCplt
                0x0000000008006f20       0x50 Drivers/STM32F7xx_HAL_Driver/Src/stm32f7xx_hal_uart.o
 .text.UART_DMATxHalfCplt
                0x0000000008006f70       0x1c Drivers/STM32F7xx_HAL_Driver/Src/stm32f7xx_hal_uart.o
 .text.UART_DMAReceiveCplt
                0x0000000008006f8c       0x64 Drivers/STM32F7xx_HAL_Driver/Src/stm32f7xx_hal_uart.o
 .text.UART_DMARxHalfCplt
                0x0000000008006ff0       0x1c Drivers/STM32F7xx_HAL_Driver/Src/stm32f7xx_hal_uart.o
 .text.UART_DMAError
                0x000000000800700c       0x78 Drivers/STM32F7xx_HAL_Driver/Src/stm32f7xx_hal_uart.o
 .text.UART_DMAAbortOnError
                0x0000000008007084       0x2c Drivers/STM32F7xx_HAL_Driver/Src/stm32f7xx_hal_uart.o
 .text.UART_EndTransmit_IT
                0x00000000080070b0       0x32 Drivers/STM32F7xx_HAL_Driver/Src/stm32f7xx_hal_uart.o
 *fill*         0x00000000080070e2        0x2 
 .text.FMC_SDRAM_Init
                0x00000000080070e4       0xe4 Drivers/STM32F7xx_HAL_Driver/Src/stm32f7xx_ll_fmc.o
                0x00000000080070e4                FMC_SDRAM_Init
 .text.FMC_SDRAM_Timing_Init
                0x00000000080071c8      0x100 Drivers/STM32F7xx_HAL_Driver/Src/stm32f7xx_ll_fmc.o
                0x00000000080071c8                FMC_SDRAM_Timing_Init
 .text.FMC_SDRAM_SendCommand
                0x00000000080072c8       0x42 Drivers/STM32F7xx_HAL_Driver/Src/stm32f7xx_ll_fmc.o
                0x00000000080072c8                FMC_SDRAM_SendCommand
 .text.FMC_SDRAM_ProgramRefreshRate
                0x000000000800730a       0x26 Drivers/STM32F7xx_HAL_Driver/Src/stm32f7xx_ll_fmc.o
                0x000000000800730a                FMC_SDRAM_ProgramRefreshRate
 .text.makeFreeRtosPriority
                0x0000000008007330       0x30 Middlewares/Third_Party/FreeRTOS/Source/CMSIS_RTOS/cmsis_os.o
 .text.osKernelStart
                0x0000000008007360        0xe Middlewares/Third_Party/FreeRTOS/Source/CMSIS_RTOS/cmsis_os.o
                0x0000000008007360                osKernelStart
 .text.osThreadCreate
                0x000000000800736e       0x4e Middlewares/Third_Party/FreeRTOS/Source/CMSIS_RTOS/cmsis_os.o
                0x000000000800736e                osThreadCreate
 .text.osDelay  0x00000000080073bc       0x28 Middlewares/Third_Party/FreeRTOS/Source/CMSIS_RTOS/cmsis_os.o
                0x00000000080073bc                osDelay
 .text.vListInitialise
                0x00000000080073e4       0x40 Middlewares/Third_Party/FreeRTOS/Source/list.o
                0x00000000080073e4                vListInitialise
 .text.vListInitialiseItem
                0x0000000008007424       0x1a Middlewares/Third_Party/FreeRTOS/Source/list.o
                0x0000000008007424                vListInitialiseItem
 .text.vListInsertEnd
                0x000000000800743e       0x48 Middlewares/Third_Party/FreeRTOS/Source/list.o
                0x000000000800743e                vListInsertEnd
 .text.vListInsert
                0x0000000008007486       0x72 Middlewares/Third_Party/FreeRTOS/Source/list.o
                0x0000000008007486                vListInsert
 .text.uxListRemove
                0x00000000080074f8       0x54 Middlewares/Third_Party/FreeRTOS/Source/list.o
                0x00000000080074f8                uxListRemove
 .text.xQueueGenericReset
                0x000000000800754c       0xd4 Middlewares/Third_Party/FreeRTOS/Source/queue.o
                0x000000000800754c                xQueueGenericReset
 .text.xQueueGenericCreate
                0x0000000008007620       0x76 Middlewares/Third_Party/FreeRTOS/Source/queue.o
                0x0000000008007620                xQueueGenericCreate
 .text.prvInitialiseNewQueue
                0x0000000008007696       0x3e Middlewares/Third_Party/FreeRTOS/Source/queue.o
 .text.xQueueGenericSend
                0x00000000080076d4      0x204 Middlewares/Third_Party/FreeRTOS/Source/queue.o
                0x00000000080076d4                xQueueGenericSend
 .text.xQueueReceive
                0x00000000080078d8      0x1c4 Middlewares/Third_Party/FreeRTOS/Source/queue.o
                0x00000000080078d8                xQueueReceive
 .text.prvCopyDataToQueue
                0x0000000008007a9c       0xd4 Middlewares/Third_Party/FreeRTOS/Source/queue.o
 .text.prvCopyDataFromQueue
                0x0000000008007b70       0x4c Middlewares/Third_Party/FreeRTOS/Source/queue.o
 .text.prvUnlockQueue
                0x0000000008007bbc       0xa4 Middlewares/Third_Party/FreeRTOS/Source/queue.o
 .text.prvIsQueueEmpty
                0x0000000008007c60       0x2c Middlewares/Third_Party/FreeRTOS/Source/queue.o
 .text.prvIsQueueFull
                0x0000000008007c8c       0x30 Middlewares/Third_Party/FreeRTOS/Source/queue.o
 .text.xTaskCreate
                0x0000000008007cbc       0x82 Middlewares/Third_Party/FreeRTOS/Source/tasks.o
                0x0000000008007cbc                xTaskCreate
 .text.prvInitialiseNewTask
                0x0000000008007d3e      0x100 Middlewares/Third_Party/FreeRTOS/Source/tasks.o
 *fill*         0x0000000008007e3e        0x2 
 .text.prvAddNewTaskToReadyList
                0x0000000008007e40       0xd4 Middlewares/Third_Party/FreeRTOS/Source/tasks.o
 .text.vTaskDelayUntil
                0x0000000008007f14      0x100 Middlewares/Third_Party/FreeRTOS/Source/tasks.o
                0x0000000008007f14                vTaskDelayUntil
 .text.vTaskDelay
                0x0000000008008014       0x6c Middlewares/Third_Party/FreeRTOS/Source/tasks.o
                0x0000000008008014                vTaskDelay
 .text.vTaskStartScheduler
                0x0000000008008080       0x94 Middlewares/Third_Party/FreeRTOS/Source/tasks.o
                0x0000000008008080                vTaskStartScheduler
 .text.vTaskSuspendAll
                0x0000000008008114       0x1c Middlewares/Third_Party/FreeRTOS/Source/tasks.o
                0x0000000008008114                vTaskSuspendAll
 .text.xTaskResumeAll
                0x0000000008008130      0x13c Middlewares/Third_Party/FreeRTOS/Source/tasks.o
                0x0000000008008130                xTaskResumeAll
 .text.xTaskGetTickCount
                0x000000000800826c       0x20 Middlewares/Third_Party/FreeRTOS/Source/tasks.o
                0x000000000800826c                xTaskGetTickCount
 .text.xTaskIncrementTick
                0x000000000800828c      0x17c Middlewares/Third_Party/FreeRTOS/Source/tasks.o
                0x000000000800828c                xTaskIncrementTick
 .text.vTaskSwitchContext
                0x0000000008008408       0xb8 Middlewares/Third_Party/FreeRTOS/Source/tasks.o
                0x0000000008008408                vTaskSwitchContext
 .text.vTaskPlaceOnEventList
                0x00000000080084c0       0x4c Middlewares/Third_Party/FreeRTOS/Source/tasks.o
                0x00000000080084c0                vTaskPlaceOnEventList
 .text.xTaskRemoveFromEventList
                0x000000000800850c       0xc8 Middlewares/Third_Party/FreeRTOS/Source/tasks.o
                0x000000000800850c                xTaskRemoveFromEventList
 .text.vTaskInternalSetTimeOutState
                0x00000000080085d4       0x2c Middlewares/Third_Party/FreeRTOS/Source/tasks.o
                0x00000000080085d4                vTaskInternalSetTimeOutState
 .text.xTaskCheckForTimeOut
                0x0000000008008600       0xc8 Middlewares/Third_Party/FreeRTOS/Source/tasks.o
                0x0000000008008600                xTaskCheckForTimeOut
 .text.vTaskMissedYield
                0x00000000080086c8       0x18 Middlewares/Third_Party/FreeRTOS/Source/tasks.o
                0x00000000080086c8                vTaskMissedYield
 .text.prvIdleTask
                0x00000000080086e0       0x30 Middlewares/Third_Party/FreeRTOS/Source/tasks.o
 .text.prvInitialiseTaskLists
                0x0000000008008710       0x80 Middlewares/Third_Party/FreeRTOS/Source/tasks.o
 .text.prvCheckTasksWaitingTermination
                0x0000000008008790       0x58 Middlewares/Third_Party/FreeRTOS/Source/tasks.o
 .text.prvDeleteTCB
                0x00000000080087e8       0x20 Middlewares/Third_Party/FreeRTOS/Source/tasks.o
 .text.prvResetNextTaskUnblockTime
                0x0000000008008808       0x4c Middlewares/Third_Party/FreeRTOS/Source/tasks.o
 .text.xTaskGetSchedulerState
                0x0000000008008854       0x3c Middlewares/Third_Party/FreeRTOS/Source/tasks.o
                0x0000000008008854                xTaskGetSchedulerState
 .text.xTaskPriorityDisinherit
                0x0000000008008890      0x110 Middlewares/Third_Party/FreeRTOS/Source/tasks.o
                0x0000000008008890                xTaskPriorityDisinherit
 .text.prvAddCurrentTaskToDelayedList
                0x00000000080089a0       0xcc Middlewares/Third_Party/FreeRTOS/Source/tasks.o
 .text.pxPortInitialiseStack
                0x0000000008008a6c       0x68 Middlewares/Third_Party/FreeRTOS/Source/portable/GCC/ARM_CM7/r0p1/port.o
                0x0000000008008a6c                pxPortInitialiseStack
 .text.prvTaskExitError
                0x0000000008008ad4       0x5c Middlewares/Third_Party/FreeRTOS/Source/portable/GCC/ARM_CM7/r0p1/port.o
 .text.SVC_Handler
                0x0000000008008b30       0x28 Middlewares/Third_Party/FreeRTOS/Source/portable/GCC/ARM_CM7/r0p1/port.o
                0x0000000008008b30                SVC_Handler
 .text.prvPortStartFirstTask
                0x0000000008008b58       0x28 Middlewares/Third_Party/FreeRTOS/Source/portable/GCC/ARM_CM7/r0p1/port.o
 .text.xPortStartScheduler
                0x0000000008008b80       0xf8 Middlewares/Third_Party/FreeRTOS/Source/portable/GCC/ARM_CM7/r0p1/port.o
                0x0000000008008b80                xPortStartScheduler
 .text.vPortEnterCritical
                0x0000000008008c78       0x64 Middlewares/Third_Party/FreeRTOS/Source/portable/GCC/ARM_CM7/r0p1/port.o
                0x0000000008008c78                vPortEnterCritical
 .text.vPortExitCritical
                0x0000000008008cdc       0x54 Middlewares/Third_Party/FreeRTOS/Source/portable/GCC/ARM_CM7/r0p1/port.o
                0x0000000008008cdc                vPortExitCritical
 .text.PendSV_Handler
                0x0000000008008d30       0x68 Middlewares/Third_Party/FreeRTOS/Source/portable/GCC/ARM_CM7/r0p1/port.o
                0x0000000008008d30                PendSV_Handler
 .text.SysTick_Handler
                0x0000000008008d98       0x44 Middlewares/Third_Party/FreeRTOS/Source/portable/GCC/ARM_CM7/r0p1/port.o
                0x0000000008008d98                SysTick_Handler
 .text.vPortSetupTimerInterrupt
                0x0000000008008ddc       0x48 Middlewares/Third_Party/FreeRTOS/Source/portable/GCC/ARM_CM7/r0p1/port.o
                0x0000000008008ddc                vPortSetupTimerInterrupt
 .text.vPortEnableVFP
                0x0000000008008e24       0x14 Middlewares/Third_Party/FreeRTOS/Source/portable/GCC/ARM_CM7/r0p1/port.o
 .text.pvPortMalloc
                0x0000000008008e38      0x190 Middlewares/Third_Party/FreeRTOS/Source/portable/MemMang/heap_4.o
                0x0000000008008e38                pvPortMalloc
 .text.vPortFree
                0x0000000008008fc8       0xb8 Middlewares/Third_Party/FreeRTOS/Source/portable/MemMang/heap_4.o
                0x0000000008008fc8                vPortFree
 .text.prvHeapInit
                0x0000000008009080       0xc4 Middlewares/Third_Party/FreeRTOS/Source/portable/MemMang/heap_4.o
 .text.prvInsertBlockIntoFreeList
                0x0000000008009144       0xb4 Middlewares/Third_Party/FreeRTOS/Source/portable/MemMang/heap_4.o
 .text.SCB_EnableICache
                0x00000000080091f8       0x40 Src/main.o
 .text.SCB_EnableDCache
                0x0000000008009238       0x80 Src/main.o
 .text.main     0x00000000080092b8      0x15c Src/main.o
                0x00000000080092b8                main
 .text.SystemClock_Config
                0x0000000008009414      0x138 Src/main.o
                0x0000000008009414                SystemClock_Config
 .text.MX_DMA2D_Init
                0x000000000800954c       0x70 Src/main.o
 .text.MX_DSIHOST_DSI_Init
                0x00000000080095bc      0x1e8 Src/main.o
 .text.MX_LTDC_Init
                0x00000000080097a4      0x164 Src/main.o
 .text.MX_SPI2_Init
                0x0000000008009908       0x7c Src/main.o
 .text.MX_USART6_UART_Init
                0x0000000008009984       0x70 Src/main.o
 .text.MX_DMA_Init
                0x00000000080099f4       0x4c Src/main.o
 .text.MX_FMC_Init
                0x0000000008009a40       0x9c Src/main.o
 .text.MX_GPIO_Init
                0x0000000008009adc      0x140 Src/main.o
 .text.LCD_Config
                0x0000000008009c1c       0x44 Src/main.o
 .text.get_joystick_master_SPI_sdr
                0x0000000008009c60       0xc4 Src/main.o
                0x0000000008009c60                get_joystick_master_SPI_sdr
 .text.cannon_master_rcv
                0x0000000008009d24      0x384 Src/main.o
                0x0000000008009d24                cannon_master_rcv
 .text.cannon_slave_rcv
                0x000000000800a0a8      0x310 Src/main.o
                0x000000000800a0a8                cannon_slave_rcv
 .text.invaders_sdr
                0x000000000800a3b8      0x730 Src/main.o
                0x000000000800a3b8                invaders_sdr
 .text.send_slave_UART
                0x000000000800aae8       0xc4 Src/main.o
                0x000000000800aae8                send_slave_UART
 .text.receive_slave_joystick_UART
                0x000000000800abac       0xe4 Src/main.o
                0x000000000800abac                receive_slave_joystick_UART
 .text.DMA1_Stream6_IRQHandler
                0x000000000800ac90       0x14 Src/main.o
                0x000000000800ac90                DMA1_Stream6_IRQHandler
 .text.HAL_UART_TxCpltCallback
                0x000000000800aca4       0x2c Src/main.o
                0x000000000800aca4                HAL_UART_TxCpltCallback
 .text.HAL_UART_TxHalfCpltCallback
                0x000000000800acd0       0x2c Src/main.o
                0x000000000800acd0                HAL_UART_TxHalfCpltCallback
 .text.HAL_UART_RxCpltCallback
                0x000000000800acfc       0x2c Src/main.o
                0x000000000800acfc                HAL_UART_RxCpltCallback
 .text.HAL_UART_RxHalfCpltCallback
                0x000000000800ad28       0x2c Src/main.o
                0x000000000800ad28                HAL_UART_RxHalfCpltCallback
 .text.StartIdleTask
                0x000000000800ad54       0x10 Src/main.o
                0x000000000800ad54                StartIdleTask
 .text.HAL_TIM_PeriodElapsedCallback
                0x000000000800ad64       0x24 Src/main.o
                0x000000000800ad64                HAL_TIM_PeriodElapsedCallback
 .text.Error_Handler
                0x000000000800ad88        0xe Src/main.o
                0x000000000800ad88                Error_Handler
 *fill*         0x000000000800ad96        0x2 
 .text.HAL_MspInit
                0x000000000800ad98       0x50 Src/stm32f7xx_hal_msp.o
                0x000000000800ad98                HAL_MspInit
 .text.HAL_DMA2D_MspInit
                0x000000000800ade8       0x40 Src/stm32f7xx_hal_msp.o
                0x000000000800ade8                HAL_DMA2D_MspInit
 .text.HAL_DSI_MspInit
                0x000000000800ae28       0x88 Src/stm32f7xx_hal_msp.o
                0x000000000800ae28                HAL_DSI_MspInit
 .text.HAL_DSI_MspDeInit
                0x000000000800aeb0       0x3c Src/stm32f7xx_hal_msp.o
                0x000000000800aeb0                HAL_DSI_MspDeInit
 .text.HAL_LTDC_MspInit
                0x000000000800aeec       0x40 Src/stm32f7xx_hal_msp.o
                0x000000000800aeec                HAL_LTDC_MspInit
 .text.HAL_SPI_MspInit
                0x000000000800af2c       0xc8 Src/stm32f7xx_hal_msp.o
                0x000000000800af2c                HAL_SPI_MspInit
 .text.HAL_UART_MspInit
                0x000000000800aff4      0x164 Src/stm32f7xx_hal_msp.o
                0x000000000800aff4                HAL_UART_MspInit
 .text.HAL_FMC_MspInit
                0x000000000800b158      0x148 Src/stm32f7xx_hal_msp.o
 .text.HAL_SDRAM_MspInit
                0x000000000800b2a0       0x14 Src/stm32f7xx_hal_msp.o
                0x000000000800b2a0                HAL_SDRAM_MspInit
 .text.HAL_InitTick
                0x000000000800b2b4       0xb0 Src/stm32f7xx_hal_timebase_tim.o
                0x000000000800b2b4                HAL_InitTick
 .text.NMI_Handler
                0x000000000800b364        0xe Src/stm32f7xx_it.o
                0x000000000800b364                NMI_Handler
 .text.HardFault_Handler
                0x000000000800b372        0x6 Src/stm32f7xx_it.o
                0x000000000800b372                HardFault_Handler
 .text.MemManage_Handler
                0x000000000800b378        0x6 Src/stm32f7xx_it.o
                0x000000000800b378                MemManage_Handler
 .text.BusFault_Handler
                0x000000000800b37e        0x6 Src/stm32f7xx_it.o
                0x000000000800b37e                BusFault_Handler
 .text.UsageFault_Handler
                0x000000000800b384        0x6 Src/stm32f7xx_it.o
                0x000000000800b384                UsageFault_Handler
 .text.DebugMon_Handler
                0x000000000800b38a        0xe Src/stm32f7xx_it.o
                0x000000000800b38a                DebugMon_Handler
 .text.TIM7_IRQHandler
                0x000000000800b398       0x14 Src/stm32f7xx_it.o
                0x000000000800b398                TIM7_IRQHandler
 .text.DMA2_Stream1_IRQHandler
                0x000000000800b3ac       0x14 Src/stm32f7xx_it.o
                0x000000000800b3ac                DMA2_Stream1_IRQHandler
 .text.DMA2_Stream6_IRQHandler
                0x000000000800b3c0       0x14 Src/stm32f7xx_it.o
                0x000000000800b3c0                DMA2_Stream6_IRQHandler
 .text.USART6_IRQHandler
                0x000000000800b3d4       0x14 Src/stm32f7xx_it.o
                0x000000000800b3d4                USART6_IRQHandler
 .text.SystemInit
                0x000000000800b3e8       0x6c Src/system_stm32f7xx.o
                0x000000000800b3e8                SystemInit
 .text.Reset_Handler
                0x000000000800b454       0x50 Startup/startup_stm32f769nihx.o
                0x000000000800b454                Reset_Handler
 .text.Default_Handler
                0x000000000800b4a4        0x2 Startup/startup_stm32f769nihx.o
                0x000000000800b4a4                RTC_Alarm_IRQHandler
                0x000000000800b4a4                EXTI2_IRQHandler
                0x000000000800b4a4                TIM8_CC_IRQHandler
                0x000000000800b4a4                UART8_IRQHandler
                0x000000000800b4a4                SPI4_IRQHandler
                0x000000000800b4a4                TIM1_CC_IRQHandler
                0x000000000800b4a4                DMA2_Stream5_IRQHandler
                0x000000000800b4a4                JPEG_IRQHandler
                0x000000000800b4a4                DMA1_Stream5_IRQHandler
                0x000000000800b4a4                CAN3_RX1_IRQHandler
                0x000000000800b4a4                PVD_IRQHandler
                0x000000000800b4a4                TAMP_STAMP_IRQHandler
                0x000000000800b4a4                CAN2_RX1_IRQHandler
                0x000000000800b4a4                EXTI3_IRQHandler
                0x000000000800b4a4                TIM8_TRG_COM_TIM14_IRQHandler
                0x000000000800b4a4                DFSDM1_FLT1_IRQHandler
                0x000000000800b4a4                TIM1_UP_TIM10_IRQHandler
                0x000000000800b4a4                TIM8_UP_TIM13_IRQHandler
                0x000000000800b4a4                I2C3_ER_IRQHandler
                0x000000000800b4a4                DFSDM1_FLT2_IRQHandler
                0x000000000800b4a4                EXTI0_IRQHandler
                0x000000000800b4a4                I2C2_EV_IRQHandler
                0x000000000800b4a4                DMA1_Stream2_IRQHandler
                0x000000000800b4a4                CAN1_RX0_IRQHandler
                0x000000000800b4a4                FPU_IRQHandler
                0x000000000800b4a4                OTG_HS_WKUP_IRQHandler
                0x000000000800b4a4                CAN3_SCE_IRQHandler
                0x000000000800b4a4                LTDC_ER_IRQHandler
                0x000000000800b4a4                CAN2_SCE_IRQHandler
                0x000000000800b4a4                DMA2_Stream2_IRQHandler
                0x000000000800b4a4                SPI1_IRQHandler
                0x000000000800b4a4                TIM6_DAC_IRQHandler
                0x000000000800b4a4                TIM1_BRK_TIM9_IRQHandler
                0x000000000800b4a4                DCMI_IRQHandler
                0x000000000800b4a4                CAN2_RX0_IRQHandler
                0x000000000800b4a4                DMA2_Stream3_IRQHandler
                0x000000000800b4a4                SAI2_IRQHandler
                0x000000000800b4a4                DFSDM1_FLT3_IRQHandler
                0x000000000800b4a4                CAN3_RX0_IRQHandler
                0x000000000800b4a4                USART3_IRQHandler
                0x000000000800b4a4                CAN1_RX1_IRQHandler
                0x000000000800b4a4                UART5_IRQHandler
                0x000000000800b4a4                DMA2_Stream0_IRQHandler
                0x000000000800b4a4                TIM4_IRQHandler
                0x000000000800b4a4                QUADSPI_IRQHandler
                0x000000000800b4a4                I2C1_EV_IRQHandler
                0x000000000800b4a4                DMA1_Stream1_IRQHandler
                0x000000000800b4a4                UART4_IRQHandler
                0x000000000800b4a4                TIM3_IRQHandler
                0x000000000800b4a4                RCC_IRQHandler
                0x000000000800b4a4                TIM8_BRK_TIM12_IRQHandler
                0x000000000800b4a4                Default_Handler
                0x000000000800b4a4                CEC_IRQHandler
                0x000000000800b4a4                EXTI15_10_IRQHandler
                0x000000000800b4a4                ADC_IRQHandler
                0x000000000800b4a4                DMA1_Stream7_IRQHandler
                0x000000000800b4a4                SPI5_IRQHandler
                0x000000000800b4a4                SDMMC1_IRQHandler
                0x000000000800b4a4                CAN2_TX_IRQHandler
                0x000000000800b4a4                TIM5_IRQHandler
                0x000000000800b4a4                DMA2_Stream7_IRQHandler
                0x000000000800b4a4                I2C3_EV_IRQHandler
                0x000000000800b4a4                EXTI9_5_IRQHandler
                0x000000000800b4a4                RTC_WKUP_IRQHandler
                0x000000000800b4a4                LTDC_IRQHandler
                0x000000000800b4a4                ETH_WKUP_IRQHandler
                0x000000000800b4a4                SPDIF_RX_IRQHandler
                0x000000000800b4a4                SPI2_IRQHandler
                0x000000000800b4a4                OTG_HS_EP1_IN_IRQHandler
                0x000000000800b4a4                DMA1_Stream0_IRQHandler
                0x000000000800b4a4                CAN1_TX_IRQHandler
                0x000000000800b4a4                EXTI4_IRQHandler
                0x000000000800b4a4                RNG_IRQHandler
                0x000000000800b4a4                DSI_IRQHandler
                0x000000000800b4a4                ETH_IRQHandler
                0x000000000800b4a4                OTG_HS_EP1_OUT_IRQHandler
                0x000000000800b4a4                WWDG_IRQHandler
                0x000000000800b4a4                SPI6_IRQHandler
                0x000000000800b4a4                MDIOS_IRQHandler
                0x000000000800b4a4                I2C4_EV_IRQHandler
                0x000000000800b4a4                CAN3_TX_IRQHandler
                0x000000000800b4a4                TIM2_IRQHandler
                0x000000000800b4a4                OTG_FS_WKUP_IRQHandler
                0x000000000800b4a4                TIM1_TRG_COM_TIM11_IRQHandler
                0x000000000800b4a4                OTG_HS_IRQHandler
                0x000000000800b4a4                DMA2D_IRQHandler
                0x000000000800b4a4                EXTI1_IRQHandler
                0x000000000800b4a4                SDMMC2_IRQHandler
                0x000000000800b4a4                UART7_IRQHandler
                0x000000000800b4a4                USART2_IRQHandler
                0x000000000800b4a4                DFSDM1_FLT0_IRQHandler
                0x000000000800b4a4                I2C2_ER_IRQHandler
                0x000000000800b4a4                CAN1_SCE_IRQHandler
                0x000000000800b4a4                FLASH_IRQHandler
                0x000000000800b4a4                DMA2_Stream4_IRQHandler
                0x000000000800b4a4                USART1_IRQHandler
                0x000000000800b4a4                OTG_FS_IRQHandler
                0x000000000800b4a4                SPI3_IRQHandler
                0x000000000800b4a4                DMA1_Stream4_IRQHandler
                0x000000000800b4a4                I2C1_ER_IRQHandler
                0x000000000800b4a4                FMC_IRQHandler
                0x000000000800b4a4                LPTIM1_IRQHandler
                0x000000000800b4a4                I2C4_ER_IRQHandler
                0x000000000800b4a4                SAI1_IRQHandler
                0x000000000800b4a4                DMA1_Stream3_IRQHandler
 *fill*         0x000000000800b4a6        0x2 
 .text.__libc_init_array
                0x000000000800b4a8       0x48 c:/st/stm32cubeide_1.0.0/stm32cubeide/plugins/com.st.stm32cube.ide.mcu.externaltools.gnu-tools-for-stm32.7-2018-q2-update.win32_1.0.0.201904181610/tools/bin/../lib/gcc/arm-none-eabi/7.3.1/../../../../arm-none-eabi/lib/thumb/v7e-m/fpv5/hard\libc_nano.a(lib_a-init.o)
                0x000000000800b4a8                __libc_init_array
 .text.memcpy   0x000000000800b4f0       0x16 c:/st/stm32cubeide_1.0.0/stm32cubeide/plugins/com.st.stm32cube.ide.mcu.externaltools.gnu-tools-for-stm32.7-2018-q2-update.win32_1.0.0.201904181610/tools/bin/../lib/gcc/arm-none-eabi/7.3.1/../../../../arm-none-eabi/lib/thumb/v7e-m/fpv5/hard\libc_nano.a(lib_a-memcpy-stub.o)
                0x000000000800b4f0                memcpy
 .text.memset   0x000000000800b506       0x10 c:/st/stm32cubeide_1.0.0/stm32cubeide/plugins/com.st.stm32cube.ide.mcu.externaltools.gnu-tools-for-stm32.7-2018-q2-update.win32_1.0.0.201904181610/tools/bin/../lib/gcc/arm-none-eabi/7.3.1/../../../../arm-none-eabi/lib/thumb/v7e-m/fpv5/hard\libc_nano.a(lib_a-memset.o)
                0x000000000800b506                memset
 *(.glue_7)
 .glue_7        0x000000000800b516        0x0 linker stubs
 *(.glue_7t)
 .glue_7t       0x000000000800b516        0x0 linker stubs
 *(.eh_frame)
 *fill*         0x000000000800b516        0x2 
 .eh_frame      0x000000000800b518        0x0 c:/st/stm32cubeide_1.0.0/stm32cubeide/plugins/com.st.stm32cube.ide.mcu.externaltools.gnu-tools-for-stm32.7-2018-q2-update.win32_1.0.0.201904181610/tools/bin/../lib/gcc/arm-none-eabi/7.3.1/thumb/v7e-m/fpv5/hard/crtbegin.o
 *(.init)
 .init          0x000000000800b518        0x4 c:/st/stm32cubeide_1.0.0/stm32cubeide/plugins/com.st.stm32cube.ide.mcu.externaltools.gnu-tools-for-stm32.7-2018-q2-update.win32_1.0.0.201904181610/tools/bin/../lib/gcc/arm-none-eabi/7.3.1/thumb/v7e-m/fpv5/hard/crti.o
                0x000000000800b518                _init
 .init          0x000000000800b51c        0x8 c:/st/stm32cubeide_1.0.0/stm32cubeide/plugins/com.st.stm32cube.ide.mcu.externaltools.gnu-tools-for-stm32.7-2018-q2-update.win32_1.0.0.201904181610/tools/bin/../lib/gcc/arm-none-eabi/7.3.1/thumb/v7e-m/fpv5/hard/crtn.o
 *(.fini)
 .fini          0x000000000800b524        0x4 c:/st/stm32cubeide_1.0.0/stm32cubeide/plugins/com.st.stm32cube.ide.mcu.externaltools.gnu-tools-for-stm32.7-2018-q2-update.win32_1.0.0.201904181610/tools/bin/../lib/gcc/arm-none-eabi/7.3.1/thumb/v7e-m/fpv5/hard/crti.o
                0x000000000800b524                _fini
 .fini          0x000000000800b528        0x8 c:/st/stm32cubeide_1.0.0/stm32cubeide/plugins/com.st.stm32cube.ide.mcu.externaltools.gnu-tools-for-stm32.7-2018-q2-update.win32_1.0.0.201904181610/tools/bin/../lib/gcc/arm-none-eabi/7.3.1/thumb/v7e-m/fpv5/hard/crtn.o
                0x000000000800b530                . = ALIGN (0x4)
                0x000000000800b530                _etext = .

.vfp11_veneer   0x000000000800b530        0x0
 .vfp11_veneer  0x000000000800b530        0x0 linker stubs

.v4_bx          0x000000000800b530        0x0
 .v4_bx         0x000000000800b530        0x0 linker stubs

.iplt           0x000000000800b530        0x0
 .iplt          0x000000000800b530        0x0 c:/st/stm32cubeide_1.0.0/stm32cubeide/plugins/com.st.stm32cube.ide.mcu.externaltools.gnu-tools-for-stm32.7-2018-q2-update.win32_1.0.0.201904181610/tools/bin/../lib/gcc/arm-none-eabi/7.3.1/thumb/v7e-m/fpv5/hard/crtbegin.o

.rodata         0x000000000800b530     0x1d90
                0x000000000800b530                . = ALIGN (0x4)
 *(.rodata)
 .rodata        0x000000000800b530        0x5 Middlewares/Third_Party/FreeRTOS/Source/tasks.o
 *fill*         0x000000000800b535        0x3 
 .rodata        0x000000000800b538       0x9c Src/main.o
 *(.rodata*)
 .rodata.lcdRegData1
                0x000000000800b5d4        0x4 Drivers/BSP/Components/otm8009a/otm8009a.o
                0x000000000800b5d4                lcdRegData1
 .rodata.lcdRegData2
                0x000000000800b5d8        0x3 Drivers/BSP/Components/otm8009a/otm8009a.o
                0x000000000800b5d8                lcdRegData2
 *fill*         0x000000000800b5db        0x1 
 .rodata.lcdRegData3
                0x000000000800b5dc       0x11 Drivers/BSP/Components/otm8009a/otm8009a.o
                0x000000000800b5dc                lcdRegData3
 *fill*         0x000000000800b5ed        0x3 
 .rodata.lcdRegData4
                0x000000000800b5f0       0x11 Drivers/BSP/Components/otm8009a/otm8009a.o
                0x000000000800b5f0                lcdRegData4
 *fill*         0x000000000800b601        0x3 
 .rodata.lcdRegData5
                0x000000000800b604        0x3 Drivers/BSP/Components/otm8009a/otm8009a.o
                0x000000000800b604                lcdRegData5
 *fill*         0x000000000800b607        0x1 
 .rodata.lcdRegData6
                0x000000000800b608        0x3 Drivers/BSP/Components/otm8009a/otm8009a.o
                0x000000000800b608                lcdRegData6
 *fill*         0x000000000800b60b        0x1 
 .rodata.lcdRegData7
                0x000000000800b60c        0x7 Drivers/BSP/Components/otm8009a/otm8009a.o
                0x000000000800b60c                lcdRegData7
 *fill*         0x000000000800b613        0x1 
 .rodata.lcdRegData8
                0x000000000800b614        0xf Drivers/BSP/Components/otm8009a/otm8009a.o
                0x000000000800b614                lcdRegData8
 *fill*         0x000000000800b623        0x1 
 .rodata.lcdRegData9
                0x000000000800b624        0xf Drivers/BSP/Components/otm8009a/otm8009a.o
                0x000000000800b624                lcdRegData9
 *fill*         0x000000000800b633        0x1 
 .rodata.lcdRegData10
                0x000000000800b634        0xb Drivers/BSP/Components/otm8009a/otm8009a.o
                0x000000000800b634                lcdRegData10
 *fill*         0x000000000800b63f        0x1 
 .rodata.lcdRegData11
                0x000000000800b640        0xb Drivers/BSP/Components/otm8009a/otm8009a.o
                0x000000000800b640                lcdRegData11
 *fill*         0x000000000800b64b        0x1 
 .rodata.lcdRegData12
                0x000000000800b64c       0x10 Drivers/BSP/Components/otm8009a/otm8009a.o
                0x000000000800b64c                lcdRegData12
 .rodata.lcdRegData13
                0x000000000800b65c       0x10 Drivers/BSP/Components/otm8009a/otm8009a.o
                0x000000000800b65c                lcdRegData13
 .rodata.lcdRegData14
                0x000000000800b66c        0xb Drivers/BSP/Components/otm8009a/otm8009a.o
                0x000000000800b66c                lcdRegData14
 *fill*         0x000000000800b677        0x1 
 .rodata.lcdRegData15
                0x000000000800b678       0x10 Drivers/BSP/Components/otm8009a/otm8009a.o
                0x000000000800b678                lcdRegData15
 .rodata.lcdRegData16
                0x000000000800b688       0x10 Drivers/BSP/Components/otm8009a/otm8009a.o
                0x000000000800b688                lcdRegData16
 .rodata.lcdRegData17
                0x000000000800b698        0xb Drivers/BSP/Components/otm8009a/otm8009a.o
                0x000000000800b698                lcdRegData17
 *fill*         0x000000000800b6a3        0x1 
 .rodata.lcdRegData18
                0x000000000800b6a4        0xb Drivers/BSP/Components/otm8009a/otm8009a.o
                0x000000000800b6a4                lcdRegData18
 *fill*         0x000000000800b6af        0x1 
 .rodata.lcdRegData19
                0x000000000800b6b0        0xb Drivers/BSP/Components/otm8009a/otm8009a.o
                0x000000000800b6b0                lcdRegData19
 *fill*         0x000000000800b6bb        0x1 
 .rodata.lcdRegData20
                0x000000000800b6bc       0x10 Drivers/BSP/Components/otm8009a/otm8009a.o
                0x000000000800b6bc                lcdRegData20
 .rodata.lcdRegData21
                0x000000000800b6cc       0x10 Drivers/BSP/Components/otm8009a/otm8009a.o
                0x000000000800b6cc                lcdRegData21
 .rodata.lcdRegData22
                0x000000000800b6dc        0xb Drivers/BSP/Components/otm8009a/otm8009a.o
                0x000000000800b6dc                lcdRegData22
 *fill*         0x000000000800b6e7        0x1 
 .rodata.lcdRegData23
                0x000000000800b6e8       0x10 Drivers/BSP/Components/otm8009a/otm8009a.o
                0x000000000800b6e8                lcdRegData23
 .rodata.lcdRegData24
                0x000000000800b6f8       0x10 Drivers/BSP/Components/otm8009a/otm8009a.o
                0x000000000800b6f8                lcdRegData24
 .rodata.lcdRegData25
                0x000000000800b708        0x4 Drivers/BSP/Components/otm8009a/otm8009a.o
                0x000000000800b708                lcdRegData25
 .rodata.lcdRegData27
                0x000000000800b70c        0x5 Drivers/BSP/Components/otm8009a/otm8009a.o
                0x000000000800b70c                lcdRegData27
 *fill*         0x000000000800b711        0x3 
 .rodata.lcdRegData28
                0x000000000800b714        0x5 Drivers/BSP/Components/otm8009a/otm8009a.o
                0x000000000800b714                lcdRegData28
 *fill*         0x000000000800b719        0x3 
 .rodata.ShortRegData1
                0x000000000800b71c        0x2 Drivers/BSP/Components/otm8009a/otm8009a.o
                0x000000000800b71c                ShortRegData1
 *fill*         0x000000000800b71e        0x2 
 .rodata.ShortRegData2
                0x000000000800b720        0x2 Drivers/BSP/Components/otm8009a/otm8009a.o
                0x000000000800b720                ShortRegData2
 *fill*         0x000000000800b722        0x2 
 .rodata.ShortRegData3
                0x000000000800b724        0x2 Drivers/BSP/Components/otm8009a/otm8009a.o
                0x000000000800b724                ShortRegData3
 *fill*         0x000000000800b726        0x2 
 .rodata.ShortRegData4
                0x000000000800b728        0x2 Drivers/BSP/Components/otm8009a/otm8009a.o
                0x000000000800b728                ShortRegData4
 *fill*         0x000000000800b72a        0x2 
 .rodata.ShortRegData5
                0x000000000800b72c        0x2 Drivers/BSP/Components/otm8009a/otm8009a.o
                0x000000000800b72c                ShortRegData5
 *fill*         0x000000000800b72e        0x2 
 .rodata.ShortRegData6
                0x000000000800b730        0x2 Drivers/BSP/Components/otm8009a/otm8009a.o
                0x000000000800b730                ShortRegData6
 *fill*         0x000000000800b732        0x2 
 .rodata.ShortRegData7
                0x000000000800b734        0x2 Drivers/BSP/Components/otm8009a/otm8009a.o
                0x000000000800b734                ShortRegData7
 *fill*         0x000000000800b736        0x2 
 .rodata.ShortRegData8
                0x000000000800b738        0x2 Drivers/BSP/Components/otm8009a/otm8009a.o
                0x000000000800b738                ShortRegData8
 *fill*         0x000000000800b73a        0x2 
 .rodata.ShortRegData9
                0x000000000800b73c        0x2 Drivers/BSP/Components/otm8009a/otm8009a.o
                0x000000000800b73c                ShortRegData9
 *fill*         0x000000000800b73e        0x2 
 .rodata.ShortRegData10
                0x000000000800b740        0x2 Drivers/BSP/Components/otm8009a/otm8009a.o
                0x000000000800b740                ShortRegData10
 *fill*         0x000000000800b742        0x2 
 .rodata.ShortRegData11
                0x000000000800b744        0x2 Drivers/BSP/Components/otm8009a/otm8009a.o
                0x000000000800b744                ShortRegData11
 *fill*         0x000000000800b746        0x2 
 .rodata.ShortRegData12
                0x000000000800b748        0x2 Drivers/BSP/Components/otm8009a/otm8009a.o
                0x000000000800b748                ShortRegData12
 *fill*         0x000000000800b74a        0x2 
 .rodata.ShortRegData13
                0x000000000800b74c        0x2 Drivers/BSP/Components/otm8009a/otm8009a.o
                0x000000000800b74c                ShortRegData13
 *fill*         0x000000000800b74e        0x2 
 .rodata.ShortRegData14
                0x000000000800b750        0x2 Drivers/BSP/Components/otm8009a/otm8009a.o
                0x000000000800b750                ShortRegData14
 *fill*         0x000000000800b752        0x2 
 .rodata.ShortRegData15
                0x000000000800b754        0x2 Drivers/BSP/Components/otm8009a/otm8009a.o
                0x000000000800b754                ShortRegData15
 *fill*         0x000000000800b756        0x2 
 .rodata.ShortRegData16
                0x000000000800b758        0x2 Drivers/BSP/Components/otm8009a/otm8009a.o
                0x000000000800b758                ShortRegData16
 *fill*         0x000000000800b75a        0x2 
 .rodata.ShortRegData17
                0x000000000800b75c        0x2 Drivers/BSP/Components/otm8009a/otm8009a.o
                0x000000000800b75c                ShortRegData17
 *fill*         0x000000000800b75e        0x2 
 .rodata.ShortRegData18
                0x000000000800b760        0x2 Drivers/BSP/Components/otm8009a/otm8009a.o
                0x000000000800b760                ShortRegData18
 *fill*         0x000000000800b762        0x2 
 .rodata.ShortRegData19
                0x000000000800b764        0x2 Drivers/BSP/Components/otm8009a/otm8009a.o
                0x000000000800b764                ShortRegData19
 *fill*         0x000000000800b766        0x2 
 .rodata.ShortRegData20
                0x000000000800b768        0x2 Drivers/BSP/Components/otm8009a/otm8009a.o
                0x000000000800b768                ShortRegData20
 *fill*         0x000000000800b76a        0x2 
 .rodata.ShortRegData21
                0x000000000800b76c        0x2 Drivers/BSP/Components/otm8009a/otm8009a.o
                0x000000000800b76c                ShortRegData21
 *fill*         0x000000000800b76e        0x2 
 .rodata.ShortRegData22
                0x000000000800b770        0x2 Drivers/BSP/Components/otm8009a/otm8009a.o
                0x000000000800b770                ShortRegData22
 *fill*         0x000000000800b772        0x2 
 .rodata.ShortRegData23
                0x000000000800b774        0x2 Drivers/BSP/Components/otm8009a/otm8009a.o
                0x000000000800b774                ShortRegData23
 *fill*         0x000000000800b776        0x2 
 .rodata.ShortRegData24
                0x000000000800b778        0x2 Drivers/BSP/Components/otm8009a/otm8009a.o
                0x000000000800b778                ShortRegData24
 *fill*         0x000000000800b77a        0x2 
 .rodata.ShortRegData25
                0x000000000800b77c        0x2 Drivers/BSP/Components/otm8009a/otm8009a.o
                0x000000000800b77c                ShortRegData25
 *fill*         0x000000000800b77e        0x2 
 .rodata.ShortRegData26
                0x000000000800b780        0x2 Drivers/BSP/Components/otm8009a/otm8009a.o
                0x000000000800b780                ShortRegData26
 *fill*         0x000000000800b782        0x2 
 .rodata.ShortRegData27
                0x000000000800b784        0x2 Drivers/BSP/Components/otm8009a/otm8009a.o
                0x000000000800b784                ShortRegData27
 *fill*         0x000000000800b786        0x2 
 .rodata.ShortRegData28
                0x000000000800b788        0x2 Drivers/BSP/Components/otm8009a/otm8009a.o
                0x000000000800b788                ShortRegData28
 *fill*         0x000000000800b78a        0x2 
 .rodata.ShortRegData29
                0x000000000800b78c        0x2 Drivers/BSP/Components/otm8009a/otm8009a.o
                0x000000000800b78c                ShortRegData29
 *fill*         0x000000000800b78e        0x2 
 .rodata.ShortRegData30
                0x000000000800b790        0x2 Drivers/BSP/Components/otm8009a/otm8009a.o
                0x000000000800b790                ShortRegData30
 *fill*         0x000000000800b792        0x2 
 .rodata.ShortRegData31
                0x000000000800b794        0x2 Drivers/BSP/Components/otm8009a/otm8009a.o
                0x000000000800b794                ShortRegData31
 *fill*         0x000000000800b796        0x2 
 .rodata.ShortRegData32
                0x000000000800b798        0x2 Drivers/BSP/Components/otm8009a/otm8009a.o
                0x000000000800b798                ShortRegData32
 *fill*         0x000000000800b79a        0x2 
 .rodata.ShortRegData33
                0x000000000800b79c        0x2 Drivers/BSP/Components/otm8009a/otm8009a.o
                0x000000000800b79c                ShortRegData33
 *fill*         0x000000000800b79e        0x2 
 .rodata.ShortRegData34
                0x000000000800b7a0        0x2 Drivers/BSP/Components/otm8009a/otm8009a.o
                0x000000000800b7a0                ShortRegData34
 *fill*         0x000000000800b7a2        0x2 
 .rodata.ShortRegData35
                0x000000000800b7a4        0x2 Drivers/BSP/Components/otm8009a/otm8009a.o
                0x000000000800b7a4                ShortRegData35
 *fill*         0x000000000800b7a6        0x2 
 .rodata.ShortRegData36
                0x000000000800b7a8        0x2 Drivers/BSP/Components/otm8009a/otm8009a.o
                0x000000000800b7a8                ShortRegData36
 *fill*         0x000000000800b7aa        0x2 
 .rodata.ShortRegData37
                0x000000000800b7ac        0x2 Drivers/BSP/Components/otm8009a/otm8009a.o
                0x000000000800b7ac                ShortRegData37
 *fill*         0x000000000800b7ae        0x2 
 .rodata.ShortRegData38
                0x000000000800b7b0        0x2 Drivers/BSP/Components/otm8009a/otm8009a.o
                0x000000000800b7b0                ShortRegData38
 *fill*         0x000000000800b7b2        0x2 
 .rodata.ShortRegData39
                0x000000000800b7b4        0x2 Drivers/BSP/Components/otm8009a/otm8009a.o
                0x000000000800b7b4                ShortRegData39
 *fill*         0x000000000800b7b6        0x2 
 .rodata.ShortRegData40
                0x000000000800b7b8        0x2 Drivers/BSP/Components/otm8009a/otm8009a.o
                0x000000000800b7b8                ShortRegData40
 *fill*         0x000000000800b7ba        0x2 
 .rodata.ShortRegData41
                0x000000000800b7bc        0x2 Drivers/BSP/Components/otm8009a/otm8009a.o
                0x000000000800b7bc                ShortRegData41
 *fill*         0x000000000800b7be        0x2 
 .rodata.ShortRegData42
                0x000000000800b7c0        0x2 Drivers/BSP/Components/otm8009a/otm8009a.o
                0x000000000800b7c0                ShortRegData42
 *fill*         0x000000000800b7c2        0x2 
 .rodata.ShortRegData43
                0x000000000800b7c4        0x2 Drivers/BSP/Components/otm8009a/otm8009a.o
                0x000000000800b7c4                ShortRegData43
 *fill*         0x000000000800b7c6        0x2 
 .rodata.ShortRegData44
                0x000000000800b7c8        0x2 Drivers/BSP/Components/otm8009a/otm8009a.o
                0x000000000800b7c8                ShortRegData44
 *fill*         0x000000000800b7ca        0x2 
 .rodata.ShortRegData45
                0x000000000800b7cc        0x2 Drivers/BSP/Components/otm8009a/otm8009a.o
                0x000000000800b7cc                ShortRegData45
 *fill*         0x000000000800b7ce        0x2 
 .rodata.ShortRegData46
                0x000000000800b7d0        0x2 Drivers/BSP/Components/otm8009a/otm8009a.o
                0x000000000800b7d0                ShortRegData46
 *fill*         0x000000000800b7d2        0x2 
 .rodata.ShortRegData47
                0x000000000800b7d4        0x2 Drivers/BSP/Components/otm8009a/otm8009a.o
                0x000000000800b7d4                ShortRegData47
 *fill*         0x000000000800b7d6        0x2 
 .rodata.ShortRegData48
                0x000000000800b7d8        0x2 Drivers/BSP/Components/otm8009a/otm8009a.o
                0x000000000800b7d8                ShortRegData48
 *fill*         0x000000000800b7da        0x2 
 .rodata.ShortRegData49
                0x000000000800b7dc        0x2 Drivers/BSP/Components/otm8009a/otm8009a.o
                0x000000000800b7dc                ShortRegData49
 *fill*         0x000000000800b7de        0x2 
 .rodata.ShortRegData50
                0x000000000800b7e0        0x2 Drivers/BSP/Components/otm8009a/otm8009a.o
                0x000000000800b7e0                ShortRegData50
 *fill*         0x000000000800b7e2        0x2 
 .rodata.ShortRegData51
                0x000000000800b7e4        0x2 Drivers/BSP/Components/otm8009a/otm8009a.o
                0x000000000800b7e4                ShortRegData51
 *fill*         0x000000000800b7e6        0x2 
 .rodata.Font24_Table
                0x000000000800b7e8     0x1ab8 Drivers/BSP/STM32F769I-Discovery/stm32f769i_discovery_lcd.o
                0x000000000800b7e8                Font24_Table
 .rodata.flagBitshiftOffset.9903
                0x000000000800d2a0        0x8 Drivers/STM32F7xx_HAL_Driver/Src/stm32f7xx_hal_dma.o
 .rodata.AHBPrescTable
                0x000000000800d2a8       0x10 Src/system_stm32f7xx.o
                0x000000000800d2a8                AHBPrescTable
 .rodata.APBPrescTable
                0x000000000800d2b8        0x8 Src/system_stm32f7xx.o
                0x000000000800d2b8                APBPrescTable
                0x000000000800d2c0                . = ALIGN (0x4)

.ARM.extab      0x000000000800d2c0        0x0
                0x000000000800d2c0                . = ALIGN (0x4)
 *(.ARM.extab* .gnu.linkonce.armextab.*)
                0x000000000800d2c0                . = ALIGN (0x4)

.ARM            0x000000000800d2c0        0x8
                0x000000000800d2c0                . = ALIGN (0x4)
                0x000000000800d2c0                __exidx_start = .
 *(.ARM.exidx*)
 .ARM.exidx     0x000000000800d2c0        0x8 c:/st/stm32cubeide_1.0.0/stm32cubeide/plugins/com.st.stm32cube.ide.mcu.externaltools.gnu-tools-for-stm32.7-2018-q2-update.win32_1.0.0.201904181610/tools/bin/../lib/gcc/arm-none-eabi/7.3.1/thumb/v7e-m/fpv5/hard\libgcc.a(_udivmoddi4.o)
                0x000000000800d2c8                __exidx_end = .
                0x000000000800d2c8                . = ALIGN (0x4)

.rel.dyn        0x000000000800d2c8        0x0
 .rel.iplt      0x000000000800d2c8        0x0 c:/st/stm32cubeide_1.0.0/stm32cubeide/plugins/com.st.stm32cube.ide.mcu.externaltools.gnu-tools-for-stm32.7-2018-q2-update.win32_1.0.0.201904181610/tools/bin/../lib/gcc/arm-none-eabi/7.3.1/thumb/v7e-m/fpv5/hard/crtbegin.o

.preinit_array  0x000000000800d2c8        0x0
                0x000000000800d2c8                . = ALIGN (0x4)
                0x000000000800d2c8                PROVIDE (__preinit_array_start = .)
 *(.preinit_array*)
                0x000000000800d2c8                PROVIDE (__preinit_array_end = .)
                0x000000000800d2c8                . = ALIGN (0x4)

.init_array     0x000000000800d2c8        0x4
                0x000000000800d2c8                . = ALIGN (0x4)
                0x000000000800d2c8                PROVIDE (__init_array_start = .)
 *(SORT_BY_NAME(.init_array.*))
 *(.init_array*)
 .init_array    0x000000000800d2c8        0x4 c:/st/stm32cubeide_1.0.0/stm32cubeide/plugins/com.st.stm32cube.ide.mcu.externaltools.gnu-tools-for-stm32.7-2018-q2-update.win32_1.0.0.201904181610/tools/bin/../lib/gcc/arm-none-eabi/7.3.1/thumb/v7e-m/fpv5/hard/crtbegin.o
                0x000000000800d2cc                PROVIDE (__init_array_end = .)
                0x000000000800d2cc                . = ALIGN (0x4)

.fini_array     0x000000000800d2cc        0x4
                0x000000000800d2cc                . = ALIGN (0x4)
                [!provide]                        PROVIDE (__fini_array_start = .)
 *(SORT_BY_NAME(.fini_array.*))
 *(.fini_array*)
 .fini_array    0x000000000800d2cc        0x4 c:/st/stm32cubeide_1.0.0/stm32cubeide/plugins/com.st.stm32cube.ide.mcu.externaltools.gnu-tools-for-stm32.7-2018-q2-update.win32_1.0.0.201904181610/tools/bin/../lib/gcc/arm-none-eabi/7.3.1/thumb/v7e-m/fpv5/hard/crtbegin.o
                [!provide]                        PROVIDE (__fini_array_end = .)
                0x000000000800d2d0                . = ALIGN (0x4)
                0x000000000800d2d0                _sidata = LOADADDR (.data)

.data           0x0000000020000000     0x4074 load address 0x000000000800d2d0
                0x0000000020000000                . = ALIGN (0x4)
                0x0000000020000000                _sdata = .
 *(.data)
 *(.data*)
 .data.GPIO_PIN
                0x0000000020000000        0x8 Drivers/BSP/STM32F769I-Discovery/stm32f769i_discovery.o
                0x0000000020000000                GPIO_PIN
 .data.GPIO_PORT
                0x0000000020000008        0x8 Drivers/BSP/STM32F769I-Discovery/stm32f769i_discovery.o
                0x0000000020000008                GPIO_PORT
 .data.Font24   0x0000000020000010        0x8 Drivers/BSP/STM32F769I-Discovery/stm32f769i_discovery_lcd.o
                0x0000000020000010                Font24
 .data.lcd_x_size
                0x0000000020000018        0x4 Drivers/BSP/STM32F769I-Discovery/stm32f769i_discovery_lcd.o
                0x0000000020000018                lcd_x_size
 .data.lcd_y_size
                0x000000002000001c        0x4 Drivers/BSP/STM32F769I-Discovery/stm32f769i_discovery_lcd.o
                0x000000002000001c                lcd_y_size
 .data.sdramstatus.9819
                0x0000000020000020        0x1 Drivers/BSP/STM32F769I-Discovery/stm32f769i_discovery_sdram.o
 .data.uwTickFreq
                0x0000000020000021        0x1 Drivers/STM32F7xx_HAL_Driver/Src/stm32f7xx_hal.o
                0x0000000020000021                uwTickFreq
 *fill*         0x0000000020000022        0x2 
 .data.uxCriticalNesting
                0x0000000020000024        0x4 Middlewares/Third_Party/FreeRTOS/Source/portable/GCC/ARM_CM7/r0p1/port.o
 .data.invader_a1
                0x0000000020000028      0x622 Src/main.o
                0x0000000020000028                invader_a1
 *fill*         0x000000002000064a        0x2 
 .data.invader_a2
                0x000000002000064c      0x622 Src/main.o
                0x000000002000064c                invader_a2
 *fill*         0x0000000020000c6e        0x2 
 .data.invader_b1
                0x0000000020000c70      0x622 Src/main.o
                0x0000000020000c70                invader_b1
 *fill*         0x0000000020001292        0x2 
 .data.invader_b2
                0x0000000020001294      0x622 Src/main.o
                0x0000000020001294                invader_b2
 *fill*         0x00000000200018b6        0x2 
 .data.invader_c1
                0x00000000200018b8      0x622 Src/main.o
                0x00000000200018b8                invader_c1
 *fill*         0x0000000020001eda        0x2 
 .data.invader_c2
                0x0000000020001edc      0x622 Src/main.o
                0x0000000020001edc                invader_c2
 *fill*         0x00000000200024fe        0x2 
 .data.invader_dstroy
                0x0000000020002500      0x622 Src/main.o
                0x0000000020002500                invader_dstroy
 *fill*         0x0000000020002b22        0x2 
 .data.cannon_master
                0x0000000020002b24      0x47e Src/main.o
                0x0000000020002b24                cannon_master
 *fill*         0x0000000020002fa2        0x2 
 .data.cannon_slave
                0x0000000020002fa4      0x47e Src/main.o
                0x0000000020002fa4                cannon_slave
 *fill*         0x0000000020003422        0x2 
 .data.laser_master_end
                0x0000000020003424      0x622 Src/main.o
                0x0000000020003424                laser_master_end
 *fill*         0x0000000020003a46        0x2 
 .data.laser_slave_end
                0x0000000020003a48      0x622 Src/main.o
                0x0000000020003a48                laser_slave_end
 .data.flag_endgame
                0x000000002000406a        0x1 Src/main.o
                0x000000002000406a                flag_endgame
 *fill*         0x000000002000406b        0x1 
 .data.x_master
                0x000000002000406c        0x2 Src/main.o
                0x000000002000406c                x_master
 .data.y_master
                0x000000002000406e        0x2 Src/main.o
                0x000000002000406e                y_master
 .data.SystemCoreClock
                0x0000000020004070        0x4 Src/system_stm32f7xx.o
                0x0000000020004070                SystemCoreClock
                0x0000000020004074                . = ALIGN (0x4)
                0x0000000020004074                _edata = .

.igot.plt       0x0000000020004074        0x0 load address 0x0000000008011344
 .igot.plt      0x0000000020004074        0x0 c:/st/stm32cubeide_1.0.0/stm32cubeide/plugins/com.st.stm32cube.ide.mcu.externaltools.gnu-tools-for-stm32.7-2018-q2-update.win32_1.0.0.201904181610/tools/bin/../lib/gcc/arm-none-eabi/7.3.1/thumb/v7e-m/fpv5/hard/crtbegin.o
                0x0000000020004074                . = ALIGN (0x4)

.bss            0x0000000020004074     0x46f4 load address 0x0000000008011344
                0x0000000020004074                _sbss = .
                0x0000000020004074                __bss_start__ = _sbss
 *(.bss)
 .bss           0x0000000020004074       0x1c c:/st/stm32cubeide_1.0.0/stm32cubeide/plugins/com.st.stm32cube.ide.mcu.externaltools.gnu-tools-for-stm32.7-2018-q2-update.win32_1.0.0.201904181610/tools/bin/../lib/gcc/arm-none-eabi/7.3.1/thumb/v7e-m/fpv5/hard/crtbegin.o
 *(.bss*)
 .bss.hdsivideo_handle
                0x0000000020004090       0x6c Drivers/BSP/STM32F769I-Discovery/stm32f769i_discovery_lcd.o
 .bss.ActiveLayer
                0x00000000200040fc        0x4 Drivers/BSP/STM32F769I-Discovery/stm32f769i_discovery_lcd.o
 .bss.DrawProp  0x0000000020004100       0x18 Drivers/BSP/STM32F769I-Discovery/stm32f769i_discovery_lcd.o
 .bss.PeriphClkInitStruct.10575
                0x0000000020004118       0x90 Drivers/BSP/STM32F769I-Discovery/stm32f769i_discovery_lcd.o
 .bss.Timing    0x00000000200041a8       0x1c Drivers/BSP/STM32F769I-Discovery/stm32f769i_discovery_sdram.o
 .bss.Command   0x00000000200041c4       0x10 Drivers/BSP/STM32F769I-Discovery/stm32f769i_discovery_sdram.o
 .bss.dma_handle.9855
                0x00000000200041d4       0x60 Drivers/BSP/STM32F769I-Discovery/stm32f769i_discovery_sdram.o
 .bss.pxCurrentTCB
                0x0000000020004234        0x4 Middlewares/Third_Party/FreeRTOS/Source/tasks.o
                0x0000000020004234                pxCurrentTCB
 .bss.pxReadyTasksLists
                0x0000000020004238       0x8c Middlewares/Third_Party/FreeRTOS/Source/tasks.o
 .bss.xDelayedTaskList1
                0x00000000200042c4       0x14 Middlewares/Third_Party/FreeRTOS/Source/tasks.o
 .bss.xDelayedTaskList2
                0x00000000200042d8       0x14 Middlewares/Third_Party/FreeRTOS/Source/tasks.o
 .bss.pxDelayedTaskList
                0x00000000200042ec        0x4 Middlewares/Third_Party/FreeRTOS/Source/tasks.o
 .bss.pxOverflowDelayedTaskList
                0x00000000200042f0        0x4 Middlewares/Third_Party/FreeRTOS/Source/tasks.o
 .bss.xPendingReadyList
                0x00000000200042f4       0x14 Middlewares/Third_Party/FreeRTOS/Source/tasks.o
 .bss.xTasksWaitingTermination
                0x0000000020004308       0x14 Middlewares/Third_Party/FreeRTOS/Source/tasks.o
 .bss.uxDeletedTasksWaitingCleanUp
                0x000000002000431c        0x4 Middlewares/Third_Party/FreeRTOS/Source/tasks.o
 .bss.xSuspendedTaskList
                0x0000000020004320       0x14 Middlewares/Third_Party/FreeRTOS/Source/tasks.o
 .bss.uxCurrentNumberOfTasks
                0x0000000020004334        0x4 Middlewares/Third_Party/FreeRTOS/Source/tasks.o
 .bss.xTickCount
                0x0000000020004338        0x4 Middlewares/Third_Party/FreeRTOS/Source/tasks.o
 .bss.uxTopReadyPriority
                0x000000002000433c        0x4 Middlewares/Third_Party/FreeRTOS/Source/tasks.o
 .bss.xSchedulerRunning
                0x0000000020004340        0x4 Middlewares/Third_Party/FreeRTOS/Source/tasks.o
 .bss.uxPendedTicks
                0x0000000020004344        0x4 Middlewares/Third_Party/FreeRTOS/Source/tasks.o
 .bss.xYieldPending
                0x0000000020004348        0x4 Middlewares/Third_Party/FreeRTOS/Source/tasks.o
 .bss.xNumOfOverflows
                0x000000002000434c        0x4 Middlewares/Third_Party/FreeRTOS/Source/tasks.o
 .bss.uxTaskNumber
                0x0000000020004350        0x4 Middlewares/Third_Party/FreeRTOS/Source/tasks.o
 .bss.xNextTaskUnblockTime
                0x0000000020004354        0x4 Middlewares/Third_Party/FreeRTOS/Source/tasks.o
 .bss.xIdleTaskHandle
                0x0000000020004358        0x4 Middlewares/Third_Party/FreeRTOS/Source/tasks.o
 .bss.uxSchedulerSuspended
                0x000000002000435c        0x4 Middlewares/Third_Party/FreeRTOS/Source/tasks.o
 .bss.ucMaxSysCallPriority
                0x0000000020004360        0x1 Middlewares/Third_Party/FreeRTOS/Source/portable/GCC/ARM_CM7/r0p1/port.o
 *fill*         0x0000000020004361        0x3 
 .bss.ulMaxPRIGROUPValue
                0x0000000020004364        0x4 Middlewares/Third_Party/FreeRTOS/Source/portable/GCC/ARM_CM7/r0p1/port.o
 .bss.ucHeap    0x0000000020004368     0x3c00 Middlewares/Third_Party/FreeRTOS/Source/portable/MemMang/heap_4.o
 .bss.xStart    0x0000000020007f68        0x8 Middlewares/Third_Party/FreeRTOS/Source/portable/MemMang/heap_4.o
 .bss.pxEnd     0x0000000020007f70        0x4 Middlewares/Third_Party/FreeRTOS/Source/portable/MemMang/heap_4.o
 .bss.xFreeBytesRemaining
                0x0000000020007f74        0x4 Middlewares/Third_Party/FreeRTOS/Source/portable/MemMang/heap_4.o
 .bss.xMinimumEverFreeBytesRemaining
                0x0000000020007f78        0x4 Middlewares/Third_Party/FreeRTOS/Source/portable/MemMang/heap_4.o
 .bss.xBlockAllocatedBit
                0x0000000020007f7c        0x4 Middlewares/Third_Party/FreeRTOS/Source/portable/MemMang/heap_4.o
 .bss.flag_tx_DMA
                0x0000000020007f80        0x1 Src/main.o
                0x0000000020007f80                flag_tx_DMA
 .bss.flag_half_tx_DMA
                0x0000000020007f81        0x1 Src/main.o
                0x0000000020007f81                flag_half_tx_DMA
 .bss.flag_rx_DMA
                0x0000000020007f82        0x1 Src/main.o
                0x0000000020007f82                flag_rx_DMA
 .bss.flag_half_rx_DMA
                0x0000000020007f83        0x1 Src/main.o
                0x0000000020007f83                flag_half_rx_DMA
 .bss.FMC_Initialized
                0x0000000020007f84        0x4 Src/stm32f7xx_hal_msp.o
 *(COMMON)
 COMMON         0x0000000020007f88      0x11c Drivers/BSP/STM32F769I-Discovery/stm32f769i_discovery_lcd.o
                0x0000000020007f88                hdma2d_discovery
                0x0000000020007fe0                hltdc_discovery
                0x0000000020008088                hdsi_discovery
 COMMON         0x00000000200080a4       0x34 Drivers/BSP/STM32F769I-Discovery/stm32f769i_discovery_sdram.o
                0x00000000200080a4                sdramHandle
 COMMON         0x00000000200080d8        0x4 Drivers/STM32F7xx_HAL_Driver/Src/stm32f7xx_hal.o
                0x00000000200080d8                uwTick
 COMMON         0x00000000200080dc      0x64c Src/main.o
                0x00000000200080dc                invader
                0x0000000020008228                hdma_usart6_rx
                0x0000000020008288                x
                0x00000000200082ec                hspi2
                0x0000000020008350                data2send
                0x0000000020008418                IdleTaskHandle
                0x000000002000841c                data2receive
                0x0000000020008420                hdsi
                0x000000002000843c                hltdc
                0x00000000200084e4                xQueue_joy_slave
                0x00000000200084e8                hdma_usart6_tx
                0x0000000020008548                xQueue_invaders
                0x000000002000854c                y_laser
                0x000000002000854e                x_laser
                0x0000000020008550                xQueue_joy_master
                0x0000000020008554                y
                0x00000000200085b8                huart6
                0x0000000020008638                hdma2d
                0x0000000020008690                a
                0x00000000200086f4                hsdram1
 COMMON         0x0000000020008728       0x40 Src/stm32f7xx_hal_timebase_tim.o
                0x0000000020008728                htim7
                0x0000000020008768                . = ALIGN (0x4)
                0x0000000020008768                _ebss = .
                0x0000000020008768                __bss_end__ = _ebss

._user_heap_stack
                0x0000000020008768      0x600 load address 0x0000000008011344
                0x0000000020008768                . = ALIGN (0x8)
                0x0000000020008768                PROVIDE (end = .)