core_cm7.h:2229:22:SCB_EnableICache	4	static,ignoring_inline_asm
core_cm7.h:2281:22:SCB_EnableDCache	24	static,ignoring_inline_asm
main.c:151:5:main	48	static
main.c:266:6:SystemClock_Config	232	static
main.c:328:13:MX_ADC1_Init	56	static
main.c:394:13:MX_DMA2D_Init	8	static
main.c:433:13:MX_DSIHOST_DSI_Init	176	static
main.c:542:13:MX_LTDC_Init	112	static
main.c:624:13:MX_USART6_UART_Init	8	static
main.c:659:13:MX_DMA_Init	16	static
main.c:677:13:MX_FMC_Init	40	static
main.c:728:13:MX_GPIO_Init	72	static
main.c:757:13:LCD_Config	16	static
main.c:769:6:get_x_joystick_ADC	40	static
main.c:787:6:get_button_joystick_PIN	32	static
main.c:814:6:send_master_UART	32	static
main.c:866:6:receive_master_UART	40	static
main.c:907:6:DMA1_Stream6_IRQHandler	8	static
main.c:912:6:HAL_UART_TxCpltCallback	16	static
main.c:919:6:HAL_UART_TxHalfCpltCallback	16	static
main.c:949:6:StartIdleTask	16	static
main.c:969:6:HAL_TIM_PeriodElapsedCallback	16	static
main.c:986:6:Error_Handler	8	static
