stm32f7xx_hal_msp.c:69:6:HAL_MspInit	16	static
stm32f7xx_hal_msp.c:93:6:HAL_ADC_MspInit	48	static
stm32f7xx_hal_msp.c:146:6:HAL_ADC_MspDeInit	16	static
stm32f7xx_hal_msp.c:177:6:HAL_DMA2D_MspInit	24	static
stm32f7xx_hal_msp.c:199:6:HAL_DMA2D_MspDeInit	16	static
stm32f7xx_hal_msp.c:221:6:HAL_DSI_MspInit	48	static
stm32f7xx_hal_msp.c:256:6:HAL_DSI_MspDeInit	16	static
stm32f7xx_hal_msp.c:284:6:HAL_LTDC_MspInit	24	static
stm32f7xx_hal_msp.c:306:6:HAL_LTDC_MspDeInit	16	static
stm32f7xx_hal_msp.c:328:6:HAL_UART_MspInit	48	static
stm32f7xx_hal_msp.c:404:6:HAL_UART_MspDeInit	16	static
stm32f7xx_hal_msp.c:435:13:HAL_FMC_MspInit	32	static
stm32f7xx_hal_msp.c:570:6:HAL_SDRAM_MspInit	16	static
stm32f7xx_hal_msp.c:582:13:HAL_FMC_MspDeInit	8	static
stm32f7xx_hal_msp.c:681:6:HAL_SDRAM_MspDeInit	16	static
